[2020-07-08T00:32:08.689-0200][gc,heap] Heap region size: 1M
[2020-07-08T00:32:08.699-0200][gc     ] Using G1
[2020-07-08T00:32:08.699-0200][gc,heap,coops] Heap address: 0x0000000780000000, size: 1024 MB, Compressed Oops mode: Zero based, Oop shift amount: 3
[2020-07-08T00:32:09.676-0200][gc,start     ] GC(0) Pause Young (G1 Evacuation Pause)
[2020-07-08T00:32:09.676-0200][gc,task      ] GC(0) Using 8 workers of 8 for evacuation
[2020-07-08T00:32:09.687-0200][gc,phases    ] GC(0)   Pre Evacuate Collection Set: 0.0ms
[2020-07-08T00:32:09.687-0200][gc,phases    ] GC(0)   Evacuate Collection Set: 6.6ms
[2020-07-08T00:32:09.687-0200][gc,phases    ] GC(0)   Post Evacuate Collection Set: 3.9ms
[2020-07-08T00:32:09.687-0200][gc,phases    ] GC(0)   Other: 0.2ms
[2020-07-08T00:32:09.687-0200][gc,heap      ] GC(0) Eden regions: 51->0(44)
[2020-07-08T00:32:09.687-0200][gc,heap      ] GC(0) Survivor regions: 0->7(7)
[2020-07-08T00:32:09.687-0200][gc,heap      ] GC(0) Old regions: 0->4
[2020-07-08T00:32:09.687-0200][gc,heap      ] GC(0) Humongous regions: 1->1
[2020-07-08T00:32:09.687-0200][gc,metaspace ] GC(0) Metaspace: 19108K->19108K(1067008K)
[2020-07-08T00:32:09.687-0200][gc           ] GC(0) Pause Young (G1 Evacuation Pause) 52M->11M(1024M) 10.848ms
[2020-07-08T00:32:09.687-0200][gc,cpu       ] GC(0) User=0.05s Sys=0.01s Real=0.01s
[2020-07-08T00:32:09.958-0200][gc,start     ] GC(1) Pause Initial Mark (Metadata GC Threshold)
[2020-07-08T00:32:09.958-0200][gc,task      ] GC(1) Using 8 workers of 8 for evacuation
[2020-07-08T00:32:09.964-0200][gc,phases    ] GC(1)   Pre Evacuate Collection Set: 0.0ms
[2020-07-08T00:32:09.964-0200][gc,phases    ] GC(1)   Evacuate Collection Set: 4.7ms
[2020-07-08T00:32:09.964-0200][gc,phases    ] GC(1)   Post Evacuate Collection Set: 0.6ms
[2020-07-08T00:32:09.964-0200][gc,phases    ] GC(1)   Other: 0.2ms
[2020-07-08T00:32:09.964-0200][gc,heap      ] GC(1) Eden regions: 9->0(49)
[2020-07-08T00:32:09.964-0200][gc,heap      ] GC(1) Survivor regions: 7->2(7)
[2020-07-08T00:32:09.964-0200][gc,heap      ] GC(1) Old regions: 4->10
[2020-07-08T00:32:09.964-0200][gc,heap      ] GC(1) Humongous regions: 1->1
[2020-07-08T00:32:09.964-0200][gc,metaspace ] GC(1) Metaspace: 20621K->20621K(1069056K)
[2020-07-08T00:32:09.964-0200][gc           ] GC(1) Pause Initial Mark (Metadata GC Threshold) 20M->12M(1024M) 5.683ms
[2020-07-08T00:32:09.964-0200][gc,cpu       ] GC(1) User=0.02s Sys=0.00s Real=0.01s
[2020-07-08T00:32:09.964-0200][gc           ] GC(2) Concurrent Cycle
[2020-07-08T00:32:09.964-0200][gc,marking   ] GC(2) Concurrent Clear Claimed Marks
[2020-07-08T00:32:09.964-0200][gc,marking   ] GC(2) Concurrent Clear Claimed Marks 0.036ms
[2020-07-08T00:32:09.964-0200][gc,marking   ] GC(2) Concurrent Scan Root Regions
[2020-07-08T00:32:09.965-0200][gc,marking   ] GC(2) Concurrent Scan Root Regions 0.847ms
[2020-07-08T00:32:09.965-0200][gc,marking   ] GC(2) Concurrent Mark (1.291s)
[2020-07-08T00:32:09.965-0200][gc,marking   ] GC(2) Concurrent Mark From Roots
[2020-07-08T00:32:09.965-0200][gc,task      ] GC(2) Using 2 workers of 2 for marking
[2020-07-08T00:32:09.969-0200][gc,marking   ] GC(2) Concurrent Mark From Roots 4.425ms
[2020-07-08T00:32:09.970-0200][gc,marking   ] GC(2) Concurrent Mark (1.291s, 1.295s) 4.500ms
[2020-07-08T00:32:09.970-0200][gc,start     ] GC(2) Pause Remark
[2020-07-08T00:32:09.971-0200][gc,stringtable] GC(2) Cleaned string and symbol table, strings: 8778 processed, 0 removed, symbols: 69649 processed, 40 removed
[2020-07-08T00:32:09.971-0200][gc            ] GC(2) Pause Remark 13M->13M(1024M) 1.757ms
[2020-07-08T00:32:09.971-0200][gc,cpu        ] GC(2) User=0.01s Sys=0.00s Real=0.00s
[2020-07-08T00:32:09.971-0200][gc,marking    ] GC(2) Concurrent Create Live Data
[2020-07-08T00:32:09.972-0200][gc,marking    ] GC(2) Concurrent Create Live Data 0.934ms
[2020-07-08T00:32:09.973-0200][gc,start      ] GC(2) Pause Cleanup
[2020-07-08T00:32:09.973-0200][gc            ] GC(2) Pause Cleanup 13M->10M(1024M) 0.517ms
[2020-07-08T00:32:09.973-0200][gc,cpu        ] GC(2) User=0.00s Sys=0.00s Real=0.00s
[2020-07-08T00:32:09.973-0200][gc,marking    ] GC(2) Concurrent Complete Cleanup
[2020-07-08T00:32:09.973-0200][gc,marking    ] GC(2) Concurrent Complete Cleanup 0.029ms
[2020-07-08T00:32:09.973-0200][gc,marking    ] GC(2) Concurrent Cleanup for Next Mark
[2020-07-08T00:32:09.979-0200][gc,marking    ] GC(2) Concurrent Cleanup for Next Mark 5.769ms
[2020-07-08T00:32:09.979-0200][gc            ] GC(2) Concurrent Cycle 14.976ms
[2020-07-08T00:32:10.545-0200][gc,start      ] GC(3) Pause Young (G1 Evacuation Pause)
[2020-07-08T00:32:10.545-0200][gc,task       ] GC(3) Using 8 workers of 8 for evacuation
[2020-07-08T00:32:10.549-0200][gc,phases     ] GC(3)   Pre Evacuate Collection Set: 0.0ms
[2020-07-08T00:32:10.549-0200][gc,phases     ] GC(3)   Evacuate Collection Set: 2.4ms
[2020-07-08T00:32:10.549-0200][gc,phases     ] GC(3)   Post Evacuate Collection Set: 1.8ms
[2020-07-08T00:32:10.549-0200][gc,phases     ] GC(3)   Other: 0.2ms
[2020-07-08T00:32:10.549-0200][gc,heap       ] GC(3) Eden regions: 49->0(44)
[2020-07-08T00:32:10.549-0200][gc,heap       ] GC(3) Survivor regions: 2->7(7)
[2020-07-08T00:32:10.549-0200][gc,heap       ] GC(3) Old regions: 7->8
[2020-07-08T00:32:10.549-0200][gc,heap       ] GC(3) Humongous regions: 130->130
[2020-07-08T00:32:10.549-0200][gc,metaspace  ] GC(3) Metaspace: 27458K->27458K(1073152K)
[2020-07-08T00:32:10.549-0200][gc            ] GC(3) Pause Young (G1 Evacuation Pause) 187M->144M(1024M) 4.485ms
[2020-07-08T00:32:10.549-0200][gc,cpu        ] GC(3) User=0.02s Sys=0.01s Real=0.00s
[2020-07-08T00:32:40.276-0200][gc,start      ] GC(4) Pause Young (G1 Evacuation Pause)
[2020-07-08T00:32:40.276-0200][gc,task       ] GC(4) Using 8 workers of 8 for evacuation
[2020-07-08T00:32:40.282-0200][gc,phases     ] GC(4)   Pre Evacuate Collection Set: 0.0ms
[2020-07-08T00:32:40.282-0200][gc,phases     ] GC(4)   Evacuate Collection Set: 4.2ms
[2020-07-08T00:32:40.282-0200][gc,phases     ] GC(4)   Post Evacuate Collection Set: 1.6ms
[2020-07-08T00:32:40.282-0200][gc,phases     ] GC(4)   Other: 0.3ms
[2020-07-08T00:32:40.282-0200][gc,heap       ] GC(4) Eden regions: 44->0(45)
[2020-07-08T00:32:40.282-0200][gc,heap       ] GC(4) Survivor regions: 7->6(7)
[2020-07-08T00:32:40.282-0200][gc,heap       ] GC(4) Old regions: 8->11
[2020-07-08T00:32:40.282-0200][gc,heap       ] GC(4) Humongous regions: 130->130
[2020-07-08T00:32:40.282-0200][gc,metaspace  ] GC(4) Metaspace: 32391K->32391K(1079296K)
[2020-07-08T00:32:40.282-0200][gc            ] GC(4) Pause Young (G1 Evacuation Pause) 188M->145M(1024M) 6.219ms
[2020-07-08T00:32:40.282-0200][gc,cpu        ] GC(4) User=0.03s Sys=0.00s Real=0.01s
[2020-07-08T09:25:46.282-0200][gc,start      ] GC(5) Pause Young (G1 Evacuation Pause)
[2020-07-08T09:25:46.283-0200][gc,task       ] GC(5) Using 8 workers of 8 for evacuation
[2020-07-08T09:25:46.300-0200][gc,phases     ] GC(5)   Pre Evacuate Collection Set: 1.8ms
[2020-07-08T09:25:46.300-0200][gc,phases     ] GC(5)   Evacuate Collection Set: 13.5ms
[2020-07-08T09:25:46.300-0200][gc,phases     ] GC(5)   Post Evacuate Collection Set: 0.8ms
[2020-07-08T09:25:46.300-0200][gc,phases     ] GC(5)   Other: 2.7ms
[2020-07-08T09:25:46.300-0200][gc,heap       ] GC(5) Eden regions: 45->0(50)
[2020-07-08T09:25:46.300-0200][gc,heap       ] GC(5) Survivor regions: 6->1(7)
[2020-07-08T09:25:46.300-0200][gc,heap       ] GC(5) Old regions: 11->12
[2020-07-08T09:25:46.300-0200][gc,heap       ] GC(5) Humongous regions: 130->130
[2020-07-08T09:25:46.300-0200][gc,metaspace  ] GC(5) Metaspace: 32906K->32906K(1079296K)
[2020-07-08T09:25:46.300-0200][gc            ] GC(5) Pause Young (G1 Evacuation Pause) 190M->142M(1024M) 18.768ms
[2020-07-08T09:25:46.300-0200][gc,cpu        ] GC(5) User=0.04s Sys=0.03s Real=0.02s
[2020-07-08T09:42:12.463-0200][gc,start      ] GC(6) Pause Young (G1 Evacuation Pause)
[2020-07-08T09:42:12.469-0200][gc,task       ] GC(6) Using 8 workers of 8 for evacuation
[2020-07-08T09:42:12.471-0200][gc,phases     ] GC(6)   Pre Evacuate Collection Set: 0.0ms
[2020-07-08T09:42:12.471-0200][gc,phases     ] GC(6)   Evacuate Collection Set: 1.3ms
[2020-07-08T09:42:12.471-0200][gc,phases     ] GC(6)   Post Evacuate Collection Set: 0.3ms
[2020-07-08T09:42:12.471-0200][gc,phases     ] GC(6)   Other: 5.7ms
[2020-07-08T09:42:12.471-0200][gc,heap       ] GC(6) Eden regions: 50->0(50)
[2020-07-08T09:42:12.471-0200][gc,heap       ] GC(6) Survivor regions: 1->1(7)
[2020-07-08T09:42:12.471-0200][gc,heap       ] GC(6) Old regions: 12->12
[2020-07-08T09:42:12.471-0200][gc,heap       ] GC(6) Humongous regions: 130->130
[2020-07-08T09:42:12.471-0200][gc,metaspace  ] GC(6) Metaspace: 33005K->33005K(1079296K)
[2020-07-08T09:42:12.471-0200][gc            ] GC(6) Pause Young (G1 Evacuation Pause) 192M->141M(1024M) 7.504ms
[2020-07-08T09:42:12.471-0200][gc,cpu        ] GC(6) User=0.01s Sys=0.00s Real=0.01s
[2020-07-08T09:59:09.065-0200][gc,start      ] GC(7) Pause Young (G1 Evacuation Pause)
[2020-07-08T09:59:09.065-0200][gc,task       ] GC(7) Using 8 workers of 8 for evacuation
[2020-07-08T09:59:09.067-0200][gc,phases     ] GC(7)   Pre Evacuate Collection Set: 0.0ms
[2020-07-08T09:59:09.067-0200][gc,phases     ] GC(7)   Evacuate Collection Set: 0.9ms
[2020-07-08T09:59:09.067-0200][gc,phases     ] GC(7)   Post Evacuate Collection Set: 0.3ms
[2020-07-08T09:59:09.067-0200][gc,phases     ] GC(7)   Other: 0.2ms
[2020-07-08T09:59:09.067-0200][gc,heap       ] GC(7) Eden regions: 50->0(67)
[2020-07-08T09:59:09.067-0200][gc,heap       ] GC(7) Survivor regions: 1->1(7)
[2020-07-08T09:59:09.067-0200][gc,heap       ] GC(7) Old regions: 12->12
[2020-07-08T09:59:09.067-0200][gc,heap       ] GC(7) Humongous regions: 130->130
[2020-07-08T09:59:09.067-0200][gc,metaspace  ] GC(7) Metaspace: 33058K->33058K(1079296K)
[2020-07-08T09:59:09.067-0200][gc            ] GC(7) Pause Young (G1 Evacuation Pause) 191M->141M(1024M) 1.632ms
[2020-07-08T09:59:09.067-0200][gc,cpu        ] GC(7) User=0.00s Sys=0.00s Real=0.00s
[2020-07-08T10:21:46.272-0200][gc,start      ] GC(8) Pause Young (G1 Evacuation Pause)
[2020-07-08T10:21:46.272-0200][gc,task       ] GC(8) Using 8 workers of 8 for evacuation
[2020-07-08T10:21:46.273-0200][gc,phases     ] GC(8)   Pre Evacuate Collection Set: 0.0ms
[2020-07-08T10:21:46.273-0200][gc,phases     ] GC(8)   Evacuate Collection Set: 1.0ms
[2020-07-08T10:21:46.274-0200][gc,phases     ] GC(8)   Post Evacuate Collection Set: 0.4ms
[2020-07-08T10:21:46.274-0200][gc,phases     ] GC(8)   Other: 0.2ms
[2020-07-08T10:21:46.274-0200][gc,heap       ] GC(8) Eden regions: 67->0(104)
[2020-07-08T10:21:46.274-0200][gc,heap       ] GC(8) Survivor regions: 1->1(9)
[2020-07-08T10:21:46.274-0200][gc,heap       ] GC(8) Old regions: 12->12
[2020-07-08T10:21:46.274-0200][gc,heap       ] GC(8) Humongous regions: 130->130
[2020-07-08T10:21:46.274-0200][gc,metaspace  ] GC(8) Metaspace: 33167K->33167K(1079296K)
[2020-07-08T10:21:46.274-0200][gc            ] GC(8) Pause Young (G1 Evacuation Pause) 208M->141M(1024M) 1.671ms
[2020-07-08T10:21:46.274-0200][gc,cpu        ] GC(8) User=0.01s Sys=0.00s Real=0.00s
[2020-07-08T11:31:37.286-0200][gc,start      ] GC(9) Pause Young (G1 Evacuation Pause)
[2020-07-08T11:31:37.292-0200][gc,task       ] GC(9) Using 8 workers of 8 for evacuation
[2020-07-08T11:31:37.294-0200][gc,phases     ] GC(9)   Pre Evacuate Collection Set: 0.0ms
[2020-07-08T11:31:37.294-0200][gc,phases     ] GC(9)   Evacuate Collection Set: 1.7ms
[2020-07-08T11:31:37.294-0200][gc,phases     ] GC(9)   Post Evacuate Collection Set: 0.5ms
[2020-07-08T11:31:37.294-0200][gc,phases     ] GC(9)   Other: 5.7ms
[2020-07-08T11:31:37.294-0200][gc,heap       ] GC(9) Eden regions: 104->0(149)
[2020-07-08T11:31:37.294-0200][gc,heap       ] GC(9) Survivor regions: 1->1(14)
[2020-07-08T11:31:37.294-0200][gc,heap       ] GC(9) Old regions: 12->12
[2020-07-08T11:31:37.294-0200][gc,heap       ] GC(9) Humongous regions: 130->130
[2020-07-08T11:31:37.294-0200][gc,metaspace  ] GC(9) Metaspace: 33218K->33218K(1079296K)
[2020-07-08T11:31:37.294-0200][gc            ] GC(9) Pause Young (G1 Evacuation Pause) 245M->141M(1024M) 8.073ms
[2020-07-08T11:31:37.294-0200][gc,cpu        ] GC(9) User=0.01s Sys=0.00s Real=0.01s
[2020-07-08T12:22:31.136-0200][gc,start      ] GC(10) Pause Young (G1 Evacuation Pause)
[2020-07-08T12:22:31.141-0200][gc,task       ] GC(10) Using 8 workers of 8 for evacuation
[2020-07-08T12:22:31.143-0200][gc,phases     ] GC(10)   Pre Evacuate Collection Set: 0.0ms
[2020-07-08T12:22:31.144-0200][gc,phases     ] GC(10)   Evacuate Collection Set: 1.6ms
[2020-07-08T12:22:31.144-0200][gc,phases     ] GC(10)   Post Evacuate Collection Set: 0.7ms
[2020-07-08T12:22:31.144-0200][gc,phases     ] GC(10)   Other: 5.5ms
[2020-07-08T12:22:31.144-0200][gc,heap       ] GC(10) Eden regions: 149->0(201)
[2020-07-08T12:22:31.144-0200][gc,heap       ] GC(10) Survivor regions: 1->1(19)
[2020-07-08T12:22:31.144-0200][gc,heap       ] GC(10) Old regions: 12->12
[2020-07-08T12:22:31.144-0200][gc,heap       ] GC(10) Humongous regions: 130->130
[2020-07-08T12:22:31.144-0200][gc,metaspace  ] GC(10) Metaspace: 33278K->33278K(1079296K)
[2020-07-08T12:22:31.144-0200][gc            ] GC(10) Pause Young (G1 Evacuation Pause) 290M->141M(1024M) 8.032ms
[2020-07-08T12:22:31.144-0200][gc,cpu        ] GC(10) User=0.01s Sys=0.00s Real=0.01s
[2020-07-08T15:26:24.155-0200][gc,start      ] GC(11) Pause Young (G1 Evacuation Pause)
[2020-07-08T15:26:24.161-0200][gc,task       ] GC(11) Using 8 workers of 8 for evacuation
[2020-07-08T15:26:24.163-0200][gc,phases     ] GC(11)   Pre Evacuate Collection Set: 0.1ms
[2020-07-08T15:26:24.163-0200][gc,phases     ] GC(11)   Evacuate Collection Set: 1.7ms
[2020-07-08T15:26:24.163-0200][gc,phases     ] GC(11)   Post Evacuate Collection Set: 0.7ms
[2020-07-08T15:26:24.163-0200][gc,phases     ] GC(11)   Other: 5.7ms
[2020-07-08T15:26:24.163-0200][gc,heap       ] GC(11) Eden regions: 201->0(258)
[2020-07-08T15:26:24.163-0200][gc,heap       ] GC(11) Survivor regions: 1->1(26)
[2020-07-08T15:26:24.163-0200][gc,heap       ] GC(11) Old regions: 12->12
[2020-07-08T15:26:24.163-0200][gc,heap       ] GC(11) Humongous regions: 130->130
[2020-07-08T15:26:24.163-0200][gc,metaspace  ] GC(11) Metaspace: 33340K->33340K(1079296K)
[2020-07-08T15:26:24.163-0200][gc            ] GC(11) Pause Young (G1 Evacuation Pause) 342M->141M(1024M) 8.338ms
[2020-07-08T15:26:24.163-0200][gc,cpu        ] GC(11) User=0.01s Sys=0.00s Real=0.01s
[2020-07-08T19:18:05.321-0200][gc,start      ] GC(12) Pause Young (G1 Evacuation Pause)
[2020-07-08T19:18:05.326-0200][gc,task       ] GC(12) Using 8 workers of 8 for evacuation
[2020-07-08T19:18:05.345-0200][gc,phases     ] GC(12)   Pre Evacuate Collection Set: 1.7ms
[2020-07-08T19:18:05.345-0200][gc,phases     ] GC(12)   Evacuate Collection Set: 14.3ms
[2020-07-08T19:18:05.345-0200][gc,phases     ] GC(12)   Post Evacuate Collection Set: 2.0ms
[2020-07-08T19:18:05.345-0200][gc,phases     ] GC(12)   Other: 6.4ms
[2020-07-08T19:18:05.345-0200][gc,heap       ] GC(12) Eden regions: 258->0(264)
[2020-07-08T19:18:05.345-0200][gc,heap       ] GC(12) Survivor regions: 1->1(33)
[2020-07-08T19:18:05.345-0200][gc,heap       ] GC(12) Old regions: 12->12
[2020-07-08T19:18:05.345-0200][gc,heap       ] GC(12) Humongous regions: 130->130
[2020-07-08T19:18:05.345-0200][gc,metaspace  ] GC(12) Metaspace: 33372K->33372K(1079296K)
[2020-07-08T19:18:05.345-0200][gc            ] GC(12) Pause Young (G1 Evacuation Pause) 399M->141M(1024M) 24.471ms
[2020-07-08T19:18:05.345-0200][gc,cpu        ] GC(12) User=0.06s Sys=0.04s Real=0.02s
[2020-07-09T12:07:40.833-0200][gc,start      ] GC(13) Pause Young (G1 Evacuation Pause)
[2020-07-09T12:07:40.835-0200][gc,task       ] GC(13) Using 8 workers of 8 for evacuation
[2020-07-09T12:07:40.854-0200][gc,phases     ] GC(13)   Pre Evacuate Collection Set: 3.2ms
[2020-07-09T12:07:40.854-0200][gc,phases     ] GC(13)   Evacuate Collection Set: 8.7ms
[2020-07-09T12:07:40.854-0200][gc,phases     ] GC(13)   Post Evacuate Collection Set: 2.5ms
[2020-07-09T12:07:40.854-0200][gc,phases     ] GC(13)   Other: 11.1ms
[2020-07-09T12:07:40.855-0200][gc,heap       ] GC(13) Eden regions: 264->0(271)
[2020-07-09T12:07:40.855-0200][gc,heap       ] GC(13) Survivor regions: 1->1(34)
[2020-07-09T12:07:40.855-0200][gc,heap       ] GC(13) Old regions: 12->12
[2020-07-09T12:07:40.855-0200][gc,heap       ] GC(13) Humongous regions: 130->130
[2020-07-09T12:07:40.855-0200][gc,metaspace  ] GC(13) Metaspace: 33416K->33416K(1079296K)
[2020-07-09T12:07:40.855-0200][gc            ] GC(13) Pause Young (G1 Evacuation Pause) 405M->141M(1024M) 22.774ms
[2020-07-09T12:07:40.855-0200][gc,cpu        ] GC(13) User=0.03s Sys=0.03s Real=0.02s
[2020-07-09T13:54:46.519-0200][gc,start      ] GC(14) Pause Young (G1 Evacuation Pause)
[2020-07-09T13:54:46.519-0200][gc,task       ] GC(14) Using 8 workers of 8 for evacuation
[2020-07-09T13:54:46.533-0200][gc,phases     ] GC(14)   Pre Evacuate Collection Set: 1.0ms
[2020-07-09T13:54:46.533-0200][gc,phases     ] GC(14)   Evacuate Collection Set: 10.8ms
[2020-07-09T13:54:46.533-0200][gc,phases     ] GC(14)   Post Evacuate Collection Set: 1.6ms
[2020-07-09T13:54:46.533-0200][gc,phases     ] GC(14)   Other: 0.6ms
[2020-07-09T13:54:46.533-0200][gc,heap       ] GC(14) Eden regions: 271->0(278)
[2020-07-09T13:54:46.533-0200][gc,heap       ] GC(14) Survivor regions: 1->1(34)
[2020-07-09T13:54:46.533-0200][gc,heap       ] GC(14) Old regions: 12->12
[2020-07-09T13:54:46.533-0200][gc,heap       ] GC(14) Humongous regions: 130->130
[2020-07-09T13:54:46.533-0200][gc,metaspace  ] GC(14) Metaspace: 33418K->33418K(1079296K)
[2020-07-09T13:54:46.533-0200][gc            ] GC(14) Pause Young (G1 Evacuation Pause) 412M->141M(1024M) 14.061ms
[2020-07-09T13:54:46.533-0200][gc,cpu        ] GC(14) User=0.03s Sys=0.04s Real=0.02s
[2020-07-09T15:31:41.400-0200][gc,start      ] GC(15) Pause Young (G1 Evacuation Pause)
[2020-07-09T15:31:41.400-0200][gc,task       ] GC(15) Using 8 workers of 8 for evacuation
[2020-07-09T15:31:41.403-0200][gc,phases     ] GC(15)   Pre Evacuate Collection Set: 0.0ms
[2020-07-09T15:31:41.403-0200][gc,phases     ] GC(15)   Evacuate Collection Set: 2.1ms
[2020-07-09T15:31:41.404-0200][gc,phases     ] GC(15)   Post Evacuate Collection Set: 1.0ms
[2020-07-09T15:31:41.404-0200][gc,phases     ] GC(15)   Other: 0.2ms
[2020-07-09T15:31:41.404-0200][gc,heap       ] GC(15) Eden regions: 278->0(292)
[2020-07-09T15:31:41.404-0200][gc,heap       ] GC(15) Survivor regions: 1->1(35)
[2020-07-09T15:31:41.404-0200][gc,heap       ] GC(15) Old regions: 12->12
[2020-07-09T15:31:41.404-0200][gc,heap       ] GC(15) Humongous regions: 130->130
[2020-07-09T15:31:41.404-0200][gc,metaspace  ] GC(15) Metaspace: 33441K->33441K(1079296K)
[2020-07-09T15:31:41.404-0200][gc            ] GC(15) Pause Young (G1 Evacuation Pause) 419M->141M(1024M) 3.493ms
[2020-07-09T15:31:41.404-0200][gc,cpu        ] GC(15) User=0.02s Sys=0.00s Real=0.00s
[2020-07-09T17:13:36.248-0200][gc,start      ] GC(16) Pause Young (G1 Evacuation Pause)
[2020-07-09T17:13:36.248-0200][gc,task       ] GC(16) Using 8 workers of 8 for evacuation
[2020-07-09T17:13:36.258-0200][gc,phases     ] GC(16)   Pre Evacuate Collection Set: 1.3ms
[2020-07-09T17:13:36.258-0200][gc,phases     ] GC(16)   Evacuate Collection Set: 6.7ms
[2020-07-09T17:13:36.258-0200][gc,phases     ] GC(16)   Post Evacuate Collection Set: 1.3ms
[2020-07-09T17:13:36.258-0200][gc,phases     ] GC(16)   Other: 0.8ms
[2020-07-09T17:13:36.258-0200][gc,heap       ] GC(16) Eden regions: 292->0(312)
[2020-07-09T17:13:36.258-0200][gc,heap       ] GC(16) Survivor regions: 1->1(37)
[2020-07-09T17:13:36.258-0200][gc,heap       ] GC(16) Old regions: 12->12
[2020-07-09T17:13:36.258-0200][gc,heap       ] GC(16) Humongous regions: 130->130
[2020-07-09T17:13:36.258-0200][gc,metaspace  ] GC(16) Metaspace: 33445K->33445K(1079296K)
[2020-07-09T17:13:36.258-0200][gc            ] GC(16) Pause Young (G1 Evacuation Pause) 433M->141M(1024M) 10.179ms
[2020-07-09T17:13:36.258-0200][gc,cpu        ] GC(16) User=0.02s Sys=0.03s Real=0.01s
[2020-07-10T11:49:29.205-0200][gc,start      ] GC(17) Pause Young (G1 Evacuation Pause)
[2020-07-10T11:49:29.207-0200][gc,task       ] GC(17) Using 8 workers of 8 for evacuation
[2020-07-10T11:49:29.224-0200][gc,phases     ] GC(17)   Pre Evacuate Collection Set: 1.7ms
[2020-07-10T11:49:29.224-0200][gc,phases     ] GC(17)   Evacuate Collection Set: 12.6ms
[2020-07-10T11:49:29.224-0200][gc,phases     ] GC(17)   Post Evacuate Collection Set: 2.3ms
[2020-07-10T11:49:29.225-0200][gc,phases     ] GC(17)   Other: 6.5ms
[2020-07-10T11:49:29.225-0200][gc,heap       ] GC(17) Eden regions: 312->0(325)
[2020-07-10T11:49:29.225-0200][gc,heap       ] GC(17) Survivor regions: 1->1(40)
[2020-07-10T11:49:29.225-0200][gc,heap       ] GC(17) Old regions: 12->12
[2020-07-10T11:49:29.225-0200][gc,heap       ] GC(17) Humongous regions: 130->130
[2020-07-10T11:49:29.225-0200][gc,metaspace  ] GC(17) Metaspace: 33450K->33450K(1079296K)
[2020-07-10T11:49:29.225-0200][gc            ] GC(17) Pause Young (G1 Evacuation Pause) 453M->141M(1024M) 20.633ms
[2020-07-10T11:49:29.225-0200][gc,cpu        ] GC(17) User=0.05s Sys=0.03s Real=0.02s
[2020-07-10T15:32:26.748-0200][gc,start      ] GC(18) Pause Young (G1 Evacuation Pause)
[2020-07-10T15:32:26.748-0200][gc,task       ] GC(18) Using 8 workers of 8 for evacuation
[2020-07-10T15:32:26.766-0200][gc,phases     ] GC(18)   Pre Evacuate Collection Set: 1.4ms
[2020-07-10T15:32:26.766-0200][gc,phases     ] GC(18)   Evacuate Collection Set: 8.7ms
[2020-07-10T15:32:26.766-0200][gc,phases     ] GC(18)   Post Evacuate Collection Set: 1.6ms
[2020-07-10T15:32:26.766-0200][gc,phases     ] GC(18)   Other: 6.5ms
[2020-07-10T15:32:26.766-0200][gc,heap       ] GC(18) Eden regions: 325->0(340)
[2020-07-10T15:32:26.766-0200][gc,heap       ] GC(18) Survivor regions: 1->1(41)
[2020-07-10T15:32:26.766-0200][gc,heap       ] GC(18) Old regions: 12->12
[2020-07-10T15:32:26.766-0200][gc,heap       ] GC(18) Humongous regions: 130->130
[2020-07-10T15:32:26.766-0200][gc,metaspace  ] GC(18) Metaspace: 33450K->33450K(1079296K)
[2020-07-10T15:32:26.766-0200][gc            ] GC(18) Pause Young (G1 Evacuation Pause) 466M->141M(1024M) 18.331ms
[2020-07-10T15:32:26.766-0200][gc,cpu        ] GC(18) User=0.03s Sys=0.02s Real=0.02s
[2020-07-10T17:31:21.254-0200][gc,start      ] GC(19) Pause Young (G1 Evacuation Pause)
[2020-07-10T17:31:21.254-0200][gc,task       ] GC(19) Using 8 workers of 8 for evacuation
[2020-07-10T17:31:21.263-0200][gc,phases     ] GC(19)   Pre Evacuate Collection Set: 0.1ms
[2020-07-10T17:31:21.263-0200][gc,phases     ] GC(19)   Evacuate Collection Set: 7.6ms
[2020-07-10T17:31:21.263-0200][gc,phases     ] GC(19)   Post Evacuate Collection Set: 1.3ms
[2020-07-10T17:31:21.263-0200][gc,phases     ] GC(19)   Other: 0.5ms
[2020-07-10T17:31:21.263-0200][gc,heap       ] GC(19) Eden regions: 340->0(356)
[2020-07-10T17:31:21.263-0200][gc,heap       ] GC(19) Survivor regions: 1->1(43)
[2020-07-10T17:31:21.264-0200][gc,heap       ] GC(19) Old regions: 12->12
[2020-07-10T17:31:21.264-0200][gc,heap       ] GC(19) Humongous regions: 130->130
[2020-07-10T17:31:21.264-0200][gc,metaspace  ] GC(19) Metaspace: 33454K->33454K(1079296K)
[2020-07-10T17:31:21.264-0200][gc            ] GC(19) Pause Young (G1 Evacuation Pause) 481M->141M(1024M) 9.719ms
[2020-07-10T17:31:21.264-0200][gc,cpu        ] GC(19) User=0.04s Sys=0.01s Real=0.01s
[2020-07-12T00:01:58.680-0200][gc,start      ] GC(20) Pause Young (G1 Evacuation Pause)
[2020-07-12T00:01:58.680-0200][gc,task       ] GC(20) Using 8 workers of 8 for evacuation
[2020-07-12T00:01:58.707-0200][gc,mmu        ] GC(20) MMU target violated: 21.0ms (20.0ms/21.0ms)
[2020-07-12T00:01:58.707-0200][gc,phases     ] GC(20)   Pre Evacuate Collection Set: 2.6ms
[2020-07-12T00:01:58.707-0200][gc,phases     ] GC(20)   Evacuate Collection Set: 20.4ms
[2020-07-12T00:01:58.707-0200][gc,phases     ] GC(20)   Post Evacuate Collection Set: 2.6ms
[2020-07-12T00:01:58.707-0200][gc,phases     ] GC(20)   Other: 5.1ms
[2020-07-12T00:01:58.708-0200][gc,heap       ] GC(20) Eden regions: 356->0(363)
[2020-07-12T00:01:58.708-0200][gc,heap       ] GC(20) Survivor regions: 1->1(45)
[2020-07-12T00:01:58.708-0200][gc,heap       ] GC(20) Old regions: 12->12
[2020-07-12T00:01:58.708-0200][gc,heap       ] GC(20) Humongous regions: 130->130
[2020-07-12T00:01:58.708-0200][gc,metaspace  ] GC(20) Metaspace: 33471K->33471K(1079296K)
[2020-07-12T00:01:58.708-0200][gc            ] GC(20) Pause Young (G1 Evacuation Pause) 497M->141M(1024M) 28.917ms
[2020-07-12T00:01:58.708-0200][gc,cpu        ] GC(20) User=0.09s Sys=0.05s Real=0.03s
[2020-07-12T09:10:33.565-0200][gc,heap,exit  ] Heap
[2020-07-12T09:10:33.565-0200][gc,heap,exit  ]  garbage-first heap   total 1048576K, used 357339K [0x0000000780000000, 0x0000000780102000, 0x00000007c0000000)
[2020-07-12T09:10:33.565-0200][gc,heap,exit  ]   region size 1024K, 209 young (214016K), 1 survivors (1024K)
[2020-07-12T09:10:33.565-0200][gc,heap,exit  ]  Metaspace       used 33584K, capacity 34164K, committed 34304K, reserved 1079296K
[2020-07-12T09:10:33.565-0200][gc,heap,exit  ]   class space    used 4242K, capacity 4349K, committed 4352K, reserved 1048576K
