[2020-03-08T17:30:25.699-0200][gc,heap] Heap region size: 1M
[2020-03-08T17:30:25.711-0200][gc     ] Using G1
[2020-03-08T17:30:25.712-0200][gc,heap,coops] Heap address: 0x0000000780000000, size: 1024 MB, Compressed Oops mode: Zero based, Oop shift amount: 3
[2020-03-08T17:30:27.631-0200][gc,start     ] GC(0) Pause Young (G1 Evacuation Pause)
[2020-03-08T17:30:27.631-0200][gc,task      ] GC(0) Using 4 workers of 4 for evacuation
[2020-03-08T17:30:27.657-0200][gc,mmu       ] GC(0) MMU target violated: 21.0ms (20.0ms/21.0ms)
[2020-03-08T17:30:27.657-0200][gc,phases    ] GC(0)   Pre Evacuate Collection Set: 0.1ms
[2020-03-08T17:30:27.657-0200][gc,phases    ] GC(0)   Evacuate Collection Set: 15.4ms
[2020-03-08T17:30:27.657-0200][gc,phases    ] GC(0)   Post Evacuate Collection Set: 9.7ms
[2020-03-08T17:30:27.657-0200][gc,phases    ] GC(0)   Other: 0.4ms
[2020-03-08T17:30:27.657-0200][gc,heap      ] GC(0) Eden regions: 51->0(44)
[2020-03-08T17:30:27.657-0200][gc,heap      ] GC(0) Survivor regions: 0->7(7)
[2020-03-08T17:30:27.657-0200][gc,heap      ] GC(0) Old regions: 0->4
[2020-03-08T17:30:27.657-0200][gc,heap      ] GC(0) Humongous regions: 1->1
[2020-03-08T17:30:27.657-0200][gc,metaspace ] GC(0) Metaspace: 19115K->19115K(1067008K)
[2020-03-08T17:30:27.657-0200][gc           ] GC(0) Pause Young (G1 Evacuation Pause) 52M->11M(1024M) 25.830ms
[2020-03-08T17:30:27.657-0200][gc,cpu       ] GC(0) User=0.03s Sys=0.00s Real=0.02s
[2020-03-08T17:30:28.358-0200][gc,start     ] GC(1) Pause Initial Mark (Metadata GC Threshold)
[2020-03-08T17:30:28.358-0200][gc,task      ] GC(1) Using 4 workers of 4 for evacuation
[2020-03-08T17:30:28.371-0200][gc,phases    ] GC(1)   Pre Evacuate Collection Set: 0.0ms
[2020-03-08T17:30:28.371-0200][gc,phases    ] GC(1)   Evacuate Collection Set: 11.3ms
[2020-03-08T17:30:28.371-0200][gc,phases    ] GC(1)   Post Evacuate Collection Set: 1.0ms
[2020-03-08T17:30:28.371-0200][gc,phases    ] GC(1)   Other: 0.2ms
[2020-03-08T17:30:28.371-0200][gc,heap      ] GC(1) Eden regions: 9->0(49)
[2020-03-08T17:30:28.371-0200][gc,heap      ] GC(1) Survivor regions: 7->2(7)
[2020-03-08T17:30:28.371-0200][gc,heap      ] GC(1) Old regions: 4->10
[2020-03-08T17:30:28.371-0200][gc,heap      ] GC(1) Humongous regions: 1->1
[2020-03-08T17:30:28.371-0200][gc,metaspace ] GC(1) Metaspace: 20611K->20611K(1069056K)
[2020-03-08T17:30:28.371-0200][gc           ] GC(1) Pause Initial Mark (Metadata GC Threshold) 19M->12M(1024M) 12.876ms
[2020-03-08T17:30:28.371-0200][gc,cpu       ] GC(1) User=0.02s Sys=0.00s Real=0.02s
[2020-03-08T17:30:28.371-0200][gc           ] GC(2) Concurrent Cycle
[2020-03-08T17:30:28.371-0200][gc,marking   ] GC(2) Concurrent Clear Claimed Marks
[2020-03-08T17:30:28.371-0200][gc,marking   ] GC(2) Concurrent Clear Claimed Marks 0.045ms
[2020-03-08T17:30:28.371-0200][gc,marking   ] GC(2) Concurrent Scan Root Regions
[2020-03-08T17:30:28.374-0200][gc,marking   ] GC(2) Concurrent Scan Root Regions 3.225ms
[2020-03-08T17:30:28.374-0200][gc,marking   ] GC(2) Concurrent Mark (2.695s)
[2020-03-08T17:30:28.374-0200][gc,marking   ] GC(2) Concurrent Mark From Roots
[2020-03-08T17:30:28.375-0200][gc,task      ] GC(2) Using 1 workers of 1 for marking
[2020-03-08T17:30:28.387-0200][gc,marking   ] GC(2) Concurrent Mark From Roots 12.439ms
[2020-03-08T17:30:28.387-0200][gc,marking   ] GC(2) Concurrent Mark (2.695s, 2.708s) 12.548ms
[2020-03-08T17:30:28.387-0200][gc,start     ] GC(2) Pause Remark
[2020-03-08T17:30:28.391-0200][gc,stringtable] GC(2) Cleaned string and symbol table, strings: 8763 processed, 0 removed, symbols: 69107 processed, 41 removed
[2020-03-08T17:30:28.391-0200][gc            ] GC(2) Pause Remark 13M->13M(1024M) 3.431ms
[2020-03-08T17:30:28.391-0200][gc,cpu        ] GC(2) User=0.01s Sys=0.00s Real=0.01s
[2020-03-08T17:30:28.391-0200][gc,marking    ] GC(2) Concurrent Create Live Data
[2020-03-08T17:30:28.393-0200][gc,marking    ] GC(2) Concurrent Create Live Data 2.507ms
[2020-03-08T17:30:28.393-0200][gc,start      ] GC(2) Pause Cleanup
[2020-03-08T17:30:28.394-0200][gc            ] GC(2) Pause Cleanup 13M->10M(1024M) 0.509ms
[2020-03-08T17:30:28.394-0200][gc,cpu        ] GC(2) User=0.00s Sys=0.00s Real=0.00s
[2020-03-08T17:30:28.394-0200][gc,marking    ] GC(2) Concurrent Complete Cleanup
[2020-03-08T17:30:28.394-0200][gc,marking    ] GC(2) Concurrent Complete Cleanup 0.038ms
[2020-03-08T17:30:28.394-0200][gc,marking    ] GC(2) Concurrent Cleanup for Next Mark
[2020-03-08T17:30:28.409-0200][gc,marking    ] GC(2) Concurrent Cleanup for Next Mark 14.914ms
[2020-03-08T17:30:28.409-0200][gc            ] GC(2) Concurrent Cycle 38.178ms
[2020-03-08T17:30:29.986-0200][gc,start      ] GC(3) Pause Young (G1 Evacuation Pause)
[2020-03-08T17:30:29.986-0200][gc,task       ] GC(3) Using 4 workers of 4 for evacuation
[2020-03-08T17:30:29.994-0200][gc,phases     ] GC(3)   Pre Evacuate Collection Set: 0.0ms
[2020-03-08T17:30:29.994-0200][gc,phases     ] GC(3)   Evacuate Collection Set: 5.0ms
[2020-03-08T17:30:29.994-0200][gc,phases     ] GC(3)   Post Evacuate Collection Set: 2.3ms
[2020-03-08T17:30:29.994-0200][gc,phases     ] GC(3)   Other: 0.2ms
[2020-03-08T17:30:29.994-0200][gc,heap       ] GC(3) Eden regions: 49->0(44)
[2020-03-08T17:30:29.994-0200][gc,heap       ] GC(3) Survivor regions: 2->7(7)
[2020-03-08T17:30:29.994-0200][gc,heap       ] GC(3) Old regions: 7->8
[2020-03-08T17:30:29.994-0200][gc,heap       ] GC(3) Humongous regions: 130->130
[2020-03-08T17:30:29.994-0200][gc,metaspace  ] GC(3) Metaspace: 27479K->27479K(1075200K)
[2020-03-08T17:30:29.994-0200][gc            ] GC(3) Pause Young (G1 Evacuation Pause) 187M->144M(1024M) 7.700ms
[2020-03-08T17:30:29.994-0200][gc,cpu        ] GC(3) User=0.03s Sys=0.01s Real=0.01s
[2020-03-08T17:32:04.079-0200][gc,start      ] GC(4) Pause Young (G1 Evacuation Pause)
[2020-03-08T17:32:04.079-0200][gc,task       ] GC(4) Using 4 workers of 4 for evacuation
[2020-03-08T17:32:04.094-0200][gc,phases     ] GC(4)   Pre Evacuate Collection Set: 0.1ms
[2020-03-08T17:32:04.094-0200][gc,phases     ] GC(4)   Evacuate Collection Set: 9.6ms
[2020-03-08T17:32:04.095-0200][gc,phases     ] GC(4)   Post Evacuate Collection Set: 5.6ms
[2020-03-08T17:32:04.095-0200][gc,phases     ] GC(4)   Other: 0.3ms
[2020-03-08T17:32:04.095-0200][gc,heap       ] GC(4) Eden regions: 44->0(46)
[2020-03-08T17:32:04.095-0200][gc,heap       ] GC(4) Survivor regions: 7->5(7)
[2020-03-08T17:32:04.095-0200][gc,heap       ] GC(4) Old regions: 8->11
[2020-03-08T17:32:04.095-0200][gc,heap       ] GC(4) Humongous regions: 130->130
[2020-03-08T17:32:04.095-0200][gc,metaspace  ] GC(4) Metaspace: 32442K->32442K(1079296K)
[2020-03-08T17:32:04.095-0200][gc            ] GC(4) Pause Young (G1 Evacuation Pause) 188M->145M(1024M) 15.834ms
[2020-03-08T17:32:04.095-0200][gc,cpu        ] GC(4) User=0.03s Sys=0.01s Real=0.02s
[2020-03-08T17:43:07.892-0200][gc,start      ] GC(5) Pause Young (G1 Evacuation Pause)
[2020-03-08T17:43:07.893-0200][gc,task       ] GC(5) Using 4 workers of 4 for evacuation
[2020-03-08T17:43:07.971-0200][gc,mmu        ] GC(5) MMU target violated: 21.0ms (20.0ms/21.0ms)
[2020-03-08T17:43:07.972-0200][gc,phases     ] GC(5)   Pre Evacuate Collection Set: 3.1ms
[2020-03-08T17:43:07.972-0200][gc,phases     ] GC(5)   Evacuate Collection Set: 63.4ms
[2020-03-08T17:43:07.972-0200][gc,phases     ] GC(5)   Post Evacuate Collection Set: 8.8ms
[2020-03-08T17:43:07.972-0200][gc,phases     ] GC(5)   Other: 3.9ms
[2020-03-08T17:43:07.972-0200][gc,heap       ] GC(5) Eden regions: 46->0(47)
[2020-03-08T17:43:07.972-0200][gc,heap       ] GC(5) Survivor regions: 5->4(7)
[2020-03-08T17:43:07.972-0200][gc,heap       ] GC(5) Old regions: 11->12
[2020-03-08T17:43:07.972-0200][gc,heap       ] GC(5) Humongous regions: 130->130
[2020-03-08T17:43:07.972-0200][gc,metaspace  ] GC(5) Metaspace: 34345K->34345K(1079296K)
[2020-03-08T17:43:07.972-0200][gc            ] GC(5) Pause Young (G1 Evacuation Pause) 191M->144M(1024M) 79.338ms
[2020-03-08T17:43:07.972-0200][gc,cpu        ] GC(5) User=0.03s Sys=0.06s Real=0.08s
[2020-03-08T18:22:07.945-0200][gc,start      ] GC(6) Pause Young (G1 Evacuation Pause)
[2020-03-08T18:22:07.948-0200][gc,task       ] GC(6) Using 4 workers of 4 for evacuation
[2020-03-08T18:22:08.374-0200][gc,mmu        ] GC(6) MMU target violated: 21.0ms (20.0ms/21.0ms)
[2020-03-08T18:22:08.374-0200][gc,phases     ] GC(6)   Pre Evacuate Collection Set: 37.2ms
[2020-03-08T18:22:08.374-0200][gc,phases     ] GC(6)   Evacuate Collection Set: 329.6ms
[2020-03-08T18:22:08.374-0200][gc,phases     ] GC(6)   Post Evacuate Collection Set: 24.6ms
[2020-03-08T18:22:08.374-0200][gc,phases     ] GC(6)   Other: 53.2ms
[2020-03-08T18:22:08.375-0200][gc,heap       ] GC(6) Eden regions: 47->0(48)
[2020-03-08T18:22:08.375-0200][gc,heap       ] GC(6) Survivor regions: 4->3(7)
[2020-03-08T18:22:08.375-0200][gc,heap       ] GC(6) Old regions: 12->12
[2020-03-08T18:22:08.375-0200][gc,heap       ] GC(6) Humongous regions: 130->130
[2020-03-08T18:22:08.375-0200][gc,metaspace  ] GC(6) Metaspace: 34764K->34764K(1081344K)
[2020-03-08T18:22:08.377-0200][gc            ] GC(6) Pause Young (G1 Evacuation Pause) 191M->144M(1024M) 432.160ms
[2020-03-08T18:22:08.377-0200][gc,cpu        ] GC(6) User=0.04s Sys=0.20s Real=0.43s
[2020-03-08T18:37:47.831-0200][gc,start      ] GC(7) Pause Young (G1 Evacuation Pause)
[2020-03-08T18:37:47.833-0200][gc,task       ] GC(7) Using 4 workers of 4 for evacuation
[2020-03-08T18:37:48.008-0200][gc,mmu        ] GC(7) MMU target violated: 21.0ms (20.0ms/21.0ms)
[2020-03-08T18:37:48.009-0200][gc,phases     ] GC(7)   Pre Evacuate Collection Set: 12.5ms
[2020-03-08T18:37:48.009-0200][gc,phases     ] GC(7)   Evacuate Collection Set: 147.4ms
[2020-03-08T18:37:48.009-0200][gc,phases     ] GC(7)   Post Evacuate Collection Set: 6.5ms
[2020-03-08T18:37:48.009-0200][gc,phases     ] GC(7)   Other: 11.4ms
[2020-03-08T18:37:48.009-0200][gc,heap       ] GC(7) Eden regions: 48->0(48)
[2020-03-08T18:37:48.009-0200][gc,heap       ] GC(7) Survivor regions: 3->3(7)
[2020-03-08T18:37:48.009-0200][gc,heap       ] GC(7) Old regions: 12->12
[2020-03-08T18:37:48.009-0200][gc,heap       ] GC(7) Humongous regions: 130->130
[2020-03-08T18:37:48.009-0200][gc,metaspace  ] GC(7) Metaspace: 34828K->34828K(1081344K)
[2020-03-08T18:37:48.009-0200][gc            ] GC(7) Pause Young (G1 Evacuation Pause) 192M->144M(1024M) 177.810ms
[2020-03-08T18:37:48.009-0200][gc,cpu        ] GC(7) User=0.03s Sys=0.12s Real=0.17s
[2020-03-08T18:53:52.549-0200][gc,start      ] GC(8) Pause Young (G1 Evacuation Pause)
[2020-03-08T18:53:52.550-0200][gc,task       ] GC(8) Using 4 workers of 4 for evacuation
[2020-03-08T18:53:52.603-0200][gc,mmu        ] GC(8) MMU target violated: 21.0ms (20.0ms/21.0ms)
[2020-03-08T18:53:52.604-0200][gc,phases     ] GC(8)   Pre Evacuate Collection Set: 1.5ms
[2020-03-08T18:53:52.604-0200][gc,phases     ] GC(8)   Evacuate Collection Set: 49.5ms
[2020-03-08T18:53:52.604-0200][gc,phases     ] GC(8)   Post Evacuate Collection Set: 1.8ms
[2020-03-08T18:53:52.604-0200][gc,phases     ] GC(8)   Other: 2.3ms
[2020-03-08T18:53:52.604-0200][gc,heap       ] GC(8) Eden regions: 48->0(48)
[2020-03-08T18:53:52.604-0200][gc,heap       ] GC(8) Survivor regions: 3->3(7)
[2020-03-08T18:53:52.604-0200][gc,heap       ] GC(8) Old regions: 12->12
[2020-03-08T18:53:52.604-0200][gc,heap       ] GC(8) Humongous regions: 130->130
[2020-03-08T18:53:52.604-0200][gc,metaspace  ] GC(8) Metaspace: 34835K->34835K(1081344K)
[2020-03-08T18:53:52.608-0200][gc            ] GC(8) Pause Young (G1 Evacuation Pause) 192M->143M(1024M) 59.521ms
[2020-03-08T18:53:52.608-0200][gc,cpu        ] GC(8) User=0.02s Sys=0.06s Real=0.06s
[2020-03-08T19:10:07.804-0200][gc,start      ] GC(9) Pause Young (G1 Evacuation Pause)
[2020-03-08T19:10:07.806-0200][gc,task       ] GC(9) Using 4 workers of 4 for evacuation
[2020-03-08T19:10:07.835-0200][gc,mmu        ] GC(9) MMU target violated: 21.0ms (20.0ms/21.0ms)
[2020-03-08T19:10:07.835-0200][gc,phases     ] GC(9)   Pre Evacuate Collection Set: 2.5ms
[2020-03-08T19:10:07.835-0200][gc,phases     ] GC(9)   Evacuate Collection Set: 24.8ms
[2020-03-08T19:10:07.835-0200][gc,phases     ] GC(9)   Post Evacuate Collection Set: 0.5ms
[2020-03-08T19:10:07.835-0200][gc,phases     ] GC(9)   Other: 3.0ms
[2020-03-08T19:10:07.835-0200][gc,heap       ] GC(9) Eden regions: 48->0(48)
[2020-03-08T19:10:07.835-0200][gc,heap       ] GC(9) Survivor regions: 3->3(7)
[2020-03-08T19:10:07.835-0200][gc,heap       ] GC(9) Old regions: 12->12
[2020-03-08T19:10:07.835-0200][gc,heap       ] GC(9) Humongous regions: 130->130
[2020-03-08T19:10:07.835-0200][gc,metaspace  ] GC(9) Metaspace: 34893K->34893K(1081344K)
[2020-03-08T19:10:07.835-0200][gc            ] GC(9) Pause Young (G1 Evacuation Pause) 191M->144M(1024M) 30.870ms
[2020-03-08T19:10:07.835-0200][gc,cpu        ] GC(9) User=0.02s Sys=0.04s Real=0.03s
[2020-03-09T08:45:45.272-0200][gc,start      ] GC(10) Pause Young (G1 Evacuation Pause)
[2020-03-09T08:45:45.274-0200][gc,task       ] GC(10) Using 4 workers of 4 for evacuation
[2020-03-09T08:45:45.313-0200][gc,mmu        ] GC(10) MMU target violated: 21.0ms (20.0ms/21.0ms)
[2020-03-09T08:45:45.313-0200][gc,phases     ] GC(10)   Pre Evacuate Collection Set: 5.8ms
[2020-03-09T08:45:45.313-0200][gc,phases     ] GC(10)   Evacuate Collection Set: 27.4ms
[2020-03-09T08:45:45.313-0200][gc,phases     ] GC(10)   Post Evacuate Collection Set: 3.2ms
[2020-03-09T08:45:45.313-0200][gc,phases     ] GC(10)   Other: 9.0ms
[2020-03-09T08:45:45.314-0200][gc,heap       ] GC(10) Eden regions: 48->0(48)
[2020-03-09T08:45:45.314-0200][gc,heap       ] GC(10) Survivor regions: 3->3(7)
[2020-03-09T08:45:45.314-0200][gc,heap       ] GC(10) Old regions: 12->12
[2020-03-09T08:45:45.314-0200][gc,heap       ] GC(10) Humongous regions: 130->130
[2020-03-09T08:45:45.314-0200][gc,metaspace  ] GC(10) Metaspace: 34910K->34910K(1081344K)
[2020-03-09T08:45:45.314-0200][gc            ] GC(10) Pause Young (G1 Evacuation Pause) 192M->144M(1024M) 42.945ms
[2020-03-09T08:45:45.314-0200][gc,cpu        ] GC(10) User=0.02s Sys=0.05s Real=0.04s
[2020-03-09T09:02:02.842-0200][gc,start      ] GC(11) Pause Young (G1 Evacuation Pause)
[2020-03-09T09:02:02.843-0200][gc,task       ] GC(11) Using 4 workers of 4 for evacuation
[2020-03-09T09:02:02.868-0200][gc,mmu        ] GC(11) MMU target violated: 21.0ms (20.0ms/21.0ms)
[2020-03-09T09:02:02.868-0200][gc,phases     ] GC(11)   Pre Evacuate Collection Set: 3.1ms
[2020-03-09T09:02:02.868-0200][gc,phases     ] GC(11)   Evacuate Collection Set: 20.8ms
[2020-03-09T09:02:02.868-0200][gc,phases     ] GC(11)   Post Evacuate Collection Set: 0.7ms
[2020-03-09T09:02:02.868-0200][gc,phases     ] GC(11)   Other: 1.8ms
[2020-03-09T09:02:02.868-0200][gc,heap       ] GC(11) Eden regions: 48->0(48)
[2020-03-09T09:02:02.868-0200][gc,heap       ] GC(11) Survivor regions: 3->3(7)
[2020-03-09T09:02:02.868-0200][gc,heap       ] GC(11) Old regions: 12->12
[2020-03-09T09:02:02.868-0200][gc,heap       ] GC(11) Humongous regions: 130->130
[2020-03-09T09:02:02.868-0200][gc,metaspace  ] GC(11) Metaspace: 34946K->34946K(1081344K)
[2020-03-09T09:02:02.868-0200][gc            ] GC(11) Pause Young (G1 Evacuation Pause) 192M->144M(1024M) 26.570ms
[2020-03-09T09:02:02.868-0200][gc,cpu        ] GC(11) User=0.02s Sys=0.04s Real=0.02s
[2020-03-09T09:18:14.564-0200][gc,start      ] GC(12) Pause Young (G1 Evacuation Pause)
[2020-03-09T09:18:14.565-0200][gc,task       ] GC(12) Using 4 workers of 4 for evacuation
[2020-03-09T09:18:14.594-0200][gc,mmu        ] GC(12) MMU target violated: 21.0ms (20.0ms/21.0ms)
[2020-03-09T09:18:14.594-0200][gc,phases     ] GC(12)   Pre Evacuate Collection Set: 2.2ms
[2020-03-09T09:18:14.594-0200][gc,phases     ] GC(12)   Evacuate Collection Set: 20.2ms
[2020-03-09T09:18:14.594-0200][gc,phases     ] GC(12)   Post Evacuate Collection Set: 5.9ms
[2020-03-09T09:18:14.594-0200][gc,phases     ] GC(12)   Other: 1.3ms
[2020-03-09T09:18:14.594-0200][gc,heap       ] GC(12) Eden regions: 48->0(48)
[2020-03-09T09:18:14.594-0200][gc,heap       ] GC(12) Survivor regions: 3->3(7)
[2020-03-09T09:18:14.594-0200][gc,heap       ] GC(12) Old regions: 12->12
[2020-03-09T09:18:14.594-0200][gc,heap       ] GC(12) Humongous regions: 130->130
[2020-03-09T09:18:14.594-0200][gc,metaspace  ] GC(12) Metaspace: 34965K->34965K(1081344K)
[2020-03-09T09:18:14.594-0200][gc            ] GC(12) Pause Young (G1 Evacuation Pause) 192M->143M(1024M) 29.612ms
[2020-03-09T09:18:14.594-0200][gc,cpu        ] GC(12) User=0.03s Sys=0.05s Real=0.03s
[2020-03-09T09:34:32.804-0200][gc,start      ] GC(13) Pause Young (G1 Evacuation Pause)
[2020-03-09T09:34:32.805-0200][gc,task       ] GC(13) Using 4 workers of 4 for evacuation
[2020-03-09T09:34:32.829-0200][gc,mmu        ] GC(13) MMU target violated: 21.0ms (20.0ms/21.0ms)
[2020-03-09T09:34:32.829-0200][gc,phases     ] GC(13)   Pre Evacuate Collection Set: 1.4ms
[2020-03-09T09:34:32.829-0200][gc,phases     ] GC(13)   Evacuate Collection Set: 19.0ms
[2020-03-09T09:34:32.829-0200][gc,phases     ] GC(13)   Post Evacuate Collection Set: 2.4ms
[2020-03-09T09:34:32.829-0200][gc,phases     ] GC(13)   Other: 1.7ms
[2020-03-09T09:34:32.829-0200][gc,heap       ] GC(13) Eden regions: 48->0(48)
[2020-03-09T09:34:32.829-0200][gc,heap       ] GC(13) Survivor regions: 3->3(7)
[2020-03-09T09:34:32.829-0200][gc,heap       ] GC(13) Old regions: 12->12
[2020-03-09T09:34:32.829-0200][gc,heap       ] GC(13) Humongous regions: 130->130
[2020-03-09T09:34:32.829-0200][gc,metaspace  ] GC(13) Metaspace: 34984K->34984K(1081344K)
[2020-03-09T09:34:32.829-0200][gc            ] GC(13) Pause Young (G1 Evacuation Pause) 191M->144M(1024M) 24.610ms
[2020-03-09T09:34:32.829-0200][gc,cpu        ] GC(13) User=0.02s Sys=0.04s Real=0.02s
[2020-03-09T09:50:58.944-0200][gc,start      ] GC(14) Pause Young (G1 Evacuation Pause)
[2020-03-09T09:50:58.946-0200][gc,task       ] GC(14) Using 4 workers of 4 for evacuation
[2020-03-09T09:50:58.973-0200][gc,mmu        ] GC(14) MMU target violated: 21.0ms (20.0ms/21.0ms)
[2020-03-09T09:50:58.973-0200][gc,phases     ] GC(14)   Pre Evacuate Collection Set: 2.4ms
[2020-03-09T09:50:58.973-0200][gc,phases     ] GC(14)   Evacuate Collection Set: 21.6ms
[2020-03-09T09:50:58.973-0200][gc,phases     ] GC(14)   Post Evacuate Collection Set: 2.5ms
[2020-03-09T09:50:58.973-0200][gc,phases     ] GC(14)   Other: 3.0ms
[2020-03-09T09:50:58.973-0200][gc,heap       ] GC(14) Eden regions: 48->0(48)
[2020-03-09T09:50:58.973-0200][gc,heap       ] GC(14) Survivor regions: 3->3(7)
[2020-03-09T09:50:58.973-0200][gc,heap       ] GC(14) Old regions: 12->12
[2020-03-09T09:50:58.973-0200][gc,heap       ] GC(14) Humongous regions: 130->130
[2020-03-09T09:50:58.973-0200][gc,metaspace  ] GC(14) Metaspace: 34985K->34985K(1081344K)
[2020-03-09T09:50:58.973-0200][gc            ] GC(14) Pause Young (G1 Evacuation Pause) 192M->144M(1024M) 29.476ms
[2020-03-09T09:50:58.973-0200][gc,cpu        ] GC(14) User=0.02s Sys=0.04s Real=0.03s
[2020-03-09T10:07:17.768-0200][gc,start      ] GC(15) Pause Young (G1 Evacuation Pause)
[2020-03-09T10:07:17.768-0200][gc,task       ] GC(15) Using 4 workers of 4 for evacuation
[2020-03-09T10:07:17.775-0200][gc,phases     ] GC(15)   Pre Evacuate Collection Set: 0.1ms
[2020-03-09T10:07:17.775-0200][gc,phases     ] GC(15)   Evacuate Collection Set: 6.0ms
[2020-03-09T10:07:17.775-0200][gc,phases     ] GC(15)   Post Evacuate Collection Set: 0.4ms
[2020-03-09T10:07:17.775-0200][gc,phases     ] GC(15)   Other: 0.9ms
[2020-03-09T10:07:17.775-0200][gc,heap       ] GC(15) Eden regions: 48->0(48)
[2020-03-09T10:07:17.775-0200][gc,heap       ] GC(15) Survivor regions: 3->3(7)
[2020-03-09T10:07:17.775-0200][gc,heap       ] GC(15) Old regions: 12->12
[2020-03-09T10:07:17.775-0200][gc,heap       ] GC(15) Humongous regions: 130->130
[2020-03-09T10:07:17.775-0200][gc,metaspace  ] GC(15) Metaspace: 34988K->34988K(1081344K)
[2020-03-09T10:07:17.775-0200][gc            ] GC(15) Pause Young (G1 Evacuation Pause) 192M->144M(1024M) 7.678ms
[2020-03-09T10:07:17.775-0200][gc,cpu        ] GC(15) User=0.02s Sys=0.00s Real=0.01s
[2020-03-09T10:23:42.747-0200][gc,start      ] GC(16) Pause Young (G1 Evacuation Pause)
[2020-03-09T10:23:42.749-0200][gc,task       ] GC(16) Using 4 workers of 4 for evacuation
[2020-03-09T10:23:42.757-0200][gc,phases     ] GC(16)   Pre Evacuate Collection Set: 0.1ms
[2020-03-09T10:23:42.757-0200][gc,phases     ] GC(16)   Evacuate Collection Set: 5.4ms
[2020-03-09T10:23:42.758-0200][gc,phases     ] GC(16)   Post Evacuate Collection Set: 2.6ms
[2020-03-09T10:23:42.758-0200][gc,phases     ] GC(16)   Other: 2.9ms
[2020-03-09T10:23:42.758-0200][gc,heap       ] GC(16) Eden regions: 48->0(48)
[2020-03-09T10:23:42.758-0200][gc,heap       ] GC(16) Survivor regions: 3->3(7)
[2020-03-09T10:23:42.758-0200][gc,heap       ] GC(16) Old regions: 12->12
[2020-03-09T10:23:42.758-0200][gc,heap       ] GC(16) Humongous regions: 130->130
[2020-03-09T10:23:42.758-0200][gc,metaspace  ] GC(16) Metaspace: 35012K->35012K(1081344K)
[2020-03-09T10:23:42.758-0200][gc            ] GC(16) Pause Young (G1 Evacuation Pause) 192M->144M(1024M) 11.131ms
[2020-03-09T10:23:42.758-0200][gc,cpu        ] GC(16) User=0.02s Sys=0.00s Real=0.01s
[2020-03-09T10:39:59.434-0200][gc,start      ] GC(17) Pause Young (G1 Evacuation Pause)
[2020-03-09T10:39:59.436-0200][gc,task       ] GC(17) Using 4 workers of 4 for evacuation
[2020-03-09T10:39:59.443-0200][gc,phases     ] GC(17)   Pre Evacuate Collection Set: 0.2ms
[2020-03-09T10:39:59.443-0200][gc,phases     ] GC(17)   Evacuate Collection Set: 6.5ms
[2020-03-09T10:39:59.443-0200][gc,phases     ] GC(17)   Post Evacuate Collection Set: 0.4ms
[2020-03-09T10:39:59.443-0200][gc,phases     ] GC(17)   Other: 2.3ms
[2020-03-09T10:39:59.443-0200][gc,heap       ] GC(17) Eden regions: 48->0(48)
[2020-03-09T10:39:59.443-0200][gc,heap       ] GC(17) Survivor regions: 3->3(7)
[2020-03-09T10:39:59.443-0200][gc,heap       ] GC(17) Old regions: 12->12
[2020-03-09T10:39:59.443-0200][gc,heap       ] GC(17) Humongous regions: 130->130
[2020-03-09T10:39:59.443-0200][gc,metaspace  ] GC(17) Metaspace: 35024K->35024K(1081344K)
[2020-03-09T10:39:59.443-0200][gc            ] GC(17) Pause Young (G1 Evacuation Pause) 192M->144M(1024M) 9.490ms
[2020-03-09T10:39:59.443-0200][gc,cpu        ] GC(17) User=0.02s Sys=0.00s Real=0.01s
[2020-03-09T10:56:39.390-0200][gc,start      ] GC(18) Pause Young (G1 Evacuation Pause)
[2020-03-09T10:56:39.392-0200][gc,task       ] GC(18) Using 4 workers of 4 for evacuation
[2020-03-09T10:56:39.400-0200][gc,phases     ] GC(18)   Pre Evacuate Collection Set: 0.1ms
[2020-03-09T10:56:39.400-0200][gc,phases     ] GC(18)   Evacuate Collection Set: 7.1ms
[2020-03-09T10:56:39.400-0200][gc,phases     ] GC(18)   Post Evacuate Collection Set: 0.5ms
[2020-03-09T10:56:39.400-0200][gc,phases     ] GC(18)   Other: 2.2ms
[2020-03-09T10:56:39.400-0200][gc,heap       ] GC(18) Eden regions: 48->0(51)
[2020-03-09T10:56:39.400-0200][gc,heap       ] GC(18) Survivor regions: 3->3(7)
[2020-03-09T10:56:39.400-0200][gc,heap       ] GC(18) Old regions: 12->12
[2020-03-09T10:56:39.400-0200][gc,heap       ] GC(18) Humongous regions: 130->130
[2020-03-09T10:56:39.400-0200][gc,metaspace  ] GC(18) Metaspace: 35026K->35026K(1081344K)
[2020-03-09T10:56:39.400-0200][gc            ] GC(18) Pause Young (G1 Evacuation Pause) 192M->144M(1024M) 9.975ms
[2020-03-09T10:56:39.400-0200][gc,cpu        ] GC(18) User=0.02s Sys=0.01s Real=0.01s
[2020-03-09T11:05:09.117-0200][gc,start      ] GC(19) Pause Initial Mark (Metadata GC Threshold)
[2020-03-09T11:05:09.118-0200][gc,task       ] GC(19) Using 4 workers of 4 for evacuation
[2020-03-09T11:05:09.127-0200][gc,phases     ] GC(19)   Pre Evacuate Collection Set: 0.1ms
[2020-03-09T11:05:09.127-0200][gc,phases     ] GC(19)   Evacuate Collection Set: 7.3ms
[2020-03-09T11:05:09.127-0200][gc,phases     ] GC(19)   Post Evacuate Collection Set: 0.5ms
[2020-03-09T11:05:09.127-0200][gc,phases     ] GC(19)   Other: 2.2ms
[2020-03-09T11:05:09.127-0200][gc,heap       ] GC(19) Eden regions: 26->0(48)
[2020-03-09T11:05:09.127-0200][gc,heap       ] GC(19) Survivor regions: 3->3(7)
[2020-03-09T11:05:09.127-0200][gc,heap       ] GC(19) Old regions: 12->12
[2020-03-09T11:05:09.127-0200][gc,heap       ] GC(19) Humongous regions: 130->130
[2020-03-09T11:05:09.127-0200][gc,metaspace  ] GC(19) Metaspace: 35026K->35026K(1081344K)
[2020-03-09T11:05:09.127-0200][gc            ] GC(19) Pause Initial Mark (Metadata GC Threshold) 169M->144M(1024M) 10.300ms
[2020-03-09T11:05:09.127-0200][gc,cpu        ] GC(19) User=0.02s Sys=0.00s Real=0.01s
[2020-03-09T11:05:09.134-0200][gc            ] GC(20) Concurrent Cycle
[2020-03-09T11:05:09.136-0200][gc,marking    ] GC(20) Concurrent Clear Claimed Marks
[2020-03-09T11:05:09.136-0200][gc,marking    ] GC(20) Concurrent Clear Claimed Marks 0.038ms
[2020-03-09T11:05:09.136-0200][gc,marking    ] GC(20) Concurrent Scan Root Regions
[2020-03-09T11:05:09.139-0200][gc,marking    ] GC(20) Concurrent Scan Root Regions 2.700ms
[2020-03-09T11:05:09.139-0200][gc,marking    ] GC(20) Concurrent Mark (15333.667s)
[2020-03-09T11:05:09.139-0200][gc,marking    ] GC(20) Concurrent Mark From Roots
[2020-03-09T11:05:09.139-0200][gc,task       ] GC(20) Using 1 workers of 1 for marking
[2020-03-09T11:05:09.622-0200][gc,marking    ] GC(20) Concurrent Mark From Roots 482.653ms
[2020-03-09T11:05:09.622-0200][gc,marking    ] GC(20) Concurrent Mark (15333.667s, 15334.149s) 482.733ms
[2020-03-09T11:05:09.622-0200][gc,start      ] GC(20) Pause Remark
[2020-03-09T11:05:10.648-0200][gc,stringtable] GC(20) Cleaned string and symbol table, strings: 14031 processed, 1128 removed, symbols: 94245 processed, 17 removed
[2020-03-09T11:05:10.648-0200][gc,mmu        ] GC(20) MMU target violated: 21.0ms (20.0ms/21.0ms)
[2020-03-09T11:05:10.648-0200][gc            ] GC(20) Pause Remark 144M->144M(1024M) 1026.531ms
[2020-03-09T11:05:10.648-0200][gc,cpu        ] GC(20) User=0.06s Sys=0.50s Real=1.02s
[2020-03-09T11:05:10.648-0200][gc,marking    ] GC(20) Concurrent Create Live Data
[2020-03-09T11:05:10.652-0200][gc,marking    ] GC(20) Concurrent Create Live Data 3.695ms
[2020-03-09T11:05:10.652-0200][gc,start      ] GC(20) Pause Cleanup
[2020-03-09T11:05:10.658-0200][gc            ] GC(20) Pause Cleanup 144M->144M(1024M) 5.492ms
[2020-03-09T11:05:10.658-0200][gc,cpu        ] GC(20) User=0.01s Sys=0.00s Real=0.00s
[2020-03-09T11:05:10.658-0200][gc,marking    ] GC(20) Concurrent Cleanup for Next Mark
[2020-03-09T11:05:10.667-0200][gc,marking    ] GC(20) Concurrent Cleanup for Next Mark 9.336ms
[2020-03-09T11:05:10.667-0200][gc            ] GC(20) Concurrent Cycle 1535.783ms
[2020-03-09T11:21:37.500-0200][gc,start      ] GC(21) Pause Young (G1 Evacuation Pause)
[2020-03-09T11:21:37.500-0200][gc,task       ] GC(21) Using 4 workers of 4 for evacuation
[2020-03-09T11:21:37.510-0200][gc,phases     ] GC(21)   Pre Evacuate Collection Set: 0.0ms
[2020-03-09T11:21:37.510-0200][gc,phases     ] GC(21)   Evacuate Collection Set: 8.7ms
[2020-03-09T11:21:37.510-0200][gc,phases     ] GC(21)   Post Evacuate Collection Set: 0.4ms
[2020-03-09T11:21:37.510-0200][gc,phases     ] GC(21)   Other: 1.3ms
[2020-03-09T11:21:37.510-0200][gc,heap       ] GC(21) Eden regions: 48->0(56)
[2020-03-09T11:21:37.510-0200][gc,heap       ] GC(21) Survivor regions: 3->1(7)
[2020-03-09T11:21:37.510-0200][gc,heap       ] GC(21) Old regions: 12->14
[2020-03-09T11:21:37.510-0200][gc,heap       ] GC(21) Humongous regions: 130->130
[2020-03-09T11:21:37.510-0200][gc,metaspace  ] GC(21) Metaspace: 34887K->34887K(1081344K)
[2020-03-09T11:21:37.510-0200][gc            ] GC(21) Pause Young (G1 Evacuation Pause) 192M->144M(1024M) 10.620ms
[2020-03-09T11:21:37.510-0200][gc,cpu        ] GC(21) User=0.02s Sys=0.01s Real=0.01s
[2020-03-09T11:39:50.108-0200][gc,start      ] GC(22) Pause Young (G1 Evacuation Pause)
[2020-03-09T11:39:50.111-0200][gc,task       ] GC(22) Using 4 workers of 4 for evacuation
[2020-03-09T11:39:50.126-0200][gc,phases     ] GC(22)   Pre Evacuate Collection Set: 2.2ms
[2020-03-09T11:39:50.126-0200][gc,phases     ] GC(22)   Evacuate Collection Set: 11.6ms
[2020-03-09T11:39:50.126-0200][gc,phases     ] GC(22)   Post Evacuate Collection Set: 0.6ms
[2020-03-09T11:39:50.126-0200][gc,phases     ] GC(22)   Other: 4.1ms
[2020-03-09T11:39:50.126-0200][gc,heap       ] GC(22) Eden regions: 53->0(55)
[2020-03-09T11:39:50.126-0200][gc,heap       ] GC(22) Survivor regions: 1->1(7)
[2020-03-09T11:39:50.126-0200][gc,heap       ] GC(22) Old regions: 14->14
[2020-03-09T11:39:50.126-0200][gc,heap       ] GC(22) Humongous regions: 130->130
[2020-03-09T11:39:50.126-0200][gc,metaspace  ] GC(22) Metaspace: 34889K->34889K(1081344K)
[2020-03-09T11:39:50.126-0200][gc            ] GC(22) Pause Young (G1 Evacuation Pause) 197M->144M(1024M) 18.583ms
[2020-03-09T11:39:50.126-0200][gc,cpu        ] GC(22) User=0.02s Sys=0.03s Real=0.02s
[2020-03-09T11:58:38.688-0200][gc,start      ] GC(23) Pause Young (G1 Evacuation Pause)
[2020-03-09T11:58:38.688-0200][gc,task       ] GC(23) Using 4 workers of 4 for evacuation
[2020-03-09T11:58:38.700-0200][gc,phases     ] GC(23)   Pre Evacuate Collection Set: 1.4ms
[2020-03-09T11:58:38.700-0200][gc,phases     ] GC(23)   Evacuate Collection Set: 9.8ms
[2020-03-09T11:58:38.700-0200][gc,phases     ] GC(23)   Post Evacuate Collection Set: 0.6ms
[2020-03-09T11:58:38.700-0200][gc,phases     ] GC(23)   Other: 0.7ms
[2020-03-09T11:58:38.700-0200][gc,heap       ] GC(23) Eden regions: 55->0(52)
[2020-03-09T11:58:38.700-0200][gc,heap       ] GC(23) Survivor regions: 1->1(7)
[2020-03-09T11:58:38.700-0200][gc,heap       ] GC(23) Old regions: 14->15
[2020-03-09T11:58:38.700-0200][gc,heap       ] GC(23) Humongous regions: 130->130
[2020-03-09T11:58:38.700-0200][gc,metaspace  ] GC(23) Metaspace: 34892K->34892K(1081344K)
[2020-03-09T11:58:38.700-0200][gc            ] GC(23) Pause Young (G1 Evacuation Pause) 199M->144M(1024M) 12.665ms
[2020-03-09T11:58:38.700-0200][gc,cpu        ] GC(23) User=0.01s Sys=0.03s Real=0.02s
[2020-03-09T12:16:39.723-0200][gc,start      ] GC(24) Pause Young (G1 Evacuation Pause)
[2020-03-09T12:16:39.724-0200][gc,task       ] GC(24) Using 4 workers of 4 for evacuation
[2020-03-09T12:16:39.737-0200][gc,phases     ] GC(24)   Pre Evacuate Collection Set: 1.5ms
[2020-03-09T12:16:39.737-0200][gc,phases     ] GC(24)   Evacuate Collection Set: 9.8ms
[2020-03-09T12:16:39.737-0200][gc,phases     ] GC(24)   Post Evacuate Collection Set: 0.6ms
[2020-03-09T12:16:39.737-0200][gc,phases     ] GC(24)   Other: 2.1ms
[2020-03-09T12:16:39.737-0200][gc,heap       ] GC(24) Eden regions: 52->0(52)
[2020-03-09T12:16:39.737-0200][gc,heap       ] GC(24) Survivor regions: 1->1(7)
[2020-03-09T12:16:39.737-0200][gc,heap       ] GC(24) Old regions: 15->15
[2020-03-09T12:16:39.737-0200][gc,heap       ] GC(24) Humongous regions: 130->130
[2020-03-09T12:16:39.737-0200][gc,metaspace  ] GC(24) Metaspace: 34900K->34900K(1081344K)
[2020-03-09T12:16:39.737-0200][gc            ] GC(24) Pause Young (G1 Evacuation Pause) 196M->144M(1024M) 14.222ms
[2020-03-09T12:16:39.737-0200][gc,cpu        ] GC(24) User=0.01s Sys=0.02s Real=0.01s
[2020-03-09T12:34:21.044-0200][gc,start      ] GC(25) Pause Young (G1 Evacuation Pause)
[2020-03-09T12:34:21.044-0200][gc,task       ] GC(25) Using 4 workers of 4 for evacuation
[2020-03-09T12:34:21.046-0200][gc,phases     ] GC(25)   Pre Evacuate Collection Set: 0.0ms
[2020-03-09T12:34:21.047-0200][gc,phases     ] GC(25)   Evacuate Collection Set: 1.4ms
[2020-03-09T12:34:21.047-0200][gc,phases     ] GC(25)   Post Evacuate Collection Set: 0.5ms
[2020-03-09T12:34:21.047-0200][gc,phases     ] GC(25)   Other: 0.4ms
[2020-03-09T12:34:21.047-0200][gc,heap       ] GC(25) Eden regions: 52->0(66)
[2020-03-09T12:34:21.047-0200][gc,heap       ] GC(25) Survivor regions: 1->1(7)
[2020-03-09T12:34:21.047-0200][gc,heap       ] GC(25) Old regions: 15->15
[2020-03-09T12:34:21.047-0200][gc,heap       ] GC(25) Humongous regions: 130->130
[2020-03-09T12:34:21.047-0200][gc,metaspace  ] GC(25) Metaspace: 34904K->34904K(1081344K)
[2020-03-09T12:34:21.047-0200][gc            ] GC(25) Pause Young (G1 Evacuation Pause) 196M->144M(1024M) 2.507ms
[2020-03-09T12:34:21.047-0200][gc,cpu        ] GC(25) User=0.01s Sys=0.01s Real=0.00s
[2020-03-09T12:57:04.411-0200][gc,start      ] GC(26) Pause Young (G1 Evacuation Pause)
[2020-03-09T12:57:04.411-0200][gc,task       ] GC(26) Using 4 workers of 4 for evacuation
[2020-03-09T12:57:04.414-0200][gc,phases     ] GC(26)   Pre Evacuate Collection Set: 0.2ms
[2020-03-09T12:57:04.414-0200][gc,phases     ] GC(26)   Evacuate Collection Set: 1.8ms
[2020-03-09T12:57:04.414-0200][gc,phases     ] GC(26)   Post Evacuate Collection Set: 0.7ms
[2020-03-09T12:57:04.415-0200][gc,phases     ] GC(26)   Other: 0.5ms
[2020-03-09T12:57:04.415-0200][gc,heap       ] GC(26) Eden regions: 66->0(85)
[2020-03-09T12:57:04.415-0200][gc,heap       ] GC(26) Survivor regions: 1->1(9)
[2020-03-09T12:57:04.415-0200][gc,heap       ] GC(26) Old regions: 15->15
[2020-03-09T12:57:04.415-0200][gc,heap       ] GC(26) Humongous regions: 130->130
[2020-03-09T12:57:04.415-0200][gc,metaspace  ] GC(26) Metaspace: 34904K->34904K(1081344K)
[2020-03-09T12:57:04.415-0200][gc            ] GC(26) Pause Young (G1 Evacuation Pause) 210M->144M(1024M) 3.602ms
[2020-03-09T12:57:04.415-0200][gc,cpu        ] GC(26) User=0.00s Sys=0.00s Real=0.00s
[2020-03-09T13:26:11.312-0200][gc,start      ] GC(27) Pause Young (G1 Evacuation Pause)
[2020-03-09T13:26:11.312-0200][gc,task       ] GC(27) Using 4 workers of 4 for evacuation
[2020-03-09T13:26:11.324-0200][gc,phases     ] GC(27)   Pre Evacuate Collection Set: 1.4ms
[2020-03-09T13:26:11.324-0200][gc,phases     ] GC(27)   Evacuate Collection Set: 8.9ms
[2020-03-09T13:26:11.324-0200][gc,phases     ] GC(27)   Post Evacuate Collection Set: 0.8ms
[2020-03-09T13:26:11.324-0200][gc,phases     ] GC(27)   Other: 1.0ms
[2020-03-09T13:26:11.324-0200][gc,heap       ] GC(27) Eden regions: 85->0(98)
[2020-03-09T13:26:11.324-0200][gc,heap       ] GC(27) Survivor regions: 1->1(11)
[2020-03-09T13:26:11.324-0200][gc,heap       ] GC(27) Old regions: 15->15
[2020-03-09T13:26:11.324-0200][gc,heap       ] GC(27) Humongous regions: 130->130
[2020-03-09T13:26:11.324-0200][gc,metaspace  ] GC(27) Metaspace: 34913K->34913K(1081344K)
[2020-03-09T13:26:11.324-0200][gc            ] GC(27) Pause Young (G1 Evacuation Pause) 229M->144M(1024M) 12.276ms
[2020-03-09T13:26:11.324-0200][gc,cpu        ] GC(27) User=0.01s Sys=0.03s Real=0.01s
[2020-03-09T14:00:02.512-0200][gc,start      ] GC(28) Pause Young (G1 Evacuation Pause)
[2020-03-09T14:00:02.512-0200][gc,task       ] GC(28) Using 4 workers of 4 for evacuation
[2020-03-09T14:00:02.528-0200][gc,phases     ] GC(28)   Pre Evacuate Collection Set: 2.4ms
[2020-03-09T14:00:02.528-0200][gc,phases     ] GC(28)   Evacuate Collection Set: 10.0ms
[2020-03-09T14:00:02.528-0200][gc,phases     ] GC(28)   Post Evacuate Collection Set: 2.6ms
[2020-03-09T14:00:02.528-0200][gc,phases     ] GC(28)   Other: 1.1ms
[2020-03-09T14:00:02.528-0200][gc,heap       ] GC(28) Eden regions: 98->0(102)
[2020-03-09T14:00:02.528-0200][gc,heap       ] GC(28) Survivor regions: 1->1(13)
[2020-03-09T14:00:02.528-0200][gc,heap       ] GC(28) Old regions: 15->15
[2020-03-09T14:00:02.528-0200][gc,heap       ] GC(28) Humongous regions: 130->130
[2020-03-09T14:00:02.528-0200][gc,metaspace  ] GC(28) Metaspace: 34917K->34917K(1081344K)
[2020-03-09T14:00:02.528-0200][gc            ] GC(28) Pause Young (G1 Evacuation Pause) 242M->144M(1024M) 16.229ms
[2020-03-09T14:00:02.528-0200][gc,cpu        ] GC(28) User=0.01s Sys=0.02s Real=0.01s
[2020-03-09T15:04:33.595-0200][gc,start      ] GC(29) Pause Young (G1 Evacuation Pause)
[2020-03-09T15:04:33.595-0200][gc,task       ] GC(29) Using 4 workers of 4 for evacuation
[2020-03-09T15:04:33.604-0200][gc,phases     ] GC(29)   Pre Evacuate Collection Set: 1.2ms
[2020-03-09T15:04:33.604-0200][gc,phases     ] GC(29)   Evacuate Collection Set: 7.1ms
[2020-03-09T15:04:33.604-0200][gc,phases     ] GC(29)   Post Evacuate Collection Set: 0.7ms
[2020-03-09T15:04:33.604-0200][gc,phases     ] GC(29)   Other: 0.6ms
[2020-03-09T15:04:33.604-0200][gc,heap       ] GC(29) Eden regions: 102->0(125)
[2020-03-09T15:04:33.604-0200][gc,heap       ] GC(29) Survivor regions: 1->1(13)
[2020-03-09T15:04:33.604-0200][gc,heap       ] GC(29) Old regions: 15->15
[2020-03-09T15:04:33.605-0200][gc,heap       ] GC(29) Humongous regions: 130->130
[2020-03-09T15:04:33.605-0200][gc,metaspace  ] GC(29) Metaspace: 34930K->34930K(1081344K)
[2020-03-09T15:04:33.605-0200][gc            ] GC(29) Pause Young (G1 Evacuation Pause) 246M->144M(1024M) 9.788ms
[2020-03-09T15:04:33.605-0200][gc,cpu        ] GC(29) User=0.01s Sys=0.02s Real=0.01s
[2020-03-09T15:55:11.945-0200][gc,start      ] GC(30) Pause Young (G1 Evacuation Pause)
[2020-03-09T15:55:11.948-0200][gc,task       ] GC(30) Using 4 workers of 4 for evacuation
[2020-03-09T15:55:11.974-0200][gc,mmu        ] GC(30) MMU target violated: 21.0ms (20.0ms/21.0ms)
[2020-03-09T15:55:11.974-0200][gc,phases     ] GC(30)   Pre Evacuate Collection Set: 3.8ms
[2020-03-09T15:55:11.974-0200][gc,phases     ] GC(30)   Evacuate Collection Set: 20.4ms
[2020-03-09T15:55:11.974-0200][gc,phases     ] GC(30)   Post Evacuate Collection Set: 1.1ms
[2020-03-09T15:55:11.974-0200][gc,phases     ] GC(30)   Other: 8.7ms
[2020-03-09T15:55:11.974-0200][gc,heap       ] GC(30) Eden regions: 125->0(71)
[2020-03-09T15:55:11.974-0200][gc,heap       ] GC(30) Survivor regions: 1->1(16)
[2020-03-09T15:55:11.974-0200][gc,heap       ] GC(30) Old regions: 15->15
[2020-03-09T15:55:11.974-0200][gc,heap       ] GC(30) Humongous regions: 130->130
[2020-03-09T15:55:11.974-0200][gc,metaspace  ] GC(30) Metaspace: 34942K->34942K(1081344K)
[2020-03-09T15:55:11.975-0200][gc            ] GC(30) Pause Young (G1 Evacuation Pause) 269M->144M(1024M) 30.310ms
[2020-03-09T15:55:11.975-0200][gc,cpu        ] GC(30) User=0.03s Sys=0.03s Real=0.03s
[2020-03-09T16:19:46.917-0200][gc,start      ] GC(31) Pause Young (G1 Evacuation Pause)
[2020-03-09T16:19:46.919-0200][gc,task       ] GC(31) Using 4 workers of 4 for evacuation
[2020-03-09T16:19:46.934-0200][gc,phases     ] GC(31)   Pre Evacuate Collection Set: 1.5ms
[2020-03-09T16:19:46.934-0200][gc,phases     ] GC(31)   Evacuate Collection Set: 11.5ms
[2020-03-09T16:19:46.934-0200][gc,phases     ] GC(31)   Post Evacuate Collection Set: 1.1ms
[2020-03-09T16:19:46.934-0200][gc,phases     ] GC(31)   Other: 2.4ms
[2020-03-09T16:19:46.934-0200][gc,heap       ] GC(31) Eden regions: 71->0(89)
[2020-03-09T16:19:46.934-0200][gc,heap       ] GC(31) Survivor regions: 1->1(9)
[2020-03-09T16:19:46.934-0200][gc,heap       ] GC(31) Old regions: 15->15
[2020-03-09T16:19:46.934-0200][gc,heap       ] GC(31) Humongous regions: 130->130
[2020-03-09T16:19:46.934-0200][gc,metaspace  ] GC(31) Metaspace: 34949K->34949K(1081344K)
[2020-03-09T16:19:46.934-0200][gc            ] GC(31) Pause Young (G1 Evacuation Pause) 215M->144M(1024M) 16.836ms
[2020-03-09T16:19:46.934-0200][gc,cpu        ] GC(31) User=0.01s Sys=0.02s Real=0.02s
[2020-03-09T16:50:46.886-0200][gc,start      ] GC(32) Pause Young (G1 Evacuation Pause)
[2020-03-09T16:50:46.888-0200][gc,task       ] GC(32) Using 4 workers of 4 for evacuation
[2020-03-09T16:50:46.891-0200][gc,phases     ] GC(32)   Pre Evacuate Collection Set: 0.1ms
[2020-03-09T16:50:46.891-0200][gc,phases     ] GC(32)   Evacuate Collection Set: 1.8ms
[2020-03-09T16:50:46.891-0200][gc,phases     ] GC(32)   Post Evacuate Collection Set: 0.7ms
[2020-03-09T16:50:46.891-0200][gc,phases     ] GC(32)   Other: 2.2ms
[2020-03-09T16:50:46.891-0200][gc,heap       ] GC(32) Eden regions: 89->0(106)
[2020-03-09T16:50:46.891-0200][gc,heap       ] GC(32) Survivor regions: 1->1(12)
[2020-03-09T16:50:46.891-0200][gc,heap       ] GC(32) Old regions: 15->15
[2020-03-09T16:50:46.891-0200][gc,heap       ] GC(32) Humongous regions: 130->130
[2020-03-09T16:50:46.891-0200][gc,metaspace  ] GC(32) Metaspace: 34955K->34955K(1081344K)
[2020-03-09T16:50:46.891-0200][gc            ] GC(32) Pause Young (G1 Evacuation Pause) 233M->144M(1024M) 5.075ms
[2020-03-09T16:50:46.891-0200][gc,cpu        ] GC(32) User=0.01s Sys=0.01s Real=0.01s
[2020-03-09T17:27:31.847-0200][gc,start      ] GC(33) Pause Young (G1 Evacuation Pause)
[2020-03-09T17:27:31.849-0200][gc,task       ] GC(33) Using 4 workers of 4 for evacuation
[2020-03-09T17:27:31.861-0200][gc,phases     ] GC(33)   Pre Evacuate Collection Set: 2.5ms
[2020-03-09T17:27:31.861-0200][gc,phases     ] GC(33)   Evacuate Collection Set: 7.8ms
[2020-03-09T17:27:31.861-0200][gc,phases     ] GC(33)   Post Evacuate Collection Set: 0.8ms
[2020-03-09T17:27:31.861-0200][gc,phases     ] GC(33)   Other: 3.5ms
[2020-03-09T17:27:31.861-0200][gc,heap       ] GC(33) Eden regions: 106->0(126)
[2020-03-09T17:27:31.861-0200][gc,heap       ] GC(33) Survivor regions: 1->1(14)
[2020-03-09T17:27:31.861-0200][gc,heap       ] GC(33) Old regions: 15->15
[2020-03-09T17:27:31.861-0200][gc,heap       ] GC(33) Humongous regions: 130->130
[2020-03-09T17:27:31.861-0200][gc,metaspace  ] GC(33) Metaspace: 34956K->34956K(1081344K)
[2020-03-09T17:27:31.861-0200][gc            ] GC(33) Pause Young (G1 Evacuation Pause) 250M->144M(1024M) 14.753ms
[2020-03-09T17:27:31.861-0200][gc,cpu        ] GC(33) User=0.01s Sys=0.02s Real=0.02s
