[2020-09-15T11:18:04.883+0300][gc,heap] Heap region size: 1M
[2020-09-15T11:18:04.894+0300][gc     ] Using G1
[2020-09-15T11:18:04.894+0300][gc,heap,coops] Heap address: 0x00000000c0000000, size: 1024 MB, Compressed Oops mode: 32-bit
[2020-09-15T11:18:04.894+0300][gc,cds       ] Mark closed archive regions in map: [0x00000000ffe00000, 0x00000000ffe69ff8]
[2020-09-15T11:18:04.894+0300][gc,cds       ] Mark open archive regions in map: [0x00000000ffc00000, 0x00000000ffc46ff8]
[2020-09-15T11:18:05.946+0300][gc,start     ] GC(0) Pause Young (Normal) (G1 Evacuation Pause)
[2020-09-15T11:18:05.947+0300][gc,task      ] GC(0) Using 10 workers of 10 for evacuation
[2020-09-15T11:18:05.953+0300][gc,phases    ] GC(0)   Pre Evacuate Collection Set: 0.0ms
[2020-09-15T11:18:05.953+0300][gc,phases    ] GC(0)   Evacuate Collection Set: 5.9ms
[2020-09-15T11:18:05.953+0300][gc,phases    ] GC(0)   Post Evacuate Collection Set: 0.5ms
[2020-09-15T11:18:05.953+0300][gc,phases    ] GC(0)   Other: 0.9ms
[2020-09-15T11:18:05.953+0300][gc,heap      ] GC(0) Eden regions: 51->0(44)
[2020-09-15T11:18:05.953+0300][gc,heap      ] GC(0) Survivor regions: 0->7(7)
[2020-09-15T11:18:05.953+0300][gc,heap      ] GC(0) Old regions: 2->2
[2020-09-15T11:18:05.953+0300][gc,heap      ] GC(0) Humongous regions: 0->0
[2020-09-15T11:18:05.953+0300][gc,metaspace ] GC(0) Metaspace: 16294K->16294K(1064960K)
[2020-09-15T11:18:05.953+0300][gc           ] GC(0) Pause Young (Normal) (G1 Evacuation Pause) 51M->7M(1024M) 7.367ms
[2020-09-15T11:18:05.953+0300][gc,cpu       ] GC(0) User=0.06s Sys=0.00s Real=0.00s
[2020-09-15T11:18:06.163+0300][gc,start     ] GC(1) Pause Young (Concurrent Start) (Metadata GC Threshold)
[2020-09-15T11:18:06.163+0300][gc,task      ] GC(1) Using 10 workers of 10 for evacuation
[2020-09-15T11:18:06.169+0300][gc,phases    ] GC(1)   Pre Evacuate Collection Set: 0.0ms
[2020-09-15T11:18:06.169+0300][gc,phases    ] GC(1)   Evacuate Collection Set: 5.3ms
[2020-09-15T11:18:06.169+0300][gc,phases    ] GC(1)   Post Evacuate Collection Set: 0.4ms
[2020-09-15T11:18:06.169+0300][gc,phases    ] GC(1)   Other: 0.2ms
[2020-09-15T11:18:06.169+0300][gc,heap      ] GC(1) Eden regions: 18->0(50)
[2020-09-15T11:18:06.169+0300][gc,heap      ] GC(1) Survivor regions: 7->1(7)
[2020-09-15T11:18:06.169+0300][gc,heap      ] GC(1) Old regions: 2->9
[2020-09-15T11:18:06.169+0300][gc,heap      ] GC(1) Humongous regions: 0->0
[2020-09-15T11:18:06.169+0300][gc,metaspace ] GC(1) Metaspace: 20474K->20474K(1067008K)
[2020-09-15T11:18:06.169+0300][gc           ] GC(1) Pause Young (Concurrent Start) (Metadata GC Threshold) 24M->8M(1024M) 5.950ms
[2020-09-15T11:18:06.169+0300][gc,cpu       ] GC(1) User=0.03s Sys=0.01s Real=0.01s
[2020-09-15T11:18:06.169+0300][gc           ] GC(2) Concurrent Cycle
[2020-09-15T11:18:06.169+0300][gc,marking   ] GC(2) Concurrent Clear Claimed Marks
[2020-09-15T11:18:06.169+0300][gc,marking   ] GC(2) Concurrent Clear Claimed Marks 0.024ms
[2020-09-15T11:18:06.169+0300][gc,marking   ] GC(2) Concurrent Scan Root Regions
[2020-09-15T11:18:06.170+0300][gc,marking   ] GC(2) Concurrent Scan Root Regions 0.621ms
[2020-09-15T11:18:06.170+0300][gc,marking   ] GC(2) Concurrent Mark (1.290s)
[2020-09-15T11:18:06.170+0300][gc,marking   ] GC(2) Concurrent Mark From Roots
[2020-09-15T11:18:06.170+0300][gc,task      ] GC(2) Using 3 workers of 3 for marking
[2020-09-15T11:18:06.174+0300][gc,marking   ] GC(2) Concurrent Mark From Roots 4.423ms
[2020-09-15T11:18:06.174+0300][gc,marking   ] GC(2) Concurrent Preclean
[2020-09-15T11:18:06.174+0300][gc,marking   ] GC(2) Concurrent Preclean 0.122ms
[2020-09-15T11:18:06.174+0300][gc,marking   ] GC(2) Concurrent Mark (1.290s, 1.295s) 4.579ms
[2020-09-15T11:18:06.212+0300][gc,start     ] GC(2) Pause Remark
[2020-09-15T11:18:06.213+0300][gc,stringtable] GC(2) Cleaned string and symbol table, strings: 4863 processed, 0 removed, symbols: 49448 processed, 52 removed
[2020-09-15T11:18:06.214+0300][gc            ] GC(2) Pause Remark 137M->137M(1024M) 1.401ms
[2020-09-15T11:18:06.214+0300][gc,cpu        ] GC(2) User=0.00s Sys=0.00s Real=0.01s
[2020-09-15T11:18:06.214+0300][gc,marking    ] GC(2) Concurrent Rebuild Remembered Sets
[2020-09-15T11:18:06.216+0300][gc,marking    ] GC(2) Concurrent Rebuild Remembered Sets 2.209ms
[2020-09-15T11:18:06.216+0300][gc,start      ] GC(2) Pause Cleanup
[2020-09-15T11:18:06.216+0300][gc            ] GC(2) Pause Cleanup 137M->137M(1024M) 0.200ms
[2020-09-15T11:18:06.216+0300][gc,cpu        ] GC(2) User=0.00s Sys=0.00s Real=0.00s
[2020-09-15T11:18:06.216+0300][gc,marking    ] GC(2) Concurrent Cleanup for Next Mark
[2020-09-15T11:18:06.221+0300][gc,marking    ] GC(2) Concurrent Cleanup for Next Mark 4.495ms
[2020-09-15T11:18:06.221+0300][gc            ] GC(2) Concurrent Cycle 51.824ms
[2020-09-15T11:18:06.671+0300][gc,start      ] GC(3) Pause Young (Normal) (G1 Evacuation Pause)
[2020-09-15T11:18:06.671+0300][gc,task       ] GC(3) Using 10 workers of 10 for evacuation
[2020-09-15T11:18:06.674+0300][gc,phases     ] GC(3)   Pre Evacuate Collection Set: 0.0ms
[2020-09-15T11:18:06.674+0300][gc,phases     ] GC(3)   Evacuate Collection Set: 2.7ms
[2020-09-15T11:18:06.674+0300][gc,phases     ] GC(3)   Post Evacuate Collection Set: 0.4ms
[2020-09-15T11:18:06.674+0300][gc,phases     ] GC(3)   Other: 0.1ms
[2020-09-15T11:18:06.674+0300][gc,heap       ] GC(3) Eden regions: 50->0(45)
[2020-09-15T11:18:06.674+0300][gc,heap       ] GC(3) Survivor regions: 1->6(7)
[2020-09-15T11:18:06.674+0300][gc,heap       ] GC(3) Old regions: 9->9
[2020-09-15T11:18:06.674+0300][gc,heap       ] GC(3) Humongous regions: 129->129
[2020-09-15T11:18:06.674+0300][gc,metaspace  ] GC(3) Metaspace: 30238K->30238K(1077248K)
[2020-09-15T11:18:06.674+0300][gc            ] GC(3) Pause Young (Normal) (G1 Evacuation Pause) 187M->141M(1024M) 3.254ms
[2020-09-15T11:18:06.674+0300][gc,cpu        ] GC(3) User=0.02s Sys=0.00s Real=0.01s
[2020-09-15T11:54:21.332+0300][gc,start      ] GC(4) Pause Young (Normal) (G1 Evacuation Pause)
[2020-09-15T11:54:21.332+0300][gc,task       ] GC(4) Using 10 workers of 10 for evacuation
[2020-09-15T11:54:21.334+0300][gc,phases     ] GC(4)   Pre Evacuate Collection Set: 0.0ms
[2020-09-15T11:54:21.334+0300][gc,phases     ] GC(4)   Evacuate Collection Set: 1.8ms
[2020-09-15T11:54:21.334+0300][gc,phases     ] GC(4)   Post Evacuate Collection Set: 0.4ms
[2020-09-15T11:54:21.334+0300][gc,phases     ] GC(4)   Other: 0.1ms
[2020-09-15T11:54:21.334+0300][gc,heap       ] GC(4) Eden regions: 45->0(50)
[2020-09-15T11:54:21.334+0300][gc,heap       ] GC(4) Survivor regions: 6->1(7)
[2020-09-15T11:54:21.334+0300][gc,heap       ] GC(4) Old regions: 9->14
[2020-09-15T11:54:21.334+0300][gc,heap       ] GC(4) Humongous regions: 129->129
[2020-09-15T11:54:21.334+0300][gc,metaspace  ] GC(4) Metaspace: 32599K->32599K(1079296K)
[2020-09-15T11:54:21.334+0300][gc            ] GC(4) Pause Young (Normal) (G1 Evacuation Pause) 186M->141M(1024M) 2.384ms
[2020-09-15T11:54:21.334+0300][gc,cpu        ] GC(4) User=0.02s Sys=0.00s Real=0.01s
[2020-09-15T12:47:07.706+0300][gc,start      ] GC(5) Pause Young (Normal) (G1 Evacuation Pause)
[2020-09-15T12:47:07.706+0300][gc,task       ] GC(5) Using 10 workers of 10 for evacuation
[2020-09-15T12:47:07.710+0300][gc,phases     ] GC(5)   Pre Evacuate Collection Set: 0.0ms
[2020-09-15T12:47:07.710+0300][gc,phases     ] GC(5)   Evacuate Collection Set: 2.3ms
[2020-09-15T12:47:07.710+0300][gc,phases     ] GC(5)   Post Evacuate Collection Set: 1.1ms
[2020-09-15T12:47:07.710+0300][gc,phases     ] GC(5)   Other: 0.3ms
[2020-09-15T12:47:07.710+0300][gc,heap       ] GC(5) Eden regions: 50->0(50)
[2020-09-15T12:47:07.710+0300][gc,heap       ] GC(5) Survivor regions: 1->1(7)
[2020-09-15T12:47:07.710+0300][gc,heap       ] GC(5) Old regions: 14->14
[2020-09-15T12:47:07.710+0300][gc,heap       ] GC(5) Humongous regions: 129->129
[2020-09-15T12:47:07.710+0300][gc,metaspace  ] GC(5) Metaspace: 32813K->32813K(1079296K)
[2020-09-15T12:47:07.710+0300][gc            ] GC(5) Pause Young (Normal) (G1 Evacuation Pause) 191M->141M(1024M) 3.956ms
[2020-09-15T12:47:07.710+0300][gc,cpu        ] GC(5) User=0.02s Sys=0.00s Real=0.00s
[2020-09-15T13:40:11.420+0300][gc,start      ] GC(6) Pause Young (Normal) (G1 Evacuation Pause)
[2020-09-15T13:40:11.420+0300][gc,task       ] GC(6) Using 10 workers of 10 for evacuation
[2020-09-15T13:40:11.424+0300][gc,phases     ] GC(6)   Pre Evacuate Collection Set: 0.0ms
[2020-09-15T13:40:11.424+0300][gc,phases     ] GC(6)   Evacuate Collection Set: 2.6ms
[2020-09-15T13:40:11.424+0300][gc,phases     ] GC(6)   Post Evacuate Collection Set: 1.2ms
[2020-09-15T13:40:11.424+0300][gc,phases     ] GC(6)   Other: 0.4ms
[2020-09-15T13:40:11.425+0300][gc,heap       ] GC(6) Eden regions: 50->0(50)
[2020-09-15T13:40:11.425+0300][gc,heap       ] GC(6) Survivor regions: 1->1(7)
[2020-09-15T13:40:11.425+0300][gc,heap       ] GC(6) Old regions: 14->14
[2020-09-15T13:40:11.425+0300][gc,heap       ] GC(6) Humongous regions: 129->129
[2020-09-15T13:40:11.425+0300][gc,metaspace  ] GC(6) Metaspace: 32935K->32935K(1079296K)
[2020-09-15T13:40:11.425+0300][gc            ] GC(6) Pause Young (Normal) (G1 Evacuation Pause) 191M->141M(1024M) 4.399ms
[2020-09-15T13:40:11.425+0300][gc,cpu        ] GC(6) User=0.03s Sys=0.00s Real=0.00s
[2020-09-15T14:34:37.525+0300][gc,start      ] GC(7) Pause Young (Normal) (G1 Evacuation Pause)
[2020-09-15T14:34:37.525+0300][gc,task       ] GC(7) Using 10 workers of 10 for evacuation
[2020-09-15T14:34:37.529+0300][gc,phases     ] GC(7)   Pre Evacuate Collection Set: 0.0ms
[2020-09-15T14:34:37.529+0300][gc,phases     ] GC(7)   Evacuate Collection Set: 2.9ms
[2020-09-15T14:34:37.529+0300][gc,phases     ] GC(7)   Post Evacuate Collection Set: 1.1ms
[2020-09-15T14:34:37.529+0300][gc,phases     ] GC(7)   Other: 0.4ms
[2020-09-15T14:34:37.529+0300][gc,heap       ] GC(7) Eden regions: 50->0(54)
[2020-09-15T14:34:37.529+0300][gc,heap       ] GC(7) Survivor regions: 1->1(7)
[2020-09-15T14:34:37.529+0300][gc,heap       ] GC(7) Old regions: 14->14
[2020-09-15T14:34:37.529+0300][gc,heap       ] GC(7) Humongous regions: 129->129
[2020-09-15T14:34:37.529+0300][gc,metaspace  ] GC(7) Metaspace: 32980K->32980K(1079296K)
[2020-09-15T14:34:37.530+0300][gc            ] GC(7) Pause Young (Normal) (G1 Evacuation Pause) 191M->141M(1024M) 4.589ms
[2020-09-15T14:34:37.530+0300][gc,cpu        ] GC(7) User=0.02s Sys=0.01s Real=0.01s
[2020-09-15T15:34:21.703+0300][gc,start      ] GC(8) Pause Young (Normal) (G1 Evacuation Pause)
[2020-09-15T15:34:21.703+0300][gc,task       ] GC(8) Using 10 workers of 10 for evacuation
[2020-09-15T15:34:21.708+0300][gc,phases     ] GC(8)   Pre Evacuate Collection Set: 0.0ms
[2020-09-15T15:34:21.708+0300][gc,phases     ] GC(8)   Evacuate Collection Set: 2.7ms
[2020-09-15T15:34:21.708+0300][gc,phases     ] GC(8)   Post Evacuate Collection Set: 1.3ms
[2020-09-15T15:34:21.708+0300][gc,phases     ] GC(8)   Other: 0.2ms
[2020-09-15T15:34:21.708+0300][gc,heap       ] GC(8) Eden regions: 54->0(58)
[2020-09-15T15:34:21.708+0300][gc,heap       ] GC(8) Survivor regions: 1->1(7)
[2020-09-15T15:34:21.708+0300][gc,heap       ] GC(8) Old regions: 14->14
[2020-09-15T15:34:21.708+0300][gc,heap       ] GC(8) Humongous regions: 129->129
[2020-09-15T15:34:21.708+0300][gc,metaspace  ] GC(8) Metaspace: 33018K->33018K(1079296K)
[2020-09-15T15:34:21.708+0300][gc            ] GC(8) Pause Young (Normal) (G1 Evacuation Pause) 195M->141M(1024M) 4.252ms
[2020-09-15T15:34:21.708+0300][gc,cpu        ] GC(8) User=0.01s Sys=0.00s Real=0.01s
[2020-09-15T16:39:33.684+0300][gc,start      ] GC(9) Pause Young (Normal) (G1 Evacuation Pause)
[2020-09-15T16:39:33.684+0300][gc,task       ] GC(9) Using 10 workers of 10 for evacuation
[2020-09-15T16:39:33.685+0300][gc,phases     ] GC(9)   Pre Evacuate Collection Set: 0.0ms
[2020-09-15T16:39:33.685+0300][gc,phases     ] GC(9)   Evacuate Collection Set: 0.5ms
[2020-09-15T16:39:33.685+0300][gc,phases     ] GC(9)   Post Evacuate Collection Set: 0.5ms
[2020-09-15T16:39:33.685+0300][gc,phases     ] GC(9)   Other: 0.1ms
[2020-09-15T16:39:33.685+0300][gc,heap       ] GC(9) Eden regions: 58->0(66)
[2020-09-15T16:39:33.685+0300][gc,heap       ] GC(9) Survivor regions: 1->1(8)
[2020-09-15T16:39:33.685+0300][gc,heap       ] GC(9) Old regions: 14->14
[2020-09-15T16:39:33.685+0300][gc,heap       ] GC(9) Humongous regions: 129->129
[2020-09-15T16:39:33.685+0300][gc,metaspace  ] GC(9) Metaspace: 33023K->33023K(1079296K)
[2020-09-15T16:39:33.685+0300][gc            ] GC(9) Pause Young (Normal) (G1 Evacuation Pause) 199M->141M(1024M) 1.256ms
[2020-09-15T16:39:33.685+0300][gc,cpu        ] GC(9) User=0.00s Sys=0.00s Real=0.00s
[2020-09-15T17:53:43.181+0300][gc,start      ] GC(10) Pause Young (Normal) (G1 Evacuation Pause)
[2020-09-15T17:53:43.181+0300][gc,task       ] GC(10) Using 10 workers of 10 for evacuation
[2020-09-15T17:53:43.186+0300][gc,phases     ] GC(10)   Pre Evacuate Collection Set: 0.0ms
[2020-09-15T17:53:43.186+0300][gc,phases     ] GC(10)   Evacuate Collection Set: 3.6ms
[2020-09-15T17:53:43.186+0300][gc,phases     ] GC(10)   Post Evacuate Collection Set: 1.1ms
[2020-09-15T17:53:43.186+0300][gc,phases     ] GC(10)   Other: 0.4ms
[2020-09-15T17:53:43.186+0300][gc,heap       ] GC(10) Eden regions: 66->0(73)
[2020-09-15T17:53:43.186+0300][gc,heap       ] GC(10) Survivor regions: 1->1(9)
[2020-09-15T17:53:43.186+0300][gc,heap       ] GC(10) Old regions: 14->14
[2020-09-15T17:53:43.186+0300][gc,heap       ] GC(10) Humongous regions: 129->129
[2020-09-15T17:53:43.186+0300][gc,metaspace  ] GC(10) Metaspace: 33029K->33029K(1079296K)
[2020-09-15T17:53:43.186+0300][gc            ] GC(10) Pause Young (Normal) (G1 Evacuation Pause) 207M->141M(1024M) 5.343ms
[2020-09-15T17:53:43.186+0300][gc,cpu        ] GC(10) User=0.02s Sys=0.01s Real=0.01s
[2020-09-15T19:15:48.941+0300][gc,start      ] GC(11) Pause Young (Normal) (G1 Evacuation Pause)
[2020-09-15T19:15:48.941+0300][gc,task       ] GC(11) Using 10 workers of 10 for evacuation
[2020-09-15T19:15:48.946+0300][gc,phases     ] GC(11)   Pre Evacuate Collection Set: 0.0ms
[2020-09-15T19:15:48.946+0300][gc,phases     ] GC(11)   Evacuate Collection Set: 3.5ms
[2020-09-15T19:15:48.946+0300][gc,phases     ] GC(11)   Post Evacuate Collection Set: 1.0ms
[2020-09-15T19:15:48.946+0300][gc,phases     ] GC(11)   Other: 0.4ms
[2020-09-15T19:15:48.946+0300][gc,heap       ] GC(11) Eden regions: 73->0(81)
[2020-09-15T19:15:48.946+0300][gc,heap       ] GC(11) Survivor regions: 1->1(10)
[2020-09-15T19:15:48.946+0300][gc,heap       ] GC(11) Old regions: 14->14
[2020-09-15T19:15:48.946+0300][gc,heap       ] GC(11) Humongous regions: 129->129
[2020-09-15T19:15:48.946+0300][gc,metaspace  ] GC(11) Metaspace: 33037K->33037K(1079296K)
[2020-09-15T19:15:48.946+0300][gc            ] GC(11) Pause Young (Normal) (G1 Evacuation Pause) 214M->141M(1024M) 5.130ms
[2020-09-15T19:15:48.946+0300][gc,cpu        ] GC(11) User=0.04s Sys=0.00s Real=0.01s
[2020-09-15T20:47:22.171+0300][gc,start      ] GC(12) Pause Young (Normal) (G1 Evacuation Pause)
[2020-09-15T20:47:22.171+0300][gc,task       ] GC(12) Using 10 workers of 10 for evacuation
[2020-09-15T20:47:22.175+0300][gc,phases     ] GC(12)   Pre Evacuate Collection Set: 0.0ms
[2020-09-15T20:47:22.175+0300][gc,phases     ] GC(12)   Evacuate Collection Set: 2.7ms
[2020-09-15T20:47:22.175+0300][gc,phases     ] GC(12)   Post Evacuate Collection Set: 1.1ms
[2020-09-15T20:47:22.175+0300][gc,phases     ] GC(12)   Other: 0.4ms
[2020-09-15T20:47:22.175+0300][gc,heap       ] GC(12) Eden regions: 81->0(90)
[2020-09-15T20:47:22.175+0300][gc,heap       ] GC(12) Survivor regions: 1->1(11)
[2020-09-15T20:47:22.175+0300][gc,heap       ] GC(12) Old regions: 14->14
[2020-09-15T20:47:22.175+0300][gc,heap       ] GC(12) Humongous regions: 129->129
[2020-09-15T20:47:22.175+0300][gc,metaspace  ] GC(12) Metaspace: 33052K->33052K(1079296K)
[2020-09-15T20:47:22.175+0300][gc            ] GC(12) Pause Young (Normal) (G1 Evacuation Pause) 222M->141M(1024M) 4.456ms
[2020-09-15T20:47:22.175+0300][gc,cpu        ] GC(12) User=0.03s Sys=0.00s Real=0.01s
[2020-09-15T22:29:07.569+0300][gc,start      ] GC(13) Pause Young (Normal) (G1 Evacuation Pause)
[2020-09-15T22:29:07.569+0300][gc,task       ] GC(13) Using 10 workers of 10 for evacuation
[2020-09-15T22:29:07.573+0300][gc,phases     ] GC(13)   Pre Evacuate Collection Set: 0.0ms
[2020-09-15T22:29:07.574+0300][gc,phases     ] GC(13)   Evacuate Collection Set: 3.4ms
[2020-09-15T22:29:07.574+0300][gc,phases     ] GC(13)   Post Evacuate Collection Set: 1.2ms
[2020-09-15T22:29:07.574+0300][gc,phases     ] GC(13)   Other: 0.4ms
[2020-09-15T22:29:07.574+0300][gc,heap       ] GC(13) Eden regions: 90->0(100)
[2020-09-15T22:29:07.574+0300][gc,heap       ] GC(13) Survivor regions: 1->1(12)
[2020-09-15T22:29:07.574+0300][gc,heap       ] GC(13) Old regions: 14->14
[2020-09-15T22:29:07.574+0300][gc,heap       ] GC(13) Humongous regions: 129->129
[2020-09-15T22:29:07.574+0300][gc,metaspace  ] GC(13) Metaspace: 33064K->33064K(1079296K)
[2020-09-15T22:29:07.574+0300][gc            ] GC(13) Pause Young (Normal) (G1 Evacuation Pause) 231M->141M(1024M) 5.188ms
[2020-09-15T22:29:07.574+0300][gc,cpu        ] GC(13) User=0.03s Sys=0.01s Real=0.01s
[2020-09-16T00:22:12.499+0300][gc,start      ] GC(14) Pause Young (Normal) (G1 Evacuation Pause)
[2020-09-16T00:22:12.499+0300][gc,task       ] GC(14) Using 10 workers of 10 for evacuation
[2020-09-16T00:22:12.504+0300][gc,phases     ] GC(14)   Pre Evacuate Collection Set: 0.0ms
[2020-09-16T00:22:12.504+0300][gc,phases     ] GC(14)   Evacuate Collection Set: 3.5ms
[2020-09-16T00:22:12.504+0300][gc,phases     ] GC(14)   Post Evacuate Collection Set: 1.1ms
[2020-09-16T00:22:12.504+0300][gc,phases     ] GC(14)   Other: 0.4ms
[2020-09-16T00:22:12.504+0300][gc,heap       ] GC(14) Eden regions: 100->0(110)
[2020-09-16T00:22:12.504+0300][gc,heap       ] GC(14) Survivor regions: 1->1(13)
[2020-09-16T00:22:12.504+0300][gc,heap       ] GC(14) Old regions: 14->14
[2020-09-16T00:22:12.504+0300][gc,heap       ] GC(14) Humongous regions: 129->129
[2020-09-16T00:22:12.504+0300][gc,metaspace  ] GC(14) Metaspace: 33069K->33069K(1079296K)
[2020-09-16T00:22:12.505+0300][gc            ] GC(14) Pause Young (Normal) (G1 Evacuation Pause) 241M->141M(1024M) 5.205ms
[2020-09-16T00:22:12.505+0300][gc,cpu        ] GC(14) User=0.03s Sys=0.00s Real=0.00s
[2020-09-16T02:26:32.547+0300][gc,start      ] GC(15) Pause Young (Normal) (G1 Evacuation Pause)
[2020-09-16T02:26:32.547+0300][gc,task       ] GC(15) Using 10 workers of 10 for evacuation
[2020-09-16T02:26:32.552+0300][gc,phases     ] GC(15)   Pre Evacuate Collection Set: 0.0ms
[2020-09-16T02:26:32.552+0300][gc,phases     ] GC(15)   Evacuate Collection Set: 3.4ms
[2020-09-16T02:26:32.552+0300][gc,phases     ] GC(15)   Post Evacuate Collection Set: 1.2ms
[2020-09-16T02:26:32.552+0300][gc,phases     ] GC(15)   Other: 0.4ms
[2020-09-16T02:26:32.552+0300][gc,heap       ] GC(15) Eden regions: 110->0(121)
[2020-09-16T02:26:32.552+0300][gc,heap       ] GC(15) Survivor regions: 1->1(14)
[2020-09-16T02:26:32.552+0300][gc,heap       ] GC(15) Old regions: 14->14
[2020-09-16T02:26:32.552+0300][gc,heap       ] GC(15) Humongous regions: 129->129
[2020-09-16T02:26:32.552+0300][gc,metaspace  ] GC(15) Metaspace: 33095K->33095K(1079296K)
[2020-09-16T02:26:32.552+0300][gc            ] GC(15) Pause Young (Normal) (G1 Evacuation Pause) 251M->141M(1024M) 5.281ms
[2020-09-16T02:26:32.552+0300][gc,cpu        ] GC(15) User=0.04s Sys=0.00s Real=0.00s
[2020-09-16T04:43:22.187+0300][gc,start      ] GC(16) Pause Young (Normal) (G1 Evacuation Pause)
[2020-09-16T04:43:22.187+0300][gc,task       ] GC(16) Using 10 workers of 10 for evacuation
[2020-09-16T04:43:22.192+0300][gc,phases     ] GC(16)   Pre Evacuate Collection Set: 0.0ms
[2020-09-16T04:43:22.192+0300][gc,phases     ] GC(16)   Evacuate Collection Set: 3.4ms
[2020-09-16T04:43:22.192+0300][gc,phases     ] GC(16)   Post Evacuate Collection Set: 1.0ms
[2020-09-16T04:43:22.192+0300][gc,phases     ] GC(16)   Other: 0.4ms
[2020-09-16T04:43:22.192+0300][gc,heap       ] GC(16) Eden regions: 121->0(133)
[2020-09-16T04:43:22.192+0300][gc,heap       ] GC(16) Survivor regions: 1->1(16)
[2020-09-16T04:43:22.192+0300][gc,heap       ] GC(16) Old regions: 14->14
[2020-09-16T04:43:22.192+0300][gc,heap       ] GC(16) Humongous regions: 129->129
[2020-09-16T04:43:22.192+0300][gc,metaspace  ] GC(16) Metaspace: 33105K->33105K(1079296K)
[2020-09-16T04:43:22.192+0300][gc            ] GC(16) Pause Young (Normal) (G1 Evacuation Pause) 262M->141M(1024M) 5.003ms
[2020-09-16T04:43:22.192+0300][gc,cpu        ] GC(16) User=0.04s Sys=0.00s Real=0.00s
[2020-09-16T07:14:06.475+0300][gc,start      ] GC(17) Pause Young (Normal) (G1 Evacuation Pause)
[2020-09-16T07:14:06.476+0300][gc,task       ] GC(17) Using 10 workers of 10 for evacuation
[2020-09-16T07:14:06.480+0300][gc,phases     ] GC(17)   Pre Evacuate Collection Set: 0.0ms
[2020-09-16T07:14:06.480+0300][gc,phases     ] GC(17)   Evacuate Collection Set: 3.4ms
[2020-09-16T07:14:06.480+0300][gc,phases     ] GC(17)   Post Evacuate Collection Set: 1.2ms
[2020-09-16T07:14:06.480+0300][gc,phases     ] GC(17)   Other: 0.4ms
[2020-09-16T07:14:06.480+0300][gc,heap       ] GC(17) Eden regions: 133->0(145)
[2020-09-16T07:14:06.481+0300][gc,heap       ] GC(17) Survivor regions: 1->1(17)
[2020-09-16T07:14:06.481+0300][gc,heap       ] GC(17) Old regions: 14->14
[2020-09-16T07:14:06.481+0300][gc,heap       ] GC(17) Humongous regions: 129->129
[2020-09-16T07:14:06.481+0300][gc,metaspace  ] GC(17) Metaspace: 33107K->33107K(1079296K)
[2020-09-16T07:14:06.481+0300][gc            ] GC(17) Pause Young (Normal) (G1 Evacuation Pause) 274M->141M(1024M) 5.124ms
[2020-09-16T07:14:06.481+0300][gc,cpu        ] GC(17) User=0.04s Sys=0.00s Real=0.00s
