[2020-03-12T08:54:52.633+0200][gc,heap] Heap region size: 1M
[2020-03-12T08:54:52.642+0200][gc     ] Using G1
[2020-03-12T08:54:52.642+0200][gc,heap,coops] Heap address: 0x00000000c0000000, size: 1024 MB, Compressed Oops mode: 32-bit
[2020-03-12T08:54:53.558+0200][gc,start     ] GC(0) Pause Young (Normal) (G1 Evacuation Pause)
[2020-03-12T08:54:53.559+0200][gc,task      ] GC(0) Using 10 workers of 10 for evacuation
[2020-03-12T08:54:53.563+0200][gc,phases    ] GC(0)   Pre Evacuate Collection Set: 0.0ms
[2020-03-12T08:54:53.563+0200][gc,phases    ] GC(0)   Evacuate Collection Set: 2.9ms
[2020-03-12T08:54:53.563+0200][gc,phases    ] GC(0)   Post Evacuate Collection Set: 0.5ms
[2020-03-12T08:54:53.563+0200][gc,phases    ] GC(0)   Other: 0.9ms
[2020-03-12T08:54:53.563+0200][gc,heap      ] GC(0) Eden regions: 51->0(44)
[2020-03-12T08:54:53.563+0200][gc,heap      ] GC(0) Survivor regions: 0->7(7)
[2020-03-12T08:54:53.563+0200][gc,heap      ] GC(0) Old regions: 0->0
[2020-03-12T08:54:53.563+0200][gc,heap      ] GC(0) Humongous regions: 0->0
[2020-03-12T08:54:53.563+0200][gc,metaspace ] GC(0) Metaspace: 16013K->16013K(1062912K)
[2020-03-12T08:54:53.563+0200][gc           ] GC(0) Pause Young (Normal) (G1 Evacuation Pause) 51M->6M(1024M) 4.329ms
[2020-03-12T08:54:53.563+0200][gc,cpu       ] GC(0) User=0.02s Sys=0.01s Real=0.00s
[2020-03-12T08:54:53.746+0200][gc,start     ] GC(1) Pause Young (Concurrent Start) (Metadata GC Threshold)
[2020-03-12T08:54:53.746+0200][gc,task      ] GC(1) Using 10 workers of 10 for evacuation
[2020-03-12T08:54:53.752+0200][gc,phases    ] GC(1)   Pre Evacuate Collection Set: 0.1ms
[2020-03-12T08:54:53.752+0200][gc,phases    ] GC(1)   Evacuate Collection Set: 4.7ms
[2020-03-12T08:54:53.752+0200][gc,phases    ] GC(1)   Post Evacuate Collection Set: 0.5ms
[2020-03-12T08:54:53.752+0200][gc,phases    ] GC(1)   Other: 0.2ms
[2020-03-12T08:54:53.752+0200][gc,heap      ] GC(1) Eden regions: 18->0(50)
[2020-03-12T08:54:53.752+0200][gc,heap      ] GC(1) Survivor regions: 7->1(7)
[2020-03-12T08:54:53.752+0200][gc,heap      ] GC(1) Old regions: 0->7
[2020-03-12T08:54:53.752+0200][gc,heap      ] GC(1) Humongous regions: 0->0
[2020-03-12T08:54:53.752+0200][gc,metaspace ] GC(1) Metaspace: 20318K->20318K(1067008K)
[2020-03-12T08:54:53.752+0200][gc           ] GC(1) Pause Young (Concurrent Start) (Metadata GC Threshold) 24M->7M(1024M) 5.502ms
[2020-03-12T08:54:53.752+0200][gc,cpu       ] GC(1) User=0.02s Sys=0.01s Real=0.01s
[2020-03-12T08:54:53.752+0200][gc           ] GC(2) Concurrent Cycle
[2020-03-12T08:54:53.752+0200][gc,marking   ] GC(2) Concurrent Clear Claimed Marks
[2020-03-12T08:54:53.752+0200][gc,marking   ] GC(2) Concurrent Clear Claimed Marks 0.038ms
[2020-03-12T08:54:53.752+0200][gc,marking   ] GC(2) Concurrent Scan Root Regions
[2020-03-12T08:54:53.754+0200][gc,marking   ] GC(2) Concurrent Scan Root Regions 1.457ms
[2020-03-12T08:54:53.754+0200][gc,marking   ] GC(2) Concurrent Mark (1.123s)
[2020-03-12T08:54:53.754+0200][gc,marking   ] GC(2) Concurrent Mark From Roots
[2020-03-12T08:54:53.754+0200][gc,task      ] GC(2) Using 3 workers of 3 for marking
[2020-03-12T08:54:53.758+0200][gc,marking   ] GC(2) Concurrent Mark From Roots 4.377ms
[2020-03-12T08:54:53.758+0200][gc,marking   ] GC(2) Concurrent Preclean
[2020-03-12T08:54:53.758+0200][gc,marking   ] GC(2) Concurrent Preclean 0.116ms
[2020-03-12T08:54:53.758+0200][gc,marking   ] GC(2) Concurrent Mark (1.123s, 1.127s) 4.524ms
[2020-03-12T08:54:53.758+0200][gc,start     ] GC(2) Pause Remark
[2020-03-12T08:54:53.759+0200][gc,stringtable] GC(2) Cleaned string and symbol table, strings: 9116 processed, 0 removed, symbols: 49968 processed, 47 removed
[2020-03-12T08:54:53.759+0200][gc            ] GC(2) Pause Remark 8M->8M(1024M) 1.320ms
[2020-03-12T08:54:53.759+0200][gc,cpu        ] GC(2) User=0.01s Sys=0.00s Real=0.00s
[2020-03-12T08:54:53.760+0200][gc,marking    ] GC(2) Concurrent Rebuild Remembered Sets
[2020-03-12T08:54:53.762+0200][gc,marking    ] GC(2) Concurrent Rebuild Remembered Sets 2.473ms
[2020-03-12T08:54:53.762+0200][gc,start      ] GC(2) Pause Cleanup
[2020-03-12T08:54:53.762+0200][gc            ] GC(2) Pause Cleanup 8M->8M(1024M) 0.314ms
[2020-03-12T08:54:53.763+0200][gc,cpu        ] GC(2) User=0.00s Sys=0.00s Real=0.00s
[2020-03-12T08:54:53.763+0200][gc,marking    ] GC(2) Concurrent Cleanup for Next Mark
[2020-03-12T08:54:53.765+0200][gc,marking    ] GC(2) Concurrent Cleanup for Next Mark 2.486ms
[2020-03-12T08:54:53.765+0200][gc            ] GC(2) Concurrent Cycle 13.063ms
[2020-03-12T08:54:54.306+0200][gc,start      ] GC(3) Pause Young (Normal) (GCLocker Initiated GC)
[2020-03-12T08:54:54.306+0200][gc,task       ] GC(3) Using 10 workers of 10 for evacuation
[2020-03-12T08:54:54.308+0200][gc,phases     ] GC(3)   Pre Evacuate Collection Set: 0.0ms
[2020-03-12T08:54:54.308+0200][gc,phases     ] GC(3)   Evacuate Collection Set: 1.7ms
[2020-03-12T08:54:54.308+0200][gc,phases     ] GC(3)   Post Evacuate Collection Set: 0.5ms
[2020-03-12T08:54:54.308+0200][gc,phases     ] GC(3)   Other: 0.1ms
[2020-03-12T08:54:54.308+0200][gc,heap       ] GC(3) Eden regions: 50->0(46)
[2020-03-12T08:54:54.308+0200][gc,heap       ] GC(3) Survivor regions: 1->5(7)
[2020-03-12T08:54:54.308+0200][gc,heap       ] GC(3) Old regions: 7->7
[2020-03-12T08:54:54.308+0200][gc,heap       ] GC(3) Humongous regions: 129->129
[2020-03-12T08:54:54.308+0200][gc,metaspace  ] GC(3) Metaspace: 29934K->29934K(1077248K)
[2020-03-12T08:54:54.308+0200][gc            ] GC(3) Pause Young (Normal) (GCLocker Initiated GC) 186M->140M(1024M) 2.333ms
[2020-03-12T08:54:54.308+0200][gc,cpu        ] GC(3) User=0.02s Sys=0.00s Real=0.00s
[2020-03-12T08:54:54.449+0200][gc,start      ] GC(4) Pause Young (Concurrent Start) (Metadata GC Threshold)
[2020-03-12T08:54:54.449+0200][gc,task       ] GC(4) Using 10 workers of 10 for evacuation
[2020-03-12T08:54:54.452+0200][gc,phases     ] GC(4)   Pre Evacuate Collection Set: 0.1ms
[2020-03-12T08:54:54.452+0200][gc,phases     ] GC(4)   Evacuate Collection Set: 2.7ms
[2020-03-12T08:54:54.452+0200][gc,phases     ] GC(4)   Post Evacuate Collection Set: 0.4ms
[2020-03-12T08:54:54.452+0200][gc,phases     ] GC(4)   Other: 0.2ms
[2020-03-12T08:54:54.452+0200][gc,heap       ] GC(4) Eden regions: 19->0(49)
[2020-03-12T08:54:54.452+0200][gc,heap       ] GC(4) Survivor regions: 5->2(7)
[2020-03-12T08:54:54.452+0200][gc,heap       ] GC(4) Old regions: 7->12
[2020-03-12T08:54:54.452+0200][gc,heap       ] GC(4) Humongous regions: 129->129
[2020-03-12T08:54:54.452+0200][gc,metaspace  ] GC(4) Metaspace: 33919K->33919K(1079296K)
[2020-03-12T08:54:54.452+0200][gc            ] GC(4) Pause Young (Concurrent Start) (Metadata GC Threshold) 158M->141M(1024M) 3.435ms
[2020-03-12T08:54:54.452+0200][gc,cpu        ] GC(4) User=0.03s Sys=0.00s Real=0.00s
[2020-03-12T08:54:54.452+0200][gc            ] GC(5) Concurrent Cycle
[2020-03-12T08:54:54.452+0200][gc,marking    ] GC(5) Concurrent Clear Claimed Marks
[2020-03-12T08:54:54.452+0200][gc,marking    ] GC(5) Concurrent Clear Claimed Marks 0.053ms
[2020-03-12T08:54:54.452+0200][gc,marking    ] GC(5) Concurrent Scan Root Regions
[2020-03-12T08:54:54.453+0200][gc,marking    ] GC(5) Concurrent Scan Root Regions 0.739ms
[2020-03-12T08:54:54.453+0200][gc,marking    ] GC(5) Concurrent Mark (1.823s)
[2020-03-12T08:54:54.453+0200][gc,marking    ] GC(5) Concurrent Mark From Roots
[2020-03-12T08:54:54.453+0200][gc,task       ] GC(5) Using 3 workers of 3 for marking
[2020-03-12T08:54:54.459+0200][gc,marking    ] GC(5) Concurrent Mark From Roots 5.940ms
[2020-03-12T08:54:54.459+0200][gc,marking    ] GC(5) Concurrent Preclean
[2020-03-12T08:54:54.459+0200][gc,marking    ] GC(5) Concurrent Preclean 0.197ms
[2020-03-12T08:54:54.459+0200][gc,marking    ] GC(5) Concurrent Mark (1.823s, 1.829s) 6.172ms
[2020-03-12T08:54:54.460+0200][gc,start      ] GC(5) Pause Remark
[2020-03-12T08:54:54.461+0200][gc,stringtable] GC(5) Cleaned string and symbol table, strings: 14887 processed, 8 removed, symbols: 78327 processed, 29 removed
[2020-03-12T08:54:54.461+0200][gc            ] GC(5) Pause Remark 142M->142M(1024M) 1.878ms
[2020-03-12T08:54:54.461+0200][gc,cpu        ] GC(5) User=0.02s Sys=0.00s Real=0.00s
[2020-03-12T08:54:54.462+0200][gc,marking    ] GC(5) Concurrent Rebuild Remembered Sets
[2020-03-12T08:54:54.465+0200][gc,marking    ] GC(5) Concurrent Rebuild Remembered Sets 3.526ms
[2020-03-12T08:54:54.465+0200][gc,start      ] GC(5) Pause Cleanup
[2020-03-12T08:54:54.466+0200][gc            ] GC(5) Pause Cleanup 142M->142M(1024M) 0.248ms
[2020-03-12T08:54:54.466+0200][gc,cpu        ] GC(5) User=0.00s Sys=0.00s Real=0.00s
[2020-03-12T08:54:54.466+0200][gc,marking    ] GC(5) Concurrent Cleanup for Next Mark
[2020-03-12T08:54:54.468+0200][gc,marking    ] GC(5) Concurrent Cleanup for Next Mark 2.182ms
[2020-03-12T08:54:54.468+0200][gc            ] GC(5) Concurrent Cycle 15.516ms
[2020-03-12T08:55:17.472+0200][gc,start      ] GC(6) Pause Young (Normal) (G1 Evacuation Pause)
[2020-03-12T08:55:17.472+0200][gc,task       ] GC(6) Using 10 workers of 10 for evacuation
[2020-03-12T08:55:17.479+0200][gc,phases     ] GC(6)   Pre Evacuate Collection Set: 0.0ms
[2020-03-12T08:55:17.479+0200][gc,phases     ] GC(6)   Evacuate Collection Set: 5.6ms
[2020-03-12T08:55:17.479+0200][gc,phases     ] GC(6)   Post Evacuate Collection Set: 0.5ms
[2020-03-12T08:55:17.479+0200][gc,phases     ] GC(6)   Other: 0.2ms
[2020-03-12T08:55:17.479+0200][gc,heap       ] GC(6) Eden regions: 49->0(48)
[2020-03-12T08:55:17.479+0200][gc,heap       ] GC(6) Survivor regions: 2->3(7)
[2020-03-12T08:55:17.479+0200][gc,heap       ] GC(6) Old regions: 12->12
[2020-03-12T08:55:17.479+0200][gc,heap       ] GC(6) Humongous regions: 129->129
[2020-03-12T08:55:17.479+0200][gc,metaspace  ] GC(6) Metaspace: 37357K->37357K(1083392K)
[2020-03-12T08:55:17.479+0200][gc            ] GC(6) Pause Young (Normal) (G1 Evacuation Pause) 190M->143M(1024M) 6.450ms
[2020-03-12T08:55:17.479+0200][gc,cpu        ] GC(6) User=0.02s Sys=0.00s Real=0.01s
[2020-03-12T08:55:25.130+0200][gc,start      ] GC(7) Pause Young (Normal) (G1 Evacuation Pause)
[2020-03-12T08:55:25.130+0200][gc,task       ] GC(7) Using 10 workers of 10 for evacuation
[2020-03-12T08:55:25.136+0200][gc,phases     ] GC(7)   Pre Evacuate Collection Set: 0.0ms
[2020-03-12T08:55:25.136+0200][gc,phases     ] GC(7)   Evacuate Collection Set: 5.3ms
[2020-03-12T08:55:25.136+0200][gc,phases     ] GC(7)   Post Evacuate Collection Set: 0.6ms
[2020-03-12T08:55:25.136+0200][gc,phases     ] GC(7)   Other: 0.2ms
[2020-03-12T08:55:25.136+0200][gc,heap       ] GC(7) Eden regions: 48->0(46)
[2020-03-12T08:55:25.136+0200][gc,heap       ] GC(7) Survivor regions: 3->5(7)
[2020-03-12T08:55:25.136+0200][gc,heap       ] GC(7) Old regions: 12->12
[2020-03-12T08:55:25.136+0200][gc,heap       ] GC(7) Humongous regions: 129->129
[2020-03-12T08:55:25.136+0200][gc,metaspace  ] GC(7) Metaspace: 37662K->37662K(1083392K)
[2020-03-12T08:55:25.136+0200][gc            ] GC(7) Pause Young (Normal) (G1 Evacuation Pause) 191M->144M(1024M) 6.221ms
[2020-03-12T08:55:25.136+0200][gc,cpu        ] GC(7) User=0.03s Sys=0.00s Real=0.00s
[2020-03-12T08:55:32.757+0200][gc,start      ] GC(8) Pause Young (Normal) (G1 Evacuation Pause)
[2020-03-12T08:55:32.757+0200][gc,task       ] GC(8) Using 10 workers of 10 for evacuation
[2020-03-12T08:55:32.778+0200][gc,mmu        ] GC(8) MMU target violated: 20.5ms (20.0ms/21.0ms)
[2020-03-12T08:55:32.778+0200][gc,phases     ] GC(8)   Pre Evacuate Collection Set: 0.0ms
[2020-03-12T08:55:32.778+0200][gc,phases     ] GC(8)   Evacuate Collection Set: 19.7ms
[2020-03-12T08:55:32.778+0200][gc,phases     ] GC(8)   Post Evacuate Collection Set: 0.7ms
[2020-03-12T08:55:32.778+0200][gc,phases     ] GC(8)   Other: 0.2ms
[2020-03-12T08:55:32.778+0200][gc,heap       ] GC(8) Eden regions: 46->0(46)
[2020-03-12T08:55:32.778+0200][gc,heap       ] GC(8) Survivor regions: 5->5(7)
[2020-03-12T08:55:32.778+0200][gc,heap       ] GC(8) Old regions: 12->13
[2020-03-12T08:55:32.778+0200][gc,heap       ] GC(8) Humongous regions: 129->129
[2020-03-12T08:55:32.778+0200][gc,metaspace  ] GC(8) Metaspace: 37692K->37692K(1083392K)
[2020-03-12T08:55:32.778+0200][gc            ] GC(8) Pause Young (Normal) (G1 Evacuation Pause) 190M->145M(1024M) 20.703ms
[2020-03-12T08:55:32.778+0200][gc,cpu        ] GC(8) User=0.08s Sys=0.00s Real=0.02s
[2020-03-12T08:55:42.343+0200][gc,start      ] GC(9) Pause Young (Normal) (G1 Evacuation Pause)
[2020-03-12T08:55:42.343+0200][gc,task       ] GC(9) Using 10 workers of 10 for evacuation
[2020-03-12T08:55:42.352+0200][gc,phases     ] GC(9)   Pre Evacuate Collection Set: 0.1ms
[2020-03-12T08:55:42.352+0200][gc,phases     ] GC(9)   Evacuate Collection Set: 7.2ms
[2020-03-12T08:55:42.352+0200][gc,phases     ] GC(9)   Post Evacuate Collection Set: 1.0ms
[2020-03-12T08:55:42.352+0200][gc,phases     ] GC(9)   Other: 0.4ms
[2020-03-12T08:55:42.352+0200][gc,heap       ] GC(9) Eden regions: 46->0(49)
[2020-03-12T08:55:42.352+0200][gc,heap       ] GC(9) Survivor regions: 5->2(7)
[2020-03-12T08:55:42.352+0200][gc,heap       ] GC(9) Old regions: 13->14
[2020-03-12T08:55:42.352+0200][gc,heap       ] GC(9) Humongous regions: 129->129
[2020-03-12T08:55:42.352+0200][gc,metaspace  ] GC(9) Metaspace: 37696K->37696K(1083392K)
[2020-03-12T08:55:42.352+0200][gc            ] GC(9) Pause Young (Normal) (G1 Evacuation Pause) 191M->144M(1024M) 8.778ms
[2020-03-12T08:55:42.352+0200][gc,cpu        ] GC(9) User=0.03s Sys=0.00s Real=0.01s
[2020-03-12T08:55:52.824+0200][gc,start      ] GC(10) Pause Young (Normal) (G1 Evacuation Pause)
[2020-03-12T08:55:52.824+0200][gc,task       ] GC(10) Using 10 workers of 10 for evacuation
[2020-03-12T08:55:52.832+0200][gc,phases     ] GC(10)   Pre Evacuate Collection Set: 0.0ms
[2020-03-12T08:55:52.832+0200][gc,phases     ] GC(10)   Evacuate Collection Set: 6.9ms
[2020-03-12T08:55:52.832+0200][gc,phases     ] GC(10)   Post Evacuate Collection Set: 0.7ms
[2020-03-12T08:55:52.832+0200][gc,phases     ] GC(10)   Other: 0.2ms
[2020-03-12T08:55:52.832+0200][gc,heap       ] GC(10) Eden regions: 49->0(52)
[2020-03-12T08:55:52.832+0200][gc,heap       ] GC(10) Survivor regions: 2->4(7)
[2020-03-12T08:55:52.832+0200][gc,heap       ] GC(10) Old regions: 14->14
[2020-03-12T08:55:52.832+0200][gc,heap       ] GC(10) Humongous regions: 129->129
[2020-03-12T08:55:52.832+0200][gc,metaspace  ] GC(10) Metaspace: 37699K->37699K(1083392K)
[2020-03-12T08:55:52.832+0200][gc            ] GC(10) Pause Young (Normal) (G1 Evacuation Pause) 193M->145M(1024M) 8.024ms
[2020-03-12T08:55:52.832+0200][gc,cpu        ] GC(10) User=0.04s Sys=0.00s Real=0.01s
[2020-03-12T08:56:04.117+0200][gc,start      ] GC(11) Pause Young (Normal) (G1 Evacuation Pause)
[2020-03-12T08:56:04.117+0200][gc,task       ] GC(11) Using 10 workers of 10 for evacuation
[2020-03-12T08:56:04.122+0200][gc,phases     ] GC(11)   Pre Evacuate Collection Set: 0.0ms
[2020-03-12T08:56:04.122+0200][gc,phases     ] GC(11)   Evacuate Collection Set: 4.6ms
[2020-03-12T08:56:04.122+0200][gc,phases     ] GC(11)   Post Evacuate Collection Set: 0.5ms
[2020-03-12T08:56:04.122+0200][gc,phases     ] GC(11)   Other: 0.3ms
[2020-03-12T08:56:04.122+0200][gc,heap       ] GC(11) Eden regions: 52->0(61)
[2020-03-12T08:56:04.122+0200][gc,heap       ] GC(11) Survivor regions: 4->4(7)
[2020-03-12T08:56:04.122+0200][gc,heap       ] GC(11) Old regions: 14->14
[2020-03-12T08:56:04.122+0200][gc,heap       ] GC(11) Humongous regions: 129->129
[2020-03-12T08:56:04.122+0200][gc,metaspace  ] GC(11) Metaspace: 37723K->37723K(1083392K)
[2020-03-12T08:56:04.122+0200][gc            ] GC(11) Pause Young (Normal) (G1 Evacuation Pause) 197M->145M(1024M) 5.447ms
[2020-03-12T08:56:04.122+0200][gc,cpu        ] GC(11) User=0.02s Sys=0.00s Real=0.00s
[2020-03-12T08:56:16.885+0200][gc,start      ] GC(12) Pause Young (Normal) (G1 Evacuation Pause)
[2020-03-12T08:56:16.885+0200][gc,task       ] GC(12) Using 10 workers of 10 for evacuation
[2020-03-12T08:56:16.910+0200][gc,mmu        ] GC(12) MMU target violated: 21.0ms (20.0ms/21.0ms)
[2020-03-12T08:56:16.911+0200][gc,phases     ] GC(12)   Pre Evacuate Collection Set: 0.0ms
[2020-03-12T08:56:16.911+0200][gc,phases     ] GC(12)   Evacuate Collection Set: 24.7ms
[2020-03-12T08:56:16.911+0200][gc,phases     ] GC(12)   Post Evacuate Collection Set: 0.4ms
[2020-03-12T08:56:16.911+0200][gc,phases     ] GC(12)   Other: 0.3ms
[2020-03-12T08:56:16.911+0200][gc,heap       ] GC(12) Eden regions: 61->0(609)
[2020-03-12T08:56:16.911+0200][gc,heap       ] GC(12) Survivor regions: 4->5(9)
[2020-03-12T08:56:16.911+0200][gc,heap       ] GC(12) Old regions: 14->14
[2020-03-12T08:56:16.911+0200][gc,heap       ] GC(12) Humongous regions: 129->129
[2020-03-12T08:56:16.911+0200][gc,metaspace  ] GC(12) Metaspace: 37724K->37724K(1083392K)
[2020-03-12T08:56:16.911+0200][gc            ] GC(12) Pause Young (Normal) (G1 Evacuation Pause) 206M->147M(1024M) 25.665ms
[2020-03-12T08:56:16.911+0200][gc,cpu        ] GC(12) User=0.06s Sys=0.00s Real=0.03s
