[2020-03-12T08:57:24.745+0200][gc,heap] Heap region size: 1M
[2020-03-12T08:57:24.752+0200][gc     ] Using G1
[2020-03-12T08:57:24.752+0200][gc,heap,coops] Heap address: 0x00000000c0000000, size: 1024 MB, Compressed Oops mode: 32-bit
[2020-03-12T08:57:25.646+0200][gc,start     ] GC(0) Pause Young (Normal) (G1 Evacuation Pause)
[2020-03-12T08:57:25.647+0200][gc,task      ] GC(0) Using 10 workers of 10 for evacuation
[2020-03-12T08:57:25.650+0200][gc,phases    ] GC(0)   Pre Evacuate Collection Set: 0.0ms
[2020-03-12T08:57:25.650+0200][gc,phases    ] GC(0)   Evacuate Collection Set: 2.8ms
[2020-03-12T08:57:25.650+0200][gc,phases    ] GC(0)   Post Evacuate Collection Set: 0.5ms
[2020-03-12T08:57:25.650+0200][gc,phases    ] GC(0)   Other: 1.1ms
[2020-03-12T08:57:25.650+0200][gc,heap      ] GC(0) Eden regions: 51->0(44)
[2020-03-12T08:57:25.650+0200][gc,heap      ] GC(0) Survivor regions: 0->7(7)
[2020-03-12T08:57:25.650+0200][gc,heap      ] GC(0) Old regions: 0->0
[2020-03-12T08:57:25.650+0200][gc,heap      ] GC(0) Humongous regions: 0->0
[2020-03-12T08:57:25.650+0200][gc,metaspace ] GC(0) Metaspace: 16258K->16258K(1064960K)
[2020-03-12T08:57:25.650+0200][gc           ] GC(0) Pause Young (Normal) (G1 Evacuation Pause) 51M->6M(1024M) 4.356ms
[2020-03-12T08:57:25.650+0200][gc,cpu       ] GC(0) User=0.03s Sys=0.00s Real=0.01s
[2020-03-12T08:57:25.854+0200][gc,start     ] GC(1) Pause Young (Concurrent Start) (Metadata GC Threshold)
[2020-03-12T08:57:25.854+0200][gc,task      ] GC(1) Using 10 workers of 10 for evacuation
[2020-03-12T08:57:25.861+0200][gc,phases    ] GC(1)   Pre Evacuate Collection Set: 0.0ms
[2020-03-12T08:57:25.861+0200][gc,phases    ] GC(1)   Evacuate Collection Set: 6.1ms
[2020-03-12T08:57:25.861+0200][gc,phases    ] GC(1)   Post Evacuate Collection Set: 0.5ms
[2020-03-12T08:57:25.861+0200][gc,phases    ] GC(1)   Other: 0.2ms
[2020-03-12T08:57:25.861+0200][gc,heap      ] GC(1) Eden regions: 17->0(49)
[2020-03-12T08:57:25.861+0200][gc,heap      ] GC(1) Survivor regions: 7->2(7)
[2020-03-12T08:57:25.861+0200][gc,heap      ] GC(1) Old regions: 0->7
[2020-03-12T08:57:25.861+0200][gc,heap      ] GC(1) Humongous regions: 0->0
[2020-03-12T08:57:25.861+0200][gc,metaspace ] GC(1) Metaspace: 20323K->20323K(1067008K)
[2020-03-12T08:57:25.861+0200][gc           ] GC(1) Pause Young (Concurrent Start) (Metadata GC Threshold) 23M->7M(1024M) 6.907ms
[2020-03-12T08:57:25.861+0200][gc,cpu       ] GC(1) User=0.03s Sys=0.01s Real=0.01s
[2020-03-12T08:57:25.861+0200][gc           ] GC(2) Concurrent Cycle
[2020-03-12T08:57:25.861+0200][gc,marking   ] GC(2) Concurrent Clear Claimed Marks
[2020-03-12T08:57:25.861+0200][gc,marking   ] GC(2) Concurrent Clear Claimed Marks 0.036ms
[2020-03-12T08:57:25.861+0200][gc,marking   ] GC(2) Concurrent Scan Root Regions
[2020-03-12T08:57:25.862+0200][gc,marking   ] GC(2) Concurrent Scan Root Regions 0.774ms
[2020-03-12T08:57:25.862+0200][gc,marking   ] GC(2) Concurrent Mark (1.119s)
[2020-03-12T08:57:25.862+0200][gc,marking   ] GC(2) Concurrent Mark From Roots
[2020-03-12T08:57:25.862+0200][gc,task      ] GC(2) Using 3 workers of 3 for marking
[2020-03-12T08:57:25.867+0200][gc,marking   ] GC(2) Concurrent Mark From Roots 4.807ms
[2020-03-12T08:57:25.867+0200][gc,marking   ] GC(2) Concurrent Preclean
[2020-03-12T08:57:25.867+0200][gc,marking   ] GC(2) Concurrent Preclean 0.124ms
[2020-03-12T08:57:25.867+0200][gc,marking   ] GC(2) Concurrent Mark (1.119s, 1.124s) 4.962ms
[2020-03-12T08:57:25.867+0200][gc,start     ] GC(2) Pause Remark
[2020-03-12T08:57:25.868+0200][gc,stringtable] GC(2) Cleaned string and symbol table, strings: 9113 processed, 0 removed, symbols: 49991 processed, 54 removed
[2020-03-12T08:57:25.868+0200][gc            ] GC(2) Pause Remark 8M->8M(1024M) 1.146ms
[2020-03-12T08:57:25.868+0200][gc,cpu        ] GC(2) User=0.01s Sys=0.00s Real=0.00s
[2020-03-12T08:57:25.868+0200][gc,marking    ] GC(2) Concurrent Rebuild Remembered Sets
[2020-03-12T08:57:25.870+0200][gc,marking    ] GC(2) Concurrent Rebuild Remembered Sets 1.823ms
[2020-03-12T08:57:25.870+0200][gc,start      ] GC(2) Pause Cleanup
[2020-03-12T08:57:25.871+0200][gc            ] GC(2) Pause Cleanup 8M->8M(1024M) 0.247ms
[2020-03-12T08:57:25.871+0200][gc,cpu        ] GC(2) User=0.00s Sys=0.00s Real=0.00s
[2020-03-12T08:57:25.871+0200][gc,marking    ] GC(2) Concurrent Cleanup for Next Mark
[2020-03-12T08:57:25.874+0200][gc,marking    ] GC(2) Concurrent Cleanup for Next Mark 3.762ms
[2020-03-12T08:57:25.874+0200][gc            ] GC(2) Concurrent Cycle 13.269ms
[2020-03-12T08:57:26.054+0200][gc,start      ] GC(3) Pause Young (Normal) (G1 Evacuation Pause)
[2020-03-12T08:57:26.054+0200][gc,task       ] GC(3) Using 10 workers of 10 for evacuation
[2020-03-12T08:57:26.055+0200][gc,phases     ] GC(3)   Pre Evacuate Collection Set: 0.0ms
[2020-03-12T08:57:26.055+0200][gc,phases     ] GC(3)   Evacuate Collection Set: 0.7ms
[2020-03-12T08:57:26.055+0200][gc,phases     ] GC(3)   Post Evacuate Collection Set: 0.4ms
[2020-03-12T08:57:26.055+0200][gc,phases     ] GC(3)   Other: 0.1ms
[2020-03-12T08:57:26.055+0200][gc,heap       ] GC(3) Eden regions: 49->0(49)
[2020-03-12T08:57:26.055+0200][gc,heap       ] GC(3) Survivor regions: 2->2(7)
[2020-03-12T08:57:26.055+0200][gc,heap       ] GC(3) Old regions: 7->7
[2020-03-12T08:57:26.055+0200][gc,heap       ] GC(3) Humongous regions: 0->0
[2020-03-12T08:57:26.055+0200][gc,metaspace  ] GC(3) Metaspace: 21727K->21727K(1069056K)
[2020-03-12T08:57:26.055+0200][gc            ] GC(3) Pause Young (Normal) (G1 Evacuation Pause) 56M->7M(1024M) 1.225ms
[2020-03-12T08:57:26.055+0200][gc,cpu        ] GC(3) User=0.01s Sys=0.00s Real=0.00s
[2020-03-12T08:57:26.085+0200][gc,start      ] GC(4) Pause Young (Normal) (G1 Evacuation Pause)
[2020-03-12T08:57:26.085+0200][gc,task       ] GC(4) Using 10 workers of 10 for evacuation
[2020-03-12T08:57:26.087+0200][gc,phases     ] GC(4)   Pre Evacuate Collection Set: 0.0ms
[2020-03-12T08:57:26.087+0200][gc,phases     ] GC(4)   Evacuate Collection Set: 1.1ms
[2020-03-12T08:57:26.087+0200][gc,phases     ] GC(4)   Post Evacuate Collection Set: 0.3ms
[2020-03-12T08:57:26.087+0200][gc,phases     ] GC(4)   Other: 0.1ms
[2020-03-12T08:57:26.087+0200][gc,heap       ] GC(4) Eden regions: 49->0(50)
[2020-03-12T08:57:26.087+0200][gc,heap       ] GC(4) Survivor regions: 2->1(7)
[2020-03-12T08:57:26.087+0200][gc,heap       ] GC(4) Old regions: 7->7
[2020-03-12T08:57:26.087+0200][gc,heap       ] GC(4) Humongous regions: 0->0
[2020-03-12T08:57:26.087+0200][gc,metaspace  ] GC(4) Metaspace: 21728K->21728K(1069056K)
[2020-03-12T08:57:26.087+0200][gc            ] GC(4) Pause Young (Normal) (G1 Evacuation Pause) 56M->7M(1024M) 1.514ms
[2020-03-12T08:57:26.087+0200][gc,cpu        ] GC(4) User=0.01s Sys=0.00s Real=0.00s
[2020-03-12T08:57:26.112+0200][gc,start      ] GC(5) Pause Young (Normal) (G1 Evacuation Pause)
[2020-03-12T08:57:26.112+0200][gc,task       ] GC(5) Using 10 workers of 10 for evacuation
[2020-03-12T08:57:26.113+0200][gc,phases     ] GC(5)   Pre Evacuate Collection Set: 0.0ms
[2020-03-12T08:57:26.113+0200][gc,phases     ] GC(5)   Evacuate Collection Set: 0.6ms
[2020-03-12T08:57:26.113+0200][gc,phases     ] GC(5)   Post Evacuate Collection Set: 0.3ms
[2020-03-12T08:57:26.113+0200][gc,phases     ] GC(5)   Other: 0.1ms
[2020-03-12T08:57:26.113+0200][gc,heap       ] GC(5) Eden regions: 50->0(50)
[2020-03-12T08:57:26.113+0200][gc,heap       ] GC(5) Survivor regions: 1->1(7)
[2020-03-12T08:57:26.113+0200][gc,heap       ] GC(5) Old regions: 7->7
[2020-03-12T08:57:26.113+0200][gc,heap       ] GC(5) Humongous regions: 0->0
[2020-03-12T08:57:26.113+0200][gc,metaspace  ] GC(5) Metaspace: 21728K->21728K(1069056K)
[2020-03-12T08:57:26.113+0200][gc            ] GC(5) Pause Young (Normal) (G1 Evacuation Pause) 57M->7M(1024M) 1.038ms
[2020-03-12T08:57:26.113+0200][gc,cpu        ] GC(5) User=0.02s Sys=0.00s Real=0.00s
[2020-03-12T08:57:26.138+0200][gc,start      ] GC(6) Pause Young (Normal) (G1 Evacuation Pause)
[2020-03-12T08:57:26.138+0200][gc,task       ] GC(6) Using 10 workers of 10 for evacuation
[2020-03-12T08:57:26.140+0200][gc,phases     ] GC(6)   Pre Evacuate Collection Set: 0.0ms
[2020-03-12T08:57:26.140+0200][gc,phases     ] GC(6)   Evacuate Collection Set: 1.2ms
[2020-03-12T08:57:26.140+0200][gc,phases     ] GC(6)   Post Evacuate Collection Set: 0.4ms
[2020-03-12T08:57:26.140+0200][gc,phases     ] GC(6)   Other: 0.1ms
[2020-03-12T08:57:26.140+0200][gc,heap       ] GC(6) Eden regions: 50->0(50)
[2020-03-12T08:57:26.140+0200][gc,heap       ] GC(6) Survivor regions: 1->1(7)
[2020-03-12T08:57:26.140+0200][gc,heap       ] GC(6) Old regions: 7->7
[2020-03-12T08:57:26.140+0200][gc,heap       ] GC(6) Humongous regions: 0->0
[2020-03-12T08:57:26.140+0200][gc,metaspace  ] GC(6) Metaspace: 21728K->21728K(1069056K)
[2020-03-12T08:57:26.140+0200][gc            ] GC(6) Pause Young (Normal) (G1 Evacuation Pause) 57M->7M(1024M) 1.789ms
[2020-03-12T08:57:26.140+0200][gc,cpu        ] GC(6) User=0.01s Sys=0.00s Real=0.00s
[2020-03-12T08:57:26.167+0200][gc,start      ] GC(7) Pause Young (Normal) (G1 Evacuation Pause)
[2020-03-12T08:57:26.167+0200][gc,task       ] GC(7) Using 10 workers of 10 for evacuation
[2020-03-12T08:57:26.170+0200][gc,phases     ] GC(7)   Pre Evacuate Collection Set: 0.0ms
[2020-03-12T08:57:26.170+0200][gc,phases     ] GC(7)   Evacuate Collection Set: 2.0ms
[2020-03-12T08:57:26.170+0200][gc,phases     ] GC(7)   Post Evacuate Collection Set: 0.4ms
[2020-03-12T08:57:26.170+0200][gc,phases     ] GC(7)   Other: 0.1ms
[2020-03-12T08:57:26.170+0200][gc,heap       ] GC(7) Eden regions: 50->0(51)
[2020-03-12T08:57:26.170+0200][gc,heap       ] GC(7) Survivor regions: 1->1(7)
[2020-03-12T08:57:26.170+0200][gc,heap       ] GC(7) Old regions: 7->7
[2020-03-12T08:57:26.170+0200][gc,heap       ] GC(7) Humongous regions: 0->0
[2020-03-12T08:57:26.170+0200][gc,metaspace  ] GC(7) Metaspace: 21728K->21728K(1069056K)
[2020-03-12T08:57:26.170+0200][gc            ] GC(7) Pause Young (Normal) (G1 Evacuation Pause) 57M->7M(1024M) 2.521ms
[2020-03-12T08:57:26.170+0200][gc,cpu        ] GC(7) User=0.03s Sys=0.00s Real=0.01s
[2020-03-12T08:57:26.197+0200][gc,start      ] GC(8) Pause Young (Normal) (G1 Evacuation Pause)
[2020-03-12T08:57:26.197+0200][gc,task       ] GC(8) Using 10 workers of 10 for evacuation
[2020-03-12T08:57:26.199+0200][gc,phases     ] GC(8)   Pre Evacuate Collection Set: 0.0ms
[2020-03-12T08:57:26.199+0200][gc,phases     ] GC(8)   Evacuate Collection Set: 1.3ms
[2020-03-12T08:57:26.199+0200][gc,phases     ] GC(8)   Post Evacuate Collection Set: 0.4ms
[2020-03-12T08:57:26.199+0200][gc,phases     ] GC(8)   Other: 0.1ms
[2020-03-12T08:57:26.199+0200][gc,heap       ] GC(8) Eden regions: 51->0(55)
[2020-03-12T08:57:26.199+0200][gc,heap       ] GC(8) Survivor regions: 1->1(7)
[2020-03-12T08:57:26.199+0200][gc,heap       ] GC(8) Old regions: 7->7
[2020-03-12T08:57:26.199+0200][gc,heap       ] GC(8) Humongous regions: 0->0
[2020-03-12T08:57:26.199+0200][gc,metaspace  ] GC(8) Metaspace: 21728K->21728K(1069056K)
[2020-03-12T08:57:26.199+0200][gc            ] GC(8) Pause Young (Normal) (G1 Evacuation Pause) 58M->7M(1024M) 1.819ms
[2020-03-12T08:57:26.199+0200][gc,cpu        ] GC(8) User=0.01s Sys=0.00s Real=0.00s
[2020-03-12T08:57:26.233+0200][gc,start      ] GC(9) Pause Young (Normal) (G1 Evacuation Pause)
[2020-03-12T08:57:26.233+0200][gc,task       ] GC(9) Using 10 workers of 10 for evacuation
[2020-03-12T08:57:26.234+0200][gc,phases     ] GC(9)   Pre Evacuate Collection Set: 0.0ms
[2020-03-12T08:57:26.234+0200][gc,phases     ] GC(9)   Evacuate Collection Set: 0.5ms
[2020-03-12T08:57:26.234+0200][gc,phases     ] GC(9)   Post Evacuate Collection Set: 0.3ms
[2020-03-12T08:57:26.234+0200][gc,phases     ] GC(9)   Other: 0.1ms
[2020-03-12T08:57:26.234+0200][gc,heap       ] GC(9) Eden regions: 55->0(61)
[2020-03-12T08:57:26.234+0200][gc,heap       ] GC(9) Survivor regions: 1->1(7)
[2020-03-12T08:57:26.234+0200][gc,heap       ] GC(9) Old regions: 7->7
[2020-03-12T08:57:26.234+0200][gc,heap       ] GC(9) Humongous regions: 0->0
[2020-03-12T08:57:26.234+0200][gc,metaspace  ] GC(9) Metaspace: 21728K->21728K(1069056K)
[2020-03-12T08:57:26.234+0200][gc            ] GC(9) Pause Young (Normal) (G1 Evacuation Pause) 62M->7M(1024M) 0.987ms
[2020-03-12T08:57:26.234+0200][gc,cpu        ] GC(9) User=0.01s Sys=0.00s Real=0.00s
[2020-03-12T08:57:29.863+0200][gc,heap,exit  ] Heap
[2020-03-12T08:57:29.863+0200][gc,heap,exit  ]  garbage-first heap   total 1048576K, used 185985K [0x00000000c0000000, 0x0000000100000000)
[2020-03-12T08:57:29.863+0200][gc,heap,exit  ]   region size 1024K, 48 young (49152K), 1 survivors (1024K)
[2020-03-12T08:57:29.863+0200][gc,heap,exit  ]  Metaspace       used 28630K, capacity 29951K, committed 30208K, reserved 1075200K
[2020-03-12T08:57:29.863+0200][gc,heap,exit  ]   class space    used 3957K, capacity 4521K, committed 4608K, reserved 1048576K
