[2020-03-12T09:06:11.835+0200][gc,heap] Heap region size: 1M
[2020-03-12T09:06:11.842+0200][gc     ] Using G1
[2020-03-12T09:06:11.842+0200][gc,heap,coops] Heap address: 0x00000000c0000000, size: 1024 MB, Compressed Oops mode: 32-bit
[2020-03-12T09:06:12.691+0200][gc,start     ] GC(0) Pause Young (Normal) (G1 Evacuation Pause)
[2020-03-12T09:06:12.691+0200][gc,task      ] GC(0) Using 10 workers of 10 for evacuation
[2020-03-12T09:06:12.695+0200][gc,phases    ] GC(0)   Pre Evacuate Collection Set: 0.0ms
[2020-03-12T09:06:12.695+0200][gc,phases    ] GC(0)   Evacuate Collection Set: 2.8ms
[2020-03-12T09:06:12.695+0200][gc,phases    ] GC(0)   Post Evacuate Collection Set: 0.5ms
[2020-03-12T09:06:12.695+0200][gc,phases    ] GC(0)   Other: 1.0ms
[2020-03-12T09:06:12.695+0200][gc,heap      ] GC(0) Eden regions: 51->0(44)
[2020-03-12T09:06:12.695+0200][gc,heap      ] GC(0) Survivor regions: 0->7(7)
[2020-03-12T09:06:12.695+0200][gc,heap      ] GC(0) Old regions: 0->0
[2020-03-12T09:06:12.695+0200][gc,heap      ] GC(0) Humongous regions: 0->0
[2020-03-12T09:06:12.695+0200][gc,metaspace ] GC(0) Metaspace: 15997K->15997K(1062912K)
[2020-03-12T09:06:12.695+0200][gc           ] GC(0) Pause Young (Normal) (G1 Evacuation Pause) 51M->6M(1024M) 4.372ms
[2020-03-12T09:06:12.695+0200][gc,cpu       ] GC(0) User=0.01s Sys=0.01s Real=0.00s
[2020-03-12T09:06:12.884+0200][gc,start     ] GC(1) Pause Young (Concurrent Start) (Metadata GC Threshold)
[2020-03-12T09:06:12.884+0200][gc,task      ] GC(1) Using 10 workers of 10 for evacuation
[2020-03-12T09:06:12.890+0200][gc,phases    ] GC(1)   Pre Evacuate Collection Set: 0.0ms
[2020-03-12T09:06:12.890+0200][gc,phases    ] GC(1)   Evacuate Collection Set: 5.4ms
[2020-03-12T09:06:12.890+0200][gc,phases    ] GC(1)   Post Evacuate Collection Set: 0.8ms
[2020-03-12T09:06:12.890+0200][gc,phases    ] GC(1)   Other: 0.2ms
[2020-03-12T09:06:12.890+0200][gc,heap      ] GC(1) Eden regions: 18->0(49)
[2020-03-12T09:06:12.890+0200][gc,heap      ] GC(1) Survivor regions: 7->2(7)
[2020-03-12T09:06:12.890+0200][gc,heap      ] GC(1) Old regions: 0->7
[2020-03-12T09:06:12.890+0200][gc,heap      ] GC(1) Humongous regions: 0->0
[2020-03-12T09:06:12.890+0200][gc,metaspace ] GC(1) Metaspace: 20333K->20333K(1067008K)
[2020-03-12T09:06:12.890+0200][gc           ] GC(1) Pause Young (Concurrent Start) (Metadata GC Threshold) 24M->7M(1024M) 6.485ms
[2020-03-12T09:06:12.890+0200][gc,cpu       ] GC(1) User=0.03s Sys=0.00s Real=0.01s
[2020-03-12T09:06:12.890+0200][gc           ] GC(2) Concurrent Cycle
[2020-03-12T09:06:12.890+0200][gc,marking   ] GC(2) Concurrent Clear Claimed Marks
[2020-03-12T09:06:12.890+0200][gc,marking   ] GC(2) Concurrent Clear Claimed Marks 0.038ms
[2020-03-12T09:06:12.890+0200][gc,marking   ] GC(2) Concurrent Scan Root Regions
[2020-03-12T09:06:12.891+0200][gc,marking   ] GC(2) Concurrent Scan Root Regions 0.788ms
[2020-03-12T09:06:12.891+0200][gc,marking   ] GC(2) Concurrent Mark (1.059s)
[2020-03-12T09:06:12.891+0200][gc,marking   ] GC(2) Concurrent Mark From Roots
[2020-03-12T09:06:12.891+0200][gc,task      ] GC(2) Using 3 workers of 3 for marking
[2020-03-12T09:06:12.895+0200][gc,marking   ] GC(2) Concurrent Mark From Roots 4.036ms
[2020-03-12T09:06:12.895+0200][gc,marking   ] GC(2) Concurrent Preclean
[2020-03-12T09:06:12.895+0200][gc,marking   ] GC(2) Concurrent Preclean 0.186ms
[2020-03-12T09:06:12.895+0200][gc,marking   ] GC(2) Concurrent Mark (1.059s, 1.063s) 4.285ms
[2020-03-12T09:06:12.895+0200][gc,start     ] GC(2) Pause Remark
[2020-03-12T09:06:12.896+0200][gc,stringtable] GC(2) Cleaned string and symbol table, strings: 9114 processed, 0 removed, symbols: 50013 processed, 54 removed
[2020-03-12T09:06:12.897+0200][gc            ] GC(2) Pause Remark 8M->8M(1024M) 1.330ms
[2020-03-12T09:06:12.897+0200][gc,cpu        ] GC(2) User=0.01s Sys=0.00s Real=0.01s
[2020-03-12T09:06:12.897+0200][gc,marking    ] GC(2) Concurrent Rebuild Remembered Sets
[2020-03-12T09:06:12.899+0200][gc,marking    ] GC(2) Concurrent Rebuild Remembered Sets 2.330ms
[2020-03-12T09:06:12.899+0200][gc,start      ] GC(2) Pause Cleanup
[2020-03-12T09:06:12.899+0200][gc            ] GC(2) Pause Cleanup 8M->8M(1024M) 0.291ms
[2020-03-12T09:06:12.899+0200][gc,cpu        ] GC(2) User=0.00s Sys=0.00s Real=0.00s
[2020-03-12T09:06:12.899+0200][gc,marking    ] GC(2) Concurrent Cleanup for Next Mark
[2020-03-12T09:06:12.902+0200][gc,marking    ] GC(2) Concurrent Cleanup for Next Mark 2.276ms
[2020-03-12T09:06:12.902+0200][gc            ] GC(2) Concurrent Cycle 11.685ms
[2020-03-12T09:06:13.117+0200][gc,start      ] GC(3) Pause Young (Normal) (G1 Evacuation Pause)
[2020-03-12T09:06:13.117+0200][gc,task       ] GC(3) Using 10 workers of 10 for evacuation
[2020-03-12T09:06:13.118+0200][gc,phases     ] GC(3)   Pre Evacuate Collection Set: 0.0ms
[2020-03-12T09:06:13.118+0200][gc,phases     ] GC(3)   Evacuate Collection Set: 1.3ms
[2020-03-12T09:06:13.118+0200][gc,phases     ] GC(3)   Post Evacuate Collection Set: 0.3ms
[2020-03-12T09:06:13.118+0200][gc,phases     ] GC(3)   Other: 0.1ms
[2020-03-12T09:06:13.118+0200][gc,heap       ] GC(3) Eden regions: 49->0(50)
[2020-03-12T09:06:13.118+0200][gc,heap       ] GC(3) Survivor regions: 2->1(7)
[2020-03-12T09:06:13.118+0200][gc,heap       ] GC(3) Old regions: 7->7
[2020-03-12T09:06:13.118+0200][gc,heap       ] GC(3) Humongous regions: 0->0
[2020-03-12T09:06:13.118+0200][gc,metaspace  ] GC(3) Metaspace: 21742K->21742K(1069056K)
[2020-03-12T09:06:13.118+0200][gc            ] GC(3) Pause Young (Normal) (G1 Evacuation Pause) 56M->7M(1024M) 1.738ms
[2020-03-12T09:06:13.118+0200][gc,cpu        ] GC(3) User=0.01s Sys=0.00s Real=0.00s
[2020-03-12T09:06:13.146+0200][gc,start      ] GC(4) Pause Young (Normal) (G1 Evacuation Pause)
[2020-03-12T09:06:13.146+0200][gc,task       ] GC(4) Using 10 workers of 10 for evacuation
[2020-03-12T09:06:13.147+0200][gc,phases     ] GC(4)   Pre Evacuate Collection Set: 0.0ms
[2020-03-12T09:06:13.147+0200][gc,phases     ] GC(4)   Evacuate Collection Set: 0.5ms
[2020-03-12T09:06:13.147+0200][gc,phases     ] GC(4)   Post Evacuate Collection Set: 0.3ms
[2020-03-12T09:06:13.147+0200][gc,phases     ] GC(4)   Other: 0.1ms
[2020-03-12T09:06:13.147+0200][gc,heap       ] GC(4) Eden regions: 50->0(50)
[2020-03-12T09:06:13.147+0200][gc,heap       ] GC(4) Survivor regions: 1->1(7)
[2020-03-12T09:06:13.147+0200][gc,heap       ] GC(4) Old regions: 7->7
[2020-03-12T09:06:13.147+0200][gc,heap       ] GC(4) Humongous regions: 0->0
[2020-03-12T09:06:13.147+0200][gc,metaspace  ] GC(4) Metaspace: 21744K->21744K(1069056K)
[2020-03-12T09:06:13.147+0200][gc            ] GC(4) Pause Young (Normal) (G1 Evacuation Pause) 57M->7M(1024M) 1.000ms
[2020-03-12T09:06:13.147+0200][gc,cpu        ] GC(4) User=0.01s Sys=0.00s Real=0.00s
[2020-03-12T09:06:13.171+0200][gc,start      ] GC(5) Pause Young (Normal) (G1 Evacuation Pause)
[2020-03-12T09:06:13.171+0200][gc,task       ] GC(5) Using 10 workers of 10 for evacuation
[2020-03-12T09:06:13.172+0200][gc,phases     ] GC(5)   Pre Evacuate Collection Set: 0.0ms
[2020-03-12T09:06:13.172+0200][gc,phases     ] GC(5)   Evacuate Collection Set: 0.8ms
[2020-03-12T09:06:13.173+0200][gc,phases     ] GC(5)   Post Evacuate Collection Set: 0.4ms
[2020-03-12T09:06:13.173+0200][gc,phases     ] GC(5)   Other: 0.1ms
[2020-03-12T09:06:13.173+0200][gc,heap       ] GC(5) Eden regions: 50->0(50)
[2020-03-12T09:06:13.173+0200][gc,heap       ] GC(5) Survivor regions: 1->1(7)
[2020-03-12T09:06:13.173+0200][gc,heap       ] GC(5) Old regions: 7->7
[2020-03-12T09:06:13.173+0200][gc,heap       ] GC(5) Humongous regions: 0->0
[2020-03-12T09:06:13.173+0200][gc,metaspace  ] GC(5) Metaspace: 21744K->21744K(1069056K)
[2020-03-12T09:06:13.173+0200][gc            ] GC(5) Pause Young (Normal) (G1 Evacuation Pause) 57M->7M(1024M) 1.368ms
[2020-03-12T09:06:13.173+0200][gc,cpu        ] GC(5) User=0.01s Sys=0.00s Real=0.00s
[2020-03-12T09:06:13.196+0200][gc,start      ] GC(6) Pause Young (Normal) (G1 Evacuation Pause)
[2020-03-12T09:06:13.196+0200][gc,task       ] GC(6) Using 10 workers of 10 for evacuation
[2020-03-12T09:06:13.197+0200][gc,phases     ] GC(6)   Pre Evacuate Collection Set: 0.0ms
[2020-03-12T09:06:13.197+0200][gc,phases     ] GC(6)   Evacuate Collection Set: 0.9ms
[2020-03-12T09:06:13.197+0200][gc,phases     ] GC(6)   Post Evacuate Collection Set: 0.3ms
[2020-03-12T09:06:13.197+0200][gc,phases     ] GC(6)   Other: 0.1ms
[2020-03-12T09:06:13.197+0200][gc,heap       ] GC(6) Eden regions: 50->0(50)
[2020-03-12T09:06:13.197+0200][gc,heap       ] GC(6) Survivor regions: 1->1(7)
[2020-03-12T09:06:13.197+0200][gc,heap       ] GC(6) Old regions: 7->7
[2020-03-12T09:06:13.197+0200][gc,heap       ] GC(6) Humongous regions: 0->0
[2020-03-12T09:06:13.197+0200][gc,metaspace  ] GC(6) Metaspace: 21744K->21744K(1069056K)
[2020-03-12T09:06:13.197+0200][gc            ] GC(6) Pause Young (Normal) (G1 Evacuation Pause) 57M->7M(1024M) 1.511ms
[2020-03-12T09:06:13.197+0200][gc,cpu        ] GC(6) User=0.02s Sys=0.00s Real=0.01s
[2020-03-12T09:06:13.219+0200][gc,start      ] GC(7) Pause Young (Normal) (G1 Evacuation Pause)
[2020-03-12T09:06:13.219+0200][gc,task       ] GC(7) Using 10 workers of 10 for evacuation
[2020-03-12T09:06:13.220+0200][gc,phases     ] GC(7)   Pre Evacuate Collection Set: 0.0ms
[2020-03-12T09:06:13.220+0200][gc,phases     ] GC(7)   Evacuate Collection Set: 0.6ms
[2020-03-12T09:06:13.220+0200][gc,phases     ] GC(7)   Post Evacuate Collection Set: 0.3ms
[2020-03-12T09:06:13.220+0200][gc,phases     ] GC(7)   Other: 0.2ms
[2020-03-12T09:06:13.220+0200][gc,heap       ] GC(7) Eden regions: 50->0(52)
[2020-03-12T09:06:13.220+0200][gc,heap       ] GC(7) Survivor regions: 1->1(7)
[2020-03-12T09:06:13.220+0200][gc,heap       ] GC(7) Old regions: 7->7
[2020-03-12T09:06:13.220+0200][gc,heap       ] GC(7) Humongous regions: 0->0
[2020-03-12T09:06:13.220+0200][gc,metaspace  ] GC(7) Metaspace: 21744K->21744K(1069056K)
[2020-03-12T09:06:13.220+0200][gc            ] GC(7) Pause Young (Normal) (G1 Evacuation Pause) 57M->7M(1024M) 1.175ms
[2020-03-12T09:06:13.220+0200][gc,cpu        ] GC(7) User=0.01s Sys=0.00s Real=0.00s
[2020-03-12T09:06:13.245+0200][gc,start      ] GC(8) Pause Young (Normal) (G1 Evacuation Pause)
[2020-03-12T09:06:13.245+0200][gc,task       ] GC(8) Using 10 workers of 10 for evacuation
[2020-03-12T09:06:13.246+0200][gc,phases     ] GC(8)   Pre Evacuate Collection Set: 0.0ms
[2020-03-12T09:06:13.246+0200][gc,phases     ] GC(8)   Evacuate Collection Set: 1.1ms
[2020-03-12T09:06:13.246+0200][gc,phases     ] GC(8)   Post Evacuate Collection Set: 0.4ms
[2020-03-12T09:06:13.246+0200][gc,phases     ] GC(8)   Other: 0.1ms
[2020-03-12T09:06:13.246+0200][gc,heap       ] GC(8) Eden regions: 52->0(55)
[2020-03-12T09:06:13.246+0200][gc,heap       ] GC(8) Survivor regions: 1->1(7)
[2020-03-12T09:06:13.246+0200][gc,heap       ] GC(8) Old regions: 7->7
[2020-03-12T09:06:13.246+0200][gc,heap       ] GC(8) Humongous regions: 0->0
[2020-03-12T09:06:13.246+0200][gc,metaspace  ] GC(8) Metaspace: 21744K->21744K(1069056K)
[2020-03-12T09:06:13.246+0200][gc            ] GC(8) Pause Young (Normal) (G1 Evacuation Pause) 59M->7M(1024M) 1.620ms
[2020-03-12T09:06:13.246+0200][gc,cpu        ] GC(8) User=0.01s Sys=0.00s Real=0.00s
[2020-03-12T09:06:13.271+0200][gc,start      ] GC(9) Pause Young (Normal) (G1 Evacuation Pause)
[2020-03-12T09:06:13.271+0200][gc,task       ] GC(9) Using 10 workers of 10 for evacuation
[2020-03-12T09:06:13.273+0200][gc,phases     ] GC(9)   Pre Evacuate Collection Set: 0.0ms
[2020-03-12T09:06:13.273+0200][gc,phases     ] GC(9)   Evacuate Collection Set: 1.6ms
[2020-03-12T09:06:13.273+0200][gc,phases     ] GC(9)   Post Evacuate Collection Set: 0.3ms
[2020-03-12T09:06:13.273+0200][gc,phases     ] GC(9)   Other: 0.1ms
[2020-03-12T09:06:13.273+0200][gc,heap       ] GC(9) Eden regions: 55->0(61)
[2020-03-12T09:06:13.273+0200][gc,heap       ] GC(9) Survivor regions: 1->1(7)
[2020-03-12T09:06:13.273+0200][gc,heap       ] GC(9) Old regions: 7->7
[2020-03-12T09:06:13.273+0200][gc,heap       ] GC(9) Humongous regions: 0->0
[2020-03-12T09:06:13.273+0200][gc,metaspace  ] GC(9) Metaspace: 21744K->21744K(1069056K)
[2020-03-12T09:06:13.273+0200][gc            ] GC(9) Pause Young (Normal) (G1 Evacuation Pause) 62M->7M(1024M) 2.174ms
[2020-03-12T09:06:13.273+0200][gc,cpu        ] GC(9) User=0.02s Sys=0.00s Real=0.00s
[2020-03-12T09:06:13.364+0200][gc,start      ] GC(10) Pause Young (Normal) (G1 Evacuation Pause)
[2020-03-12T09:06:13.364+0200][gc,task       ] GC(10) Using 10 workers of 10 for evacuation
[2020-03-12T09:06:13.367+0200][gc,phases     ] GC(10)   Pre Evacuate Collection Set: 0.0ms
[2020-03-12T09:06:13.367+0200][gc,phases     ] GC(10)   Evacuate Collection Set: 2.8ms
[2020-03-12T09:06:13.367+0200][gc,phases     ] GC(10)   Post Evacuate Collection Set: 0.5ms
[2020-03-12T09:06:13.367+0200][gc,phases     ] GC(10)   Other: 0.2ms
[2020-03-12T09:06:13.367+0200][gc,heap       ] GC(10) Eden regions: 61->0(70)
[2020-03-12T09:06:13.367+0200][gc,heap       ] GC(10) Survivor regions: 1->1(8)
[2020-03-12T09:06:13.367+0200][gc,heap       ] GC(10) Old regions: 7->7
[2020-03-12T09:06:13.367+0200][gc,heap       ] GC(10) Humongous regions: 0->0
[2020-03-12T09:06:13.367+0200][gc,metaspace  ] GC(10) Metaspace: 21744K->21744K(1069056K)
[2020-03-12T09:06:13.367+0200][gc            ] GC(10) Pause Young (Normal) (G1 Evacuation Pause) 68M->7M(1024M) 3.463ms
[2020-03-12T09:06:13.367+0200][gc,cpu        ] GC(10) User=0.04s Sys=0.00s Real=0.00s
[2020-03-12T09:06:13.400+0200][gc,start      ] GC(11) Pause Young (Normal) (G1 Evacuation Pause)
[2020-03-12T09:06:13.400+0200][gc,task       ] GC(11) Using 10 workers of 10 for evacuation
[2020-03-12T09:06:13.401+0200][gc,phases     ] GC(11)   Pre Evacuate Collection Set: 0.0ms
[2020-03-12T09:06:13.401+0200][gc,phases     ] GC(11)   Evacuate Collection Set: 1.2ms
[2020-03-12T09:06:13.401+0200][gc,phases     ] GC(11)   Post Evacuate Collection Set: 0.4ms
[2020-03-12T09:06:13.401+0200][gc,phases     ] GC(11)   Other: 0.1ms
[2020-03-12T09:06:13.401+0200][gc,heap       ] GC(11) Eden regions: 70->0(82)
[2020-03-12T09:06:13.401+0200][gc,heap       ] GC(11) Survivor regions: 1->1(9)
[2020-03-12T09:06:13.401+0200][gc,heap       ] GC(11) Old regions: 7->7
[2020-03-12T09:06:13.401+0200][gc,heap       ] GC(11) Humongous regions: 0->0
[2020-03-12T09:06:13.401+0200][gc,metaspace  ] GC(11) Metaspace: 21744K->21744K(1069056K)
[2020-03-12T09:06:13.401+0200][gc            ] GC(11) Pause Young (Normal) (G1 Evacuation Pause) 77M->7M(1024M) 1.761ms
[2020-03-12T09:06:13.401+0200][gc,cpu        ] GC(11) User=0.02s Sys=0.00s Real=0.00s
[2020-03-12T09:06:16.843+0200][gc,start      ] GC(12) Pause Young (Normal) (G1 Evacuation Pause)
[2020-03-12T09:06:16.843+0200][gc,task       ] GC(12) Using 10 workers of 10 for evacuation
[2020-03-12T09:06:16.845+0200][gc,phases     ] GC(12)   Pre Evacuate Collection Set: 0.0ms
[2020-03-12T09:06:16.845+0200][gc,phases     ] GC(12)   Evacuate Collection Set: 1.5ms
[2020-03-12T09:06:16.845+0200][gc,phases     ] GC(12)   Post Evacuate Collection Set: 0.4ms
[2020-03-12T09:06:16.845+0200][gc,phases     ] GC(12)   Other: 0.1ms
[2020-03-12T09:06:16.845+0200][gc,heap       ] GC(12) Eden regions: 82->0(97)
[2020-03-12T09:06:16.845+0200][gc,heap       ] GC(12) Survivor regions: 1->4(11)
[2020-03-12T09:06:16.845+0200][gc,heap       ] GC(12) Old regions: 7->7
[2020-03-12T09:06:16.845+0200][gc,heap       ] GC(12) Humongous regions: 129->0
[2020-03-12T09:06:16.845+0200][gc,metaspace  ] GC(12) Metaspace: 28509K->28509K(1075200K)
[2020-03-12T09:06:16.845+0200][gc            ] GC(12) Pause Young (Normal) (G1 Evacuation Pause) 218M->10M(1024M) 1.996ms
[2020-03-12T09:06:16.845+0200][gc,cpu        ] GC(12) User=0.01s Sys=0.00s Real=0.00s
[2020-03-12T09:06:16.866+0200][gc,heap,exit  ] Heap
[2020-03-12T09:06:16.866+0200][gc,heap,exit  ]  garbage-first heap   total 1048576K, used 14509K [0x00000000c0000000, 0x0000000100000000)
[2020-03-12T09:06:16.866+0200][gc,heap,exit  ]   region size 1024K, 9 young (9216K), 4 survivors (4096K)
[2020-03-12T09:06:16.866+0200][gc,heap,exit  ]  Metaspace       used 28647K, capacity 29963K, committed 30208K, reserved 1075200K
[2020-03-12T09:06:16.866+0200][gc,heap,exit  ]   class space    used 3959K, capacity 4522K, committed 4608K, reserved 1048576K
