[2020-03-15T09:31:15.483+0200][gc,heap] Heap region size: 1M
[2020-03-15T09:31:15.493+0200][gc     ] Using G1
[2020-03-15T09:31:15.493+0200][gc,heap,coops] Heap address: 0x00000000c0000000, size: 1024 MB, Compressed Oops mode: 32-bit
[2020-03-15T09:31:16.831+0200][gc,start     ] GC(0) Pause Young (Normal) (G1 Evacuation Pause)
[2020-03-15T09:31:16.833+0200][gc,task      ] GC(0) Using 10 workers of 10 for evacuation
[2020-03-15T09:31:16.838+0200][gc,phases    ] GC(0)   Pre Evacuate Collection Set: 0.0ms
[2020-03-15T09:31:16.838+0200][gc,phases    ] GC(0)   Evacuate Collection Set: 4.6ms
[2020-03-15T09:31:16.838+0200][gc,phases    ] GC(0)   Post Evacuate Collection Set: 0.8ms
[2020-03-15T09:31:16.838+0200][gc,phases    ] GC(0)   Other: 1.4ms
[2020-03-15T09:31:16.838+0200][gc,heap      ] GC(0) Eden regions: 51->0(44)
[2020-03-15T09:31:16.838+0200][gc,heap      ] GC(0) Survivor regions: 0->7(7)
[2020-03-15T09:31:16.838+0200][gc,heap      ] GC(0) Old regions: 0->0
[2020-03-15T09:31:16.838+0200][gc,heap      ] GC(0) Humongous regions: 0->0
[2020-03-15T09:31:16.838+0200][gc,metaspace ] GC(0) Metaspace: 16023K->16023K(1062912K)
[2020-03-15T09:31:16.838+0200][gc           ] GC(0) Pause Young (Normal) (G1 Evacuation Pause) 51M->6M(1024M) 6.858ms
[2020-03-15T09:31:16.838+0200][gc,cpu       ] GC(0) User=0.05s Sys=0.00s Real=0.00s
[2020-03-15T09:31:17.123+0200][gc,start     ] GC(1) Pause Young (Concurrent Start) (Metadata GC Threshold)
[2020-03-15T09:31:17.123+0200][gc,task      ] GC(1) Using 10 workers of 10 for evacuation
[2020-03-15T09:31:17.131+0200][gc,phases    ] GC(1)   Pre Evacuate Collection Set: 0.0ms
[2020-03-15T09:31:17.131+0200][gc,phases    ] GC(1)   Evacuate Collection Set: 7.1ms
[2020-03-15T09:31:17.131+0200][gc,phases    ] GC(1)   Post Evacuate Collection Set: 0.6ms
[2020-03-15T09:31:17.131+0200][gc,phases    ] GC(1)   Other: 0.2ms
[2020-03-15T09:31:17.131+0200][gc,heap      ] GC(1) Eden regions: 20->0(49)
[2020-03-15T09:31:17.131+0200][gc,heap      ] GC(1) Survivor regions: 7->2(7)
[2020-03-15T09:31:17.131+0200][gc,heap      ] GC(1) Old regions: 0->7
[2020-03-15T09:31:17.131+0200][gc,heap      ] GC(1) Humongous regions: 129->129
[2020-03-15T09:31:17.131+0200][gc,metaspace ] GC(1) Metaspace: 20563K->20563K(1067008K)
[2020-03-15T09:31:17.131+0200][gc           ] GC(1) Pause Young (Concurrent Start) (Metadata GC Threshold) 155M->137M(1024M) 8.025ms
[2020-03-15T09:31:17.131+0200][gc,cpu       ] GC(1) User=0.02s Sys=0.01s Real=0.01s
[2020-03-15T09:31:17.131+0200][gc           ] GC(2) Concurrent Cycle
[2020-03-15T09:31:17.131+0200][gc,marking   ] GC(2) Concurrent Clear Claimed Marks
[2020-03-15T09:31:17.131+0200][gc,marking   ] GC(2) Concurrent Clear Claimed Marks 0.016ms
[2020-03-15T09:31:17.131+0200][gc,marking   ] GC(2) Concurrent Scan Root Regions
[2020-03-15T09:31:17.132+0200][gc,marking   ] GC(2) Concurrent Scan Root Regions 0.886ms
[2020-03-15T09:31:17.132+0200][gc,marking   ] GC(2) Concurrent Mark (1.652s)
[2020-03-15T09:31:17.132+0200][gc,marking   ] GC(2) Concurrent Mark From Roots
[2020-03-15T09:31:17.132+0200][gc,task      ] GC(2) Using 3 workers of 3 for marking
[2020-03-15T09:31:17.140+0200][gc,marking   ] GC(2) Concurrent Mark From Roots 8.035ms
[2020-03-15T09:31:17.140+0200][gc,marking   ] GC(2) Concurrent Preclean
[2020-03-15T09:31:17.140+0200][gc,marking   ] GC(2) Concurrent Preclean 0.180ms
[2020-03-15T09:31:17.140+0200][gc,marking   ] GC(2) Concurrent Mark (1.652s, 1.660s) 8.257ms
[2020-03-15T09:31:17.140+0200][gc,start     ] GC(2) Pause Remark
[2020-03-15T09:31:17.143+0200][gc,stringtable] GC(2) Cleaned string and symbol table, strings: 9146 processed, 0 removed, symbols: 50052 processed, 50 removed
[2020-03-15T09:31:17.143+0200][gc            ] GC(2) Pause Remark 138M->138M(1024M) 2.743ms
[2020-03-15T09:31:17.143+0200][gc,cpu        ] GC(2) User=0.02s Sys=0.00s Real=0.01s
[2020-03-15T09:31:17.143+0200][gc,marking    ] GC(2) Concurrent Rebuild Remembered Sets
[2020-03-15T09:31:17.146+0200][gc,marking    ] GC(2) Concurrent Rebuild Remembered Sets 3.331ms
[2020-03-15T09:31:17.147+0200][gc,start      ] GC(2) Pause Cleanup
[2020-03-15T09:31:17.147+0200][gc            ] GC(2) Pause Cleanup 138M->138M(1024M) 0.384ms
[2020-03-15T09:31:17.147+0200][gc,cpu        ] GC(2) User=0.00s Sys=0.00s Real=0.00s
[2020-03-15T09:31:17.147+0200][gc,marking    ] GC(2) Concurrent Cleanup for Next Mark
[2020-03-15T09:31:17.151+0200][gc,marking    ] GC(2) Concurrent Cleanup for Next Mark 3.680ms
[2020-03-15T09:31:17.151+0200][gc            ] GC(2) Concurrent Cycle 19.931ms
[2020-03-15T09:31:17.751+0200][gc,start      ] GC(3) Pause Young (Normal) (GCLocker Initiated GC)
[2020-03-15T09:31:17.752+0200][gc,task       ] GC(3) Using 10 workers of 10 for evacuation
[2020-03-15T09:31:17.755+0200][gc,phases     ] GC(3)   Pre Evacuate Collection Set: 0.0ms
[2020-03-15T09:31:17.755+0200][gc,phases     ] GC(3)   Evacuate Collection Set: 2.7ms
[2020-03-15T09:31:17.755+0200][gc,phases     ] GC(3)   Post Evacuate Collection Set: 0.6ms
[2020-03-15T09:31:17.755+0200][gc,phases     ] GC(3)   Other: 0.2ms
[2020-03-15T09:31:17.755+0200][gc,heap       ] GC(3) Eden regions: 49->0(45)
[2020-03-15T09:31:17.755+0200][gc,heap       ] GC(3) Survivor regions: 2->6(7)
[2020-03-15T09:31:17.755+0200][gc,heap       ] GC(3) Old regions: 7->7
[2020-03-15T09:31:17.755+0200][gc,heap       ] GC(3) Humongous regions: 129->129
[2020-03-15T09:31:17.755+0200][gc,metaspace  ] GC(3) Metaspace: 30050K->30050K(1077248K)
[2020-03-15T09:31:17.755+0200][gc            ] GC(3) Pause Young (Normal) (GCLocker Initiated GC) 186M->140M(1024M) 3.529ms
[2020-03-15T09:31:17.755+0200][gc,cpu        ] GC(3) User=0.03s Sys=0.00s Real=0.00s
[2020-03-15T09:31:32.323+0200][gc,start      ] GC(4) Pause Young (Concurrent Start) (Metadata GC Threshold)
[2020-03-15T09:31:32.323+0200][gc,task       ] GC(4) Using 10 workers of 10 for evacuation
[2020-03-15T09:31:32.328+0200][gc,phases     ] GC(4)   Pre Evacuate Collection Set: 0.1ms
[2020-03-15T09:31:32.328+0200][gc,phases     ] GC(4)   Evacuate Collection Set: 4.3ms
[2020-03-15T09:31:32.328+0200][gc,phases     ] GC(4)   Post Evacuate Collection Set: 0.5ms
[2020-03-15T09:31:32.328+0200][gc,phases     ] GC(4)   Other: 0.2ms
[2020-03-15T09:31:32.328+0200][gc,heap       ] GC(4) Eden regions: 20->0(49)
[2020-03-15T09:31:32.328+0200][gc,heap       ] GC(4) Survivor regions: 6->2(7)
[2020-03-15T09:31:32.328+0200][gc,heap       ] GC(4) Old regions: 7->12
[2020-03-15T09:31:32.328+0200][gc,heap       ] GC(4) Humongous regions: 129->129
[2020-03-15T09:31:32.328+0200][gc,metaspace  ] GC(4) Metaspace: 34082K->34082K(1079296K)
[2020-03-15T09:31:32.328+0200][gc            ] GC(4) Pause Young (Concurrent Start) (Metadata GC Threshold) 160M->141M(1024M) 5.080ms
[2020-03-15T09:31:32.328+0200][gc,cpu        ] GC(4) User=0.03s Sys=0.00s Real=0.00s
[2020-03-15T09:31:32.328+0200][gc            ] GC(5) Concurrent Cycle
[2020-03-15T09:31:32.328+0200][gc,marking    ] GC(5) Concurrent Clear Claimed Marks
[2020-03-15T09:31:32.328+0200][gc,marking    ] GC(5) Concurrent Clear Claimed Marks 0.069ms
[2020-03-15T09:31:32.328+0200][gc,marking    ] GC(5) Concurrent Scan Root Regions
[2020-03-15T09:31:32.329+0200][gc,marking    ] GC(5) Concurrent Scan Root Regions 1.048ms
[2020-03-15T09:31:32.329+0200][gc,marking    ] GC(5) Concurrent Mark (16.849s)
[2020-03-15T09:31:32.329+0200][gc,marking    ] GC(5) Concurrent Mark From Roots
[2020-03-15T09:31:32.329+0200][gc,task       ] GC(5) Using 3 workers of 3 for marking
[2020-03-15T09:31:32.337+0200][gc,marking    ] GC(5) Concurrent Mark From Roots 8.398ms
[2020-03-15T09:31:32.337+0200][gc,marking    ] GC(5) Concurrent Preclean
[2020-03-15T09:31:32.338+0200][gc,marking    ] GC(5) Concurrent Preclean 0.162ms
[2020-03-15T09:31:32.338+0200][gc,marking    ] GC(5) Concurrent Mark (16.849s, 16.857s) 8.592ms
[2020-03-15T09:31:32.338+0200][gc,start      ] GC(5) Pause Remark
[2020-03-15T09:31:32.339+0200][gc,stringtable] GC(5) Cleaned string and symbol table, strings: 14892 processed, 9 removed, symbols: 78170 processed, 30 removed
[2020-03-15T09:31:32.339+0200][gc            ] GC(5) Pause Remark 142M->142M(1024M) 1.566ms
[2020-03-15T09:31:32.339+0200][gc,cpu        ] GC(5) User=0.01s Sys=0.00s Real=0.00s
[2020-03-15T09:31:32.339+0200][gc,marking    ] GC(5) Concurrent Rebuild Remembered Sets
[2020-03-15T09:31:32.345+0200][gc,marking    ] GC(5) Concurrent Rebuild Remembered Sets 5.146ms
[2020-03-15T09:31:32.345+0200][gc,start      ] GC(5) Pause Cleanup
[2020-03-15T09:31:32.345+0200][gc            ] GC(5) Pause Cleanup 142M->142M(1024M) 0.093ms
[2020-03-15T09:31:32.345+0200][gc,cpu        ] GC(5) User=0.00s Sys=0.00s Real=0.00s
[2020-03-15T09:31:32.345+0200][gc,marking    ] GC(5) Concurrent Cleanup for Next Mark
[2020-03-15T09:31:32.348+0200][gc,marking    ] GC(5) Concurrent Cleanup for Next Mark 3.326ms
[2020-03-15T09:31:32.348+0200][gc            ] GC(5) Concurrent Cycle 20.409ms
[2020-03-15T09:51:27.132+0200][gc,start      ] GC(6) Pause Young (Normal) (G1 Evacuation Pause)
[2020-03-15T09:51:27.132+0200][gc,task       ] GC(6) Using 10 workers of 10 for evacuation
[2020-03-15T09:51:27.138+0200][gc,phases     ] GC(6)   Pre Evacuate Collection Set: 0.0ms
[2020-03-15T09:51:27.138+0200][gc,phases     ] GC(6)   Evacuate Collection Set: 5.0ms
[2020-03-15T09:51:27.138+0200][gc,phases     ] GC(6)   Post Evacuate Collection Set: 0.6ms
[2020-03-15T09:51:27.138+0200][gc,phases     ] GC(6)   Other: 0.3ms
[2020-03-15T09:51:27.138+0200][gc,heap       ] GC(6) Eden regions: 49->0(48)
[2020-03-15T09:51:27.138+0200][gc,heap       ] GC(6) Survivor regions: 2->3(7)
[2020-03-15T09:51:27.138+0200][gc,heap       ] GC(6) Old regions: 12->12
[2020-03-15T09:51:27.138+0200][gc,heap       ] GC(6) Humongous regions: 129->129
[2020-03-15T09:51:27.138+0200][gc,metaspace  ] GC(6) Metaspace: 37383K->37383K(1083392K)
[2020-03-15T09:51:27.138+0200][gc            ] GC(6) Pause Young (Normal) (G1 Evacuation Pause) 190M->142M(1024M) 5.909ms
[2020-03-15T09:51:27.138+0200][gc,cpu        ] GC(6) User=0.05s Sys=0.00s Real=0.00s
[2020-03-15T10:24:23.151+0200][gc,start      ] GC(7) Pause Young (Normal) (G1 Evacuation Pause)
[2020-03-15T10:24:23.151+0200][gc,task       ] GC(7) Using 10 workers of 10 for evacuation
[2020-03-15T10:24:23.159+0200][gc,phases     ] GC(7)   Pre Evacuate Collection Set: 0.1ms
[2020-03-15T10:24:23.159+0200][gc,phases     ] GC(7)   Evacuate Collection Set: 5.6ms
[2020-03-15T10:24:23.159+0200][gc,phases     ] GC(7)   Post Evacuate Collection Set: 1.4ms
[2020-03-15T10:24:23.159+0200][gc,phases     ] GC(7)   Other: 0.9ms
[2020-03-15T10:24:23.159+0200][gc,heap       ] GC(7) Eden regions: 48->0(48)
[2020-03-15T10:24:23.159+0200][gc,heap       ] GC(7) Survivor regions: 3->3(7)
[2020-03-15T10:24:23.159+0200][gc,heap       ] GC(7) Old regions: 12->12
[2020-03-15T10:24:23.159+0200][gc,heap       ] GC(7) Humongous regions: 129->129
[2020-03-15T10:24:23.159+0200][gc,metaspace  ] GC(7) Metaspace: 37497K->37497K(1083392K)
[2020-03-15T10:24:23.159+0200][gc            ] GC(7) Pause Young (Normal) (G1 Evacuation Pause) 190M->142M(1024M) 8.159ms
[2020-03-15T10:24:23.159+0200][gc,cpu        ] GC(7) User=0.06s Sys=0.00s Real=0.00s
[2020-03-15T10:58:01.825+0200][gc,start      ] GC(8) Pause Young (Normal) (G1 Evacuation Pause)
[2020-03-15T10:58:01.825+0200][gc,task       ] GC(8) Using 10 workers of 10 for evacuation
[2020-03-15T10:58:01.828+0200][gc,phases     ] GC(8)   Pre Evacuate Collection Set: 0.0ms
[2020-03-15T10:58:01.828+0200][gc,phases     ] GC(8)   Evacuate Collection Set: 2.4ms
[2020-03-15T10:58:01.829+0200][gc,phases     ] GC(8)   Post Evacuate Collection Set: 0.7ms
[2020-03-15T10:58:01.829+0200][gc,phases     ] GC(8)   Other: 0.2ms
[2020-03-15T10:58:01.829+0200][gc,heap       ] GC(8) Eden regions: 48->0(48)
[2020-03-15T10:58:01.829+0200][gc,heap       ] GC(8) Survivor regions: 3->3(7)
[2020-03-15T10:58:01.829+0200][gc,heap       ] GC(8) Old regions: 12->12
[2020-03-15T10:58:01.829+0200][gc,heap       ] GC(8) Humongous regions: 129->129
[2020-03-15T10:58:01.829+0200][gc,metaspace  ] GC(8) Metaspace: 37629K->37629K(1083392K)
[2020-03-15T10:58:01.829+0200][gc            ] GC(8) Pause Young (Normal) (G1 Evacuation Pause) 190M->142M(1024M) 3.390ms
[2020-03-15T10:58:01.829+0200][gc,cpu        ] GC(8) User=0.02s Sys=0.01s Real=0.00s
[2020-03-15T11:31:47.062+0200][gc,start      ] GC(9) Pause Young (Normal) (G1 Evacuation Pause)
[2020-03-15T11:31:47.062+0200][gc,task       ] GC(9) Using 10 workers of 10 for evacuation
[2020-03-15T11:31:47.070+0200][gc,phases     ] GC(9)   Pre Evacuate Collection Set: 0.0ms
[2020-03-15T11:31:47.070+0200][gc,phases     ] GC(9)   Evacuate Collection Set: 4.0ms
[2020-03-15T11:31:47.070+0200][gc,phases     ] GC(9)   Post Evacuate Collection Set: 3.1ms
[2020-03-15T11:31:47.070+0200][gc,phases     ] GC(9)   Other: 0.2ms
[2020-03-15T11:31:47.070+0200][gc,heap       ] GC(9) Eden regions: 48->0(57)
[2020-03-15T11:31:47.070+0200][gc,heap       ] GC(9) Survivor regions: 3->3(7)
[2020-03-15T11:31:47.070+0200][gc,heap       ] GC(9) Old regions: 12->12
[2020-03-15T11:31:47.070+0200][gc,heap       ] GC(9) Humongous regions: 129->129
[2020-03-15T11:31:47.070+0200][gc,metaspace  ] GC(9) Metaspace: 37701K->37701K(1083392K)
[2020-03-15T11:31:47.070+0200][gc            ] GC(9) Pause Young (Normal) (G1 Evacuation Pause) 190M->142M(1024M) 7.531ms
[2020-03-15T11:31:47.070+0200][gc,cpu        ] GC(9) User=0.03s Sys=0.00s Real=0.01s
[2020-03-15T12:12:01.825+0200][gc,start      ] GC(10) Pause Young (Normal) (G1 Evacuation Pause)
[2020-03-15T12:12:01.825+0200][gc,task       ] GC(10) Using 10 workers of 10 for evacuation
[2020-03-15T12:12:01.834+0200][gc,phases     ] GC(10)   Pre Evacuate Collection Set: 0.0ms
[2020-03-15T12:12:01.835+0200][gc,phases     ] GC(10)   Evacuate Collection Set: 6.2ms
[2020-03-15T12:12:01.835+0200][gc,phases     ] GC(10)   Post Evacuate Collection Set: 2.7ms
[2020-03-15T12:12:01.835+0200][gc,phases     ] GC(10)   Other: 0.2ms
[2020-03-15T12:12:01.835+0200][gc,heap       ] GC(10) Eden regions: 57->0(76)
[2020-03-15T12:12:01.835+0200][gc,heap       ] GC(10) Survivor regions: 3->3(8)
[2020-03-15T12:12:01.835+0200][gc,heap       ] GC(10) Old regions: 12->12
[2020-03-15T12:12:01.835+0200][gc,heap       ] GC(10) Humongous regions: 129->129
[2020-03-15T12:12:01.835+0200][gc,metaspace  ] GC(10) Metaspace: 37749K->37749K(1083392K)
[2020-03-15T12:12:01.835+0200][gc            ] GC(10) Pause Young (Normal) (G1 Evacuation Pause) 199M->142M(1024M) 9.318ms
[2020-03-15T12:12:01.835+0200][gc,cpu        ] GC(10) User=0.05s Sys=0.00s Real=0.01s
[2020-03-15T13:06:47.496+0200][gc,start      ] GC(11) Pause Young (Normal) (G1 Evacuation Pause)
[2020-03-15T13:06:47.496+0200][gc,task       ] GC(11) Using 10 workers of 10 for evacuation
[2020-03-15T13:06:47.502+0200][gc,phases     ] GC(11)   Pre Evacuate Collection Set: 0.0ms
[2020-03-15T13:06:47.502+0200][gc,phases     ] GC(11)   Evacuate Collection Set: 4.5ms
[2020-03-15T13:06:47.502+0200][gc,phases     ] GC(11)   Post Evacuate Collection Set: 1.4ms
[2020-03-15T13:06:47.502+0200][gc,phases     ] GC(11)   Other: 0.4ms
[2020-03-15T13:06:47.502+0200][gc,heap       ] GC(11) Eden regions: 76->0(96)
[2020-03-15T13:06:47.502+0200][gc,heap       ] GC(11) Survivor regions: 3->3(10)
[2020-03-15T13:06:47.502+0200][gc,heap       ] GC(11) Old regions: 12->12
[2020-03-15T13:06:47.502+0200][gc,heap       ] GC(11) Humongous regions: 129->129
[2020-03-15T13:06:47.502+0200][gc,metaspace  ] GC(11) Metaspace: 37813K->37813K(1083392K)
[2020-03-15T13:06:47.502+0200][gc            ] GC(11) Pause Young (Normal) (G1 Evacuation Pause) 218M->142M(1024M) 6.496ms
[2020-03-15T13:06:47.502+0200][gc,cpu        ] GC(11) User=0.04s Sys=0.00s Real=0.01s
[2020-03-15T14:17:31.826+0200][gc,start      ] GC(12) Pause Young (Normal) (G1 Evacuation Pause)
[2020-03-15T14:17:31.826+0200][gc,task       ] GC(12) Using 10 workers of 10 for evacuation
[2020-03-15T14:17:31.833+0200][gc,phases     ] GC(12)   Pre Evacuate Collection Set: 0.0ms
[2020-03-15T14:17:31.833+0200][gc,phases     ] GC(12)   Evacuate Collection Set: 6.1ms
[2020-03-15T14:17:31.833+0200][gc,phases     ] GC(12)   Post Evacuate Collection Set: 0.6ms
[2020-03-15T14:17:31.833+0200][gc,phases     ] GC(12)   Other: 0.4ms
[2020-03-15T14:17:31.833+0200][gc,heap       ] GC(12) Eden regions: 96->0(118)
[2020-03-15T14:17:31.833+0200][gc,heap       ] GC(12) Survivor regions: 3->3(13)
[2020-03-15T14:17:31.833+0200][gc,heap       ] GC(12) Old regions: 12->12
[2020-03-15T14:17:31.833+0200][gc,heap       ] GC(12) Humongous regions: 129->129
[2020-03-15T14:17:31.833+0200][gc,metaspace  ] GC(12) Metaspace: 37856K->37856K(1083392K)
[2020-03-15T14:17:31.833+0200][gc            ] GC(12) Pause Young (Normal) (G1 Evacuation Pause) 238M->142M(1024M) 7.029ms
[2020-03-15T14:17:31.833+0200][gc,cpu        ] GC(12) User=0.05s Sys=0.01s Real=0.01s
[2020-03-15T15:43:56.826+0200][gc,start      ] GC(13) Pause Young (Normal) (G1 Evacuation Pause)
[2020-03-15T15:43:56.826+0200][gc,task       ] GC(13) Using 10 workers of 10 for evacuation
[2020-03-15T15:43:56.832+0200][gc,phases     ] GC(13)   Pre Evacuate Collection Set: 0.0ms
[2020-03-15T15:43:56.832+0200][gc,phases     ] GC(13)   Evacuate Collection Set: 5.6ms
[2020-03-15T15:43:56.832+0200][gc,phases     ] GC(13)   Post Evacuate Collection Set: 0.6ms
[2020-03-15T15:43:56.832+0200][gc,phases     ] GC(13)   Other: 0.4ms
[2020-03-15T15:43:56.832+0200][gc,heap       ] GC(13) Eden regions: 118->0(138)
[2020-03-15T15:43:56.832+0200][gc,heap       ] GC(13) Survivor regions: 3->3(16)
[2020-03-15T15:43:56.832+0200][gc,heap       ] GC(13) Old regions: 12->12
[2020-03-15T15:43:56.832+0200][gc,heap       ] GC(13) Humongous regions: 129->129
[2020-03-15T15:43:56.832+0200][gc,metaspace  ] GC(13) Metaspace: 37868K->37868K(1083392K)
[2020-03-15T15:43:56.832+0200][gc            ] GC(13) Pause Young (Normal) (G1 Evacuation Pause) 260M->142M(1024M) 6.580ms
[2020-03-15T15:43:56.832+0200][gc,cpu        ] GC(13) User=0.04s Sys=0.00s Real=0.01s
[2020-03-15T17:26:17.843+0200][gc,start      ] GC(14) Pause Young (Normal) (G1 Evacuation Pause)
[2020-03-15T17:26:17.843+0200][gc,task       ] GC(14) Using 10 workers of 10 for evacuation
[2020-03-15T17:26:17.849+0200][gc,phases     ] GC(14)   Pre Evacuate Collection Set: 0.0ms
[2020-03-15T17:26:17.849+0200][gc,phases     ] GC(14)   Evacuate Collection Set: 5.2ms
[2020-03-15T17:26:17.849+0200][gc,phases     ] GC(14)   Post Evacuate Collection Set: 0.6ms
[2020-03-15T17:26:17.849+0200][gc,phases     ] GC(14)   Other: 0.3ms
[2020-03-15T17:26:17.849+0200][gc,heap       ] GC(14) Eden regions: 138->0(159)
[2020-03-15T17:26:17.849+0200][gc,heap       ] GC(14) Survivor regions: 3->3(18)
[2020-03-15T17:26:17.849+0200][gc,heap       ] GC(14) Old regions: 12->12
[2020-03-15T17:26:17.849+0200][gc,heap       ] GC(14) Humongous regions: 129->129
[2020-03-15T17:26:17.849+0200][gc,metaspace  ] GC(14) Metaspace: 37915K->37915K(1083392K)
[2020-03-15T17:26:17.849+0200][gc            ] GC(14) Pause Young (Normal) (G1 Evacuation Pause) 280M->142M(1024M) 6.155ms
[2020-03-15T17:26:17.849+0200][gc,cpu        ] GC(14) User=0.04s Sys=0.00s Real=0.00s
[2020-03-15T19:24:21.825+0200][gc,start      ] GC(15) Pause Young (Normal) (G1 Evacuation Pause)
[2020-03-15T19:24:21.825+0200][gc,task       ] GC(15) Using 10 workers of 10 for evacuation
[2020-03-15T19:24:21.832+0200][gc,phases     ] GC(15)   Pre Evacuate Collection Set: 0.0ms
[2020-03-15T19:24:21.832+0200][gc,phases     ] GC(15)   Evacuate Collection Set: 5.2ms
[2020-03-15T19:24:21.832+0200][gc,phases     ] GC(15)   Post Evacuate Collection Set: 0.6ms
[2020-03-15T19:24:21.832+0200][gc,phases     ] GC(15)   Other: 0.3ms
[2020-03-15T19:24:21.832+0200][gc,heap       ] GC(15) Eden regions: 159->0(190)
[2020-03-15T19:24:21.832+0200][gc,heap       ] GC(15) Survivor regions: 3->3(21)
[2020-03-15T19:24:21.832+0200][gc,heap       ] GC(15) Old regions: 12->12
[2020-03-15T19:24:21.832+0200][gc,heap       ] GC(15) Humongous regions: 129->129
[2020-03-15T19:24:21.832+0200][gc,metaspace  ] GC(15) Metaspace: 37955K->37955K(1083392K)
[2020-03-15T19:24:21.832+0200][gc            ] GC(15) Pause Young (Normal) (G1 Evacuation Pause) 301M->142M(1024M) 6.157ms
[2020-03-15T19:24:21.832+0200][gc,cpu        ] GC(15) User=0.06s Sys=0.00s Real=0.01s
[2020-03-15T21:45:46.825+0200][gc,start      ] GC(16) Pause Young (Normal) (G1 Evacuation Pause)
[2020-03-15T21:45:46.825+0200][gc,task       ] GC(16) Using 10 workers of 10 for evacuation
[2020-03-15T21:45:46.832+0200][gc,phases     ] GC(16)   Pre Evacuate Collection Set: 0.0ms
[2020-03-15T21:45:46.832+0200][gc,phases     ] GC(16)   Evacuate Collection Set: 5.4ms
[2020-03-15T21:45:46.832+0200][gc,phases     ] GC(16)   Post Evacuate Collection Set: 0.6ms
[2020-03-15T21:45:46.832+0200][gc,phases     ] GC(16)   Other: 0.3ms
[2020-03-15T21:45:46.832+0200][gc,heap       ] GC(16) Eden regions: 190->0(216)
[2020-03-15T21:45:46.832+0200][gc,heap       ] GC(16) Survivor regions: 3->3(25)
[2020-03-15T21:45:46.832+0200][gc,heap       ] GC(16) Old regions: 12->12
[2020-03-15T21:45:46.832+0200][gc,heap       ] GC(16) Humongous regions: 129->129
[2020-03-15T21:45:46.832+0200][gc,metaspace  ] GC(16) Metaspace: 37963K->37963K(1083392K)
[2020-03-15T21:45:46.832+0200][gc            ] GC(16) Pause Young (Normal) (G1 Evacuation Pause) 332M->143M(1024M) 6.373ms
[2020-03-15T21:45:46.832+0200][gc,cpu        ] GC(16) User=0.06s Sys=0.00s Real=0.01s
[2020-03-16T00:25:48.395+0200][gc,start      ] GC(17) Pause Young (Normal) (G1 Evacuation Pause)
[2020-03-16T00:25:48.395+0200][gc,task       ] GC(17) Using 10 workers of 10 for evacuation
[2020-03-16T00:25:48.401+0200][gc,phases     ] GC(17)   Pre Evacuate Collection Set: 0.0ms
[2020-03-16T00:25:48.401+0200][gc,phases     ] GC(17)   Evacuate Collection Set: 5.4ms
[2020-03-16T00:25:48.401+0200][gc,phases     ] GC(17)   Post Evacuate Collection Set: 0.7ms
[2020-03-16T00:25:48.401+0200][gc,phases     ] GC(17)   Other: 0.3ms
[2020-03-16T00:25:48.401+0200][gc,heap       ] GC(17) Eden regions: 216->0(245)
[2020-03-16T00:25:48.401+0200][gc,heap       ] GC(17) Survivor regions: 3->3(28)
[2020-03-16T00:25:48.401+0200][gc,heap       ] GC(17) Old regions: 12->12
[2020-03-16T00:25:48.401+0200][gc,heap       ] GC(17) Humongous regions: 129->129
[2020-03-16T00:25:48.401+0200][gc,metaspace  ] GC(17) Metaspace: 37992K->37992K(1083392K)
[2020-03-16T00:25:48.401+0200][gc            ] GC(17) Pause Young (Normal) (G1 Evacuation Pause) 359M->142M(1024M) 6.419ms
[2020-03-16T00:25:48.401+0200][gc,cpu        ] GC(17) User=0.06s Sys=0.00s Real=0.01s
[2020-03-16T03:26:52.152+0200][gc,start      ] GC(18) Pause Young (Normal) (G1 Evacuation Pause)
[2020-03-16T03:26:52.152+0200][gc,task       ] GC(18) Using 10 workers of 10 for evacuation
[2020-03-16T03:26:52.158+0200][gc,phases     ] GC(18)   Pre Evacuate Collection Set: 0.0ms
[2020-03-16T03:26:52.158+0200][gc,phases     ] GC(18)   Evacuate Collection Set: 5.3ms
[2020-03-16T03:26:52.158+0200][gc,phases     ] GC(18)   Post Evacuate Collection Set: 0.7ms
[2020-03-16T03:26:52.159+0200][gc,phases     ] GC(18)   Other: 0.3ms
[2020-03-16T03:26:52.159+0200][gc,heap       ] GC(18) Eden regions: 245->0(276)
[2020-03-16T03:26:52.159+0200][gc,heap       ] GC(18) Survivor regions: 3->3(31)
[2020-03-16T03:26:52.159+0200][gc,heap       ] GC(18) Old regions: 12->12
[2020-03-16T03:26:52.159+0200][gc,heap       ] GC(18) Humongous regions: 129->129
[2020-03-16T03:26:52.159+0200][gc,metaspace  ] GC(18) Metaspace: 38004K->38004K(1083392K)
[2020-03-16T03:26:52.159+0200][gc            ] GC(18) Pause Young (Normal) (G1 Evacuation Pause) 387M->143M(1024M) 6.354ms
[2020-03-16T03:26:52.159+0200][gc,cpu        ] GC(18) User=0.05s Sys=0.00s Real=0.00s
[2020-03-16T06:52:11.826+0200][gc,start      ] GC(19) Pause Young (Normal) (G1 Evacuation Pause)
[2020-03-16T06:52:11.826+0200][gc,task       ] GC(19) Using 10 workers of 10 for evacuation
[2020-03-16T06:52:11.832+0200][gc,phases     ] GC(19)   Pre Evacuate Collection Set: 0.0ms
[2020-03-16T06:52:11.832+0200][gc,phases     ] GC(19)   Evacuate Collection Set: 4.9ms
[2020-03-16T06:52:11.832+0200][gc,phases     ] GC(19)   Post Evacuate Collection Set: 0.7ms
[2020-03-16T06:52:11.832+0200][gc,phases     ] GC(19)   Other: 0.3ms
[2020-03-16T06:52:11.832+0200][gc,heap       ] GC(19) Eden regions: 276->0(304)
[2020-03-16T06:52:11.832+0200][gc,heap       ] GC(19) Survivor regions: 3->3(35)
[2020-03-16T06:52:11.832+0200][gc,heap       ] GC(19) Old regions: 12->12
[2020-03-16T06:52:11.832+0200][gc,heap       ] GC(19) Humongous regions: 129->129
[2020-03-16T06:52:11.832+0200][gc,metaspace  ] GC(19) Metaspace: 38089K->38089K(1083392K)
[2020-03-16T06:52:11.832+0200][gc            ] GC(19) Pause Young (Normal) (G1 Evacuation Pause) 419M->143M(1024M) 5.983ms
[2020-03-16T06:52:11.832+0200][gc,cpu        ] GC(19) User=0.05s Sys=0.00s Real=0.01s
