[2020-03-06T17:43:44.304-0200][gc,heap] Heap region size: 1M
[2020-03-06T17:43:44.327-0200][gc     ] Using G1
[2020-03-06T17:43:44.327-0200][gc,heap,coops] Heap address: 0x0000000780000000, size: 1024 MB, Compressed Oops mode: Zero based, Oop shift amount: 3
[2020-03-06T17:43:48.298-0200][gc,start     ] GC(0) Pause Young (G1 Evacuation Pause)
[2020-03-06T17:43:48.298-0200][gc,task      ] GC(0) Using 4 workers of 4 for evacuation
[2020-03-06T17:43:48.338-0200][gc,mmu       ] GC(0) MMU target violated: 21.0ms (20.0ms/21.0ms)
[2020-03-06T17:43:48.338-0200][gc,phases    ] GC(0)   Pre Evacuate Collection Set: 0.3ms
[2020-03-06T17:43:48.338-0200][gc,phases    ] GC(0)   Evacuate Collection Set: 25.8ms
[2020-03-06T17:43:48.338-0200][gc,phases    ] GC(0)   Post Evacuate Collection Set: 14.1ms
[2020-03-06T17:43:48.338-0200][gc,phases    ] GC(0)   Other: 0.4ms
[2020-03-06T17:43:48.338-0200][gc,heap      ] GC(0) Eden regions: 51->0(44)
[2020-03-06T17:43:48.339-0200][gc,heap      ] GC(0) Survivor regions: 0->7(7)
[2020-03-06T17:43:48.339-0200][gc,heap      ] GC(0) Old regions: 0->4
[2020-03-06T17:43:48.339-0200][gc,heap      ] GC(0) Humongous regions: 1->1
[2020-03-06T17:43:48.339-0200][gc,metaspace ] GC(0) Metaspace: 19147K->19147K(1067008K)
[2020-03-06T17:43:48.339-0200][gc           ] GC(0) Pause Young (G1 Evacuation Pause) 52M->11M(1024M) 40.858ms
[2020-03-06T17:43:48.339-0200][gc,cpu       ] GC(0) User=0.04s Sys=0.01s Real=0.04s
[2020-03-06T17:43:48.787-0200][gc,start     ] GC(1) Pause Initial Mark (Metadata GC Threshold)
[2020-03-06T17:43:48.787-0200][gc,task      ] GC(1) Using 4 workers of 4 for evacuation
[2020-03-06T17:43:48.799-0200][gc,phases    ] GC(1)   Pre Evacuate Collection Set: 0.1ms
[2020-03-06T17:43:48.799-0200][gc,phases    ] GC(1)   Evacuate Collection Set: 10.4ms
[2020-03-06T17:43:48.799-0200][gc,phases    ] GC(1)   Post Evacuate Collection Set: 1.4ms
[2020-03-06T17:43:48.799-0200][gc,phases    ] GC(1)   Other: 0.3ms
[2020-03-06T17:43:48.799-0200][gc,heap      ] GC(1) Eden regions: 9->0(49)
[2020-03-06T17:43:48.799-0200][gc,heap      ] GC(1) Survivor regions: 7->2(7)
[2020-03-06T17:43:48.799-0200][gc,heap      ] GC(1) Old regions: 4->10
[2020-03-06T17:43:48.799-0200][gc,heap      ] GC(1) Humongous regions: 1->1
[2020-03-06T17:43:48.799-0200][gc,metaspace ] GC(1) Metaspace: 20648K->20648K(1069056K)
[2020-03-06T17:43:48.799-0200][gc           ] GC(1) Pause Initial Mark (Metadata GC Threshold) 20M->12M(1024M) 12.390ms
[2020-03-06T17:43:48.799-0200][gc,cpu       ] GC(1) User=0.03s Sys=0.00s Real=0.01s
[2020-03-06T17:43:48.799-0200][gc           ] GC(2) Concurrent Cycle
[2020-03-06T17:43:48.800-0200][gc,marking   ] GC(2) Concurrent Clear Claimed Marks
[2020-03-06T17:43:48.800-0200][gc,marking   ] GC(2) Concurrent Clear Claimed Marks 0.049ms
[2020-03-06T17:43:48.800-0200][gc,marking   ] GC(2) Concurrent Scan Root Regions
[2020-03-06T17:43:48.807-0200][gc,marking   ] GC(2) Concurrent Scan Root Regions 7.594ms
[2020-03-06T17:43:48.807-0200][gc,marking   ] GC(2) Concurrent Mark (4.550s)
[2020-03-06T17:43:48.807-0200][gc,marking   ] GC(2) Concurrent Mark From Roots
[2020-03-06T17:43:48.807-0200][gc,task      ] GC(2) Using 1 workers of 1 for marking
[2020-03-06T17:43:48.821-0200][gc,marking   ] GC(2) Concurrent Mark From Roots 13.851ms
[2020-03-06T17:43:48.821-0200][gc,marking   ] GC(2) Concurrent Mark (4.550s, 4.564s) 13.977ms
[2020-03-06T17:43:48.821-0200][gc,start     ] GC(2) Pause Remark
[2020-03-06T17:43:48.827-0200][gc,stringtable] GC(2) Cleaned string and symbol table, strings: 8803 processed, 0 removed, symbols: 69859 processed, 42 removed
[2020-03-06T17:43:48.827-0200][gc            ] GC(2) Pause Remark 13M->13M(1024M) 5.305ms
[2020-03-06T17:43:48.827-0200][gc,cpu        ] GC(2) User=0.02s Sys=0.00s Real=0.00s
[2020-03-06T17:43:48.827-0200][gc,marking    ] GC(2) Concurrent Create Live Data
[2020-03-06T17:43:48.830-0200][gc,marking    ] GC(2) Concurrent Create Live Data 2.833ms
[2020-03-06T17:43:48.830-0200][gc,start      ] GC(2) Pause Cleanup
[2020-03-06T17:43:48.831-0200][gc            ] GC(2) Pause Cleanup 14M->11M(1024M) 0.500ms
[2020-03-06T17:43:48.831-0200][gc,cpu        ] GC(2) User=0.00s Sys=0.00s Real=0.00s
[2020-03-06T17:43:48.831-0200][gc,marking    ] GC(2) Concurrent Complete Cleanup
[2020-03-06T17:43:48.831-0200][gc,marking    ] GC(2) Concurrent Complete Cleanup 0.031ms
[2020-03-06T17:43:48.831-0200][gc,marking    ] GC(2) Concurrent Cleanup for Next Mark
[2020-03-06T17:43:48.849-0200][gc,marking    ] GC(2) Concurrent Cleanup for Next Mark 18.293ms
[2020-03-06T17:43:48.849-0200][gc            ] GC(2) Concurrent Cycle 49.838ms
[2020-03-06T17:43:50.069-0200][gc,start      ] GC(3) Pause Young (G1 Evacuation Pause)
[2020-03-06T17:43:50.069-0200][gc,task       ] GC(3) Using 4 workers of 4 for evacuation
[2020-03-06T17:43:50.076-0200][gc,phases     ] GC(3)   Pre Evacuate Collection Set: 0.0ms
[2020-03-06T17:43:50.076-0200][gc,phases     ] GC(3)   Evacuate Collection Set: 4.6ms
[2020-03-06T17:43:50.076-0200][gc,phases     ] GC(3)   Post Evacuate Collection Set: 2.6ms
[2020-03-06T17:43:50.076-0200][gc,phases     ] GC(3)   Other: 0.5ms
[2020-03-06T17:43:50.076-0200][gc,heap       ] GC(3) Eden regions: 49->0(44)
[2020-03-06T17:43:50.076-0200][gc,heap       ] GC(3) Survivor regions: 2->7(7)
[2020-03-06T17:43:50.076-0200][gc,heap       ] GC(3) Old regions: 7->8
[2020-03-06T17:43:50.076-0200][gc,heap       ] GC(3) Humongous regions: 130->130
[2020-03-06T17:43:50.076-0200][gc,metaspace  ] GC(3) Metaspace: 27502K->27502K(1075200K)
[2020-03-06T17:43:50.077-0200][gc            ] GC(3) Pause Young (G1 Evacuation Pause) 187M->144M(1024M) 7.948ms
[2020-03-06T17:43:50.077-0200][gc,cpu        ] GC(3) User=0.02s Sys=0.00s Real=0.01s
[2020-03-06T17:44:28.945-0200][gc,start      ] GC(4) Pause Young (G1 Evacuation Pause)
[2020-03-06T17:44:28.946-0200][gc,task       ] GC(4) Using 4 workers of 4 for evacuation
[2020-03-06T17:44:28.962-0200][gc,phases     ] GC(4)   Pre Evacuate Collection Set: 0.1ms
[2020-03-06T17:44:28.962-0200][gc,phases     ] GC(4)   Evacuate Collection Set: 11.5ms
[2020-03-06T17:44:28.962-0200][gc,phases     ] GC(4)   Post Evacuate Collection Set: 4.5ms
[2020-03-06T17:44:28.962-0200][gc,phases     ] GC(4)   Other: 0.5ms
[2020-03-06T17:44:28.962-0200][gc,heap       ] GC(4) Eden regions: 44->0(45)
[2020-03-06T17:44:28.962-0200][gc,heap       ] GC(4) Survivor regions: 7->6(7)
[2020-03-06T17:44:28.962-0200][gc,heap       ] GC(4) Old regions: 8->11
[2020-03-06T17:44:28.962-0200][gc,heap       ] GC(4) Humongous regions: 130->130
[2020-03-06T17:44:28.962-0200][gc,metaspace  ] GC(4) Metaspace: 32461K->32461K(1079296K)
[2020-03-06T17:44:28.962-0200][gc            ] GC(4) Pause Young (G1 Evacuation Pause) 188M->145M(1024M) 16.817ms
[2020-03-06T17:44:28.962-0200][gc,cpu        ] GC(4) User=0.03s Sys=0.01s Real=0.02s
[2020-03-06T18:04:32.023-0200][gc,start      ] GC(5) Pause Young (G1 Evacuation Pause)
[2020-03-06T18:04:32.023-0200][gc,task       ] GC(5) Using 4 workers of 4 for evacuation
[2020-03-06T18:04:32.073-0200][gc,mmu        ] GC(5) MMU target violated: 21.0ms (20.0ms/21.0ms)
[2020-03-06T18:04:32.073-0200][gc,phases     ] GC(5)   Pre Evacuate Collection Set: 1.3ms
[2020-03-06T18:04:32.073-0200][gc,phases     ] GC(5)   Evacuate Collection Set: 46.6ms
[2020-03-06T18:04:32.073-0200][gc,phases     ] GC(5)   Post Evacuate Collection Set: 2.0ms
[2020-03-06T18:04:32.073-0200][gc,phases     ] GC(5)   Other: 0.8ms
[2020-03-06T18:04:32.073-0200][gc,heap       ] GC(5) Eden regions: 45->0(49)
[2020-03-06T18:04:32.073-0200][gc,heap       ] GC(5) Survivor regions: 6->2(7)
[2020-03-06T18:04:32.073-0200][gc,heap       ] GC(5) Old regions: 11->12
[2020-03-06T18:04:32.073-0200][gc,heap       ] GC(5) Humongous regions: 130->130
[2020-03-06T18:04:32.073-0200][gc,metaspace  ] GC(5) Metaspace: 33565K->33565K(1079296K)
[2020-03-06T18:04:32.073-0200][gc            ] GC(5) Pause Young (G1 Evacuation Pause) 190M->143M(1024M) 50.907ms
[2020-03-06T18:04:32.073-0200][gc,cpu        ] GC(5) User=0.03s Sys=0.05s Real=0.05s
[2020-03-06T18:44:19.447-0200][gc,start      ] GC(6) Pause Young (G1 Evacuation Pause)
[2020-03-06T18:44:19.447-0200][gc,task       ] GC(6) Using 4 workers of 4 for evacuation
[2020-03-06T18:44:19.588-0200][gc,mmu        ] GC(6) MMU target violated: 21.0ms (20.0ms/21.0ms)
[2020-03-06T18:44:19.588-0200][gc,phases     ] GC(6)   Pre Evacuate Collection Set: 10.2ms
[2020-03-06T18:44:19.588-0200][gc,phases     ] GC(6)   Evacuate Collection Set: 117.0ms
[2020-03-06T18:44:19.588-0200][gc,phases     ] GC(6)   Post Evacuate Collection Set: 7.8ms
[2020-03-06T18:44:19.588-0200][gc,phases     ] GC(6)   Other: 7.3ms
[2020-03-06T18:44:19.588-0200][gc,heap       ] GC(6) Eden regions: 49->0(49)
[2020-03-06T18:44:19.588-0200][gc,heap       ] GC(6) Survivor regions: 2->2(7)
[2020-03-06T18:44:19.588-0200][gc,heap       ] GC(6) Old regions: 12->12
[2020-03-06T18:44:19.588-0200][gc,heap       ] GC(6) Humongous regions: 130->130
[2020-03-06T18:44:19.588-0200][gc,metaspace  ] GC(6) Metaspace: 33865K->33865K(1079296K)
[2020-03-06T18:44:19.588-0200][gc            ] GC(6) Pause Young (G1 Evacuation Pause) 192M->143M(1024M) 140.981ms
[2020-03-06T18:44:19.588-0200][gc,cpu        ] GC(6) User=0.02s Sys=0.08s Real=0.14s
[2020-03-06T19:22:45.630-0200][gc,start      ] GC(7) Pause Young (G1 Evacuation Pause)
[2020-03-06T19:22:45.633-0200][gc,task       ] GC(7) Using 4 workers of 4 for evacuation
[2020-03-06T19:22:45.720-0200][gc,mmu        ] GC(7) MMU target violated: 21.0ms (20.0ms/21.0ms)
[2020-03-06T19:22:45.720-0200][gc,phases     ] GC(7)   Pre Evacuate Collection Set: 6.0ms
[2020-03-06T19:22:45.720-0200][gc,phases     ] GC(7)   Evacuate Collection Set: 73.0ms
[2020-03-06T19:22:45.720-0200][gc,phases     ] GC(7)   Post Evacuate Collection Set: 2.4ms
[2020-03-06T19:22:45.720-0200][gc,phases     ] GC(7)   Other: 8.2ms
[2020-03-06T19:22:45.720-0200][gc,heap       ] GC(7) Eden regions: 49->0(49)
[2020-03-06T19:22:45.720-0200][gc,heap       ] GC(7) Survivor regions: 2->2(7)
[2020-03-06T19:22:45.720-0200][gc,heap       ] GC(7) Old regions: 12->12
[2020-03-06T19:22:45.720-0200][gc,heap       ] GC(7) Humongous regions: 130->130
[2020-03-06T19:22:45.720-0200][gc,metaspace  ] GC(7) Metaspace: 34019K->34019K(1079296K)
[2020-03-06T19:22:45.722-0200][gc            ] GC(7) Pause Young (G1 Evacuation Pause) 192M->143M(1024M) 91.546ms
[2020-03-06T19:22:45.722-0200][gc,cpu        ] GC(7) User=0.06s Sys=0.07s Real=0.09s
[2020-03-06T19:31:55.520-0200][gc,heap,exit  ] Heap
[2020-03-06T19:31:55.520-0200][gc,heap,exit  ]  garbage-first heap   total 1048576K, used 171558K [0x0000000780000000, 0x0000000780102000, 0x00000007c0000000)
[2020-03-06T19:31:55.520-0200][gc,heap,exit  ]   region size 1024K, 27 young (27648K), 2 survivors (2048K)
[2020-03-06T19:31:55.520-0200][gc,heap,exit  ]  Metaspace       used 34699K, capacity 35338K, committed 35452K, reserved 1081344K
[2020-03-06T19:31:55.520-0200][gc,heap,exit  ]   class space    used 4345K, capacity 4478K, committed 4480K, reserved 1048576K
