[2020-03-12T14:08:22.532+0200][gc,heap] Heap region size: 1M
[2020-03-12T14:08:22.542+0200][gc     ] Using G1
[2020-03-12T14:08:22.542+0200][gc,heap,coops] Heap address: 0x00000000c0000000, size: 1024 MB, Compressed Oops mode: 32-bit
[2020-03-12T14:08:23.929+0200][gc,start     ] GC(0) Pause Young (Normal) (G1 Evacuation Pause)
[2020-03-12T14:08:23.931+0200][gc,task      ] GC(0) Using 10 workers of 10 for evacuation
[2020-03-12T14:08:23.935+0200][gc,phases    ] GC(0)   Pre Evacuate Collection Set: 0.0ms
[2020-03-12T14:08:23.935+0200][gc,phases    ] GC(0)   Evacuate Collection Set: 4.0ms
[2020-03-12T14:08:23.935+0200][gc,phases    ] GC(0)   Post Evacuate Collection Set: 0.6ms
[2020-03-12T14:08:23.935+0200][gc,phases    ] GC(0)   Other: 2.2ms
[2020-03-12T14:08:23.935+0200][gc,heap      ] GC(0) Eden regions: 51->0(44)
[2020-03-12T14:08:23.935+0200][gc,heap      ] GC(0) Survivor regions: 0->7(7)
[2020-03-12T14:08:23.935+0200][gc,heap      ] GC(0) Old regions: 0->0
[2020-03-12T14:08:23.935+0200][gc,heap      ] GC(0) Humongous regions: 0->0
[2020-03-12T14:08:23.935+0200][gc,metaspace ] GC(0) Metaspace: 16015K->16015K(1062912K)
[2020-03-12T14:08:23.935+0200][gc           ] GC(0) Pause Young (Normal) (G1 Evacuation Pause) 51M->6M(1024M) 6.822ms
[2020-03-12T14:08:23.935+0200][gc,cpu       ] GC(0) User=0.03s Sys=0.01s Real=0.01s
[2020-03-12T14:08:24.233+0200][gc,start     ] GC(1) Pause Young (Concurrent Start) (Metadata GC Threshold)
[2020-03-12T14:08:24.233+0200][gc,task      ] GC(1) Using 10 workers of 10 for evacuation
[2020-03-12T14:08:24.242+0200][gc,phases    ] GC(1)   Pre Evacuate Collection Set: 0.1ms
[2020-03-12T14:08:24.242+0200][gc,phases    ] GC(1)   Evacuate Collection Set: 8.4ms
[2020-03-12T14:08:24.242+0200][gc,phases    ] GC(1)   Post Evacuate Collection Set: 0.5ms
[2020-03-12T14:08:24.242+0200][gc,phases    ] GC(1)   Other: 0.2ms
[2020-03-12T14:08:24.242+0200][gc,heap      ] GC(1) Eden regions: 19->0(50)
[2020-03-12T14:08:24.242+0200][gc,heap      ] GC(1) Survivor regions: 7->1(7)
[2020-03-12T14:08:24.242+0200][gc,heap      ] GC(1) Old regions: 0->7
[2020-03-12T14:08:24.242+0200][gc,heap      ] GC(1) Humongous regions: 129->129
[2020-03-12T14:08:24.242+0200][gc,metaspace ] GC(1) Metaspace: 20492K->20492K(1067008K)
[2020-03-12T14:08:24.242+0200][gc           ] GC(1) Pause Young (Concurrent Start) (Metadata GC Threshold) 154M->136M(1024M) 9.253ms
[2020-03-12T14:08:24.242+0200][gc,cpu       ] GC(1) User=0.04s Sys=0.00s Real=0.01s
[2020-03-12T14:08:24.242+0200][gc           ] GC(2) Concurrent Cycle
[2020-03-12T14:08:24.242+0200][gc,marking   ] GC(2) Concurrent Clear Claimed Marks
[2020-03-12T14:08:24.242+0200][gc,marking   ] GC(2) Concurrent Clear Claimed Marks 0.061ms
[2020-03-12T14:08:24.242+0200][gc,marking   ] GC(2) Concurrent Scan Root Regions
[2020-03-12T14:08:24.244+0200][gc,marking   ] GC(2) Concurrent Scan Root Regions 1.228ms
[2020-03-12T14:08:24.244+0200][gc,marking   ] GC(2) Concurrent Mark (1.715s)
[2020-03-12T14:08:24.244+0200][gc,marking   ] GC(2) Concurrent Mark From Roots
[2020-03-12T14:08:24.244+0200][gc,task      ] GC(2) Using 3 workers of 3 for marking
[2020-03-12T14:08:24.253+0200][gc,marking   ] GC(2) Concurrent Mark From Roots 9.102ms
[2020-03-12T14:08:24.253+0200][gc,marking   ] GC(2) Concurrent Preclean
[2020-03-12T14:08:24.253+0200][gc,marking   ] GC(2) Concurrent Preclean 0.210ms
[2020-03-12T14:08:24.253+0200][gc,marking   ] GC(2) Concurrent Mark (1.715s, 1.724s) 9.352ms
[2020-03-12T14:08:24.253+0200][gc,start     ] GC(2) Pause Remark
[2020-03-12T14:08:24.254+0200][gc,stringtable] GC(2) Cleaned string and symbol table, strings: 9142 processed, 0 removed, symbols: 50015 processed, 50 removed
[2020-03-12T14:08:24.255+0200][gc            ] GC(2) Pause Remark 138M->138M(1024M) 1.520ms
[2020-03-12T14:08:24.255+0200][gc,cpu        ] GC(2) User=0.00s Sys=0.00s Real=0.00s
[2020-03-12T14:08:24.255+0200][gc,marking    ] GC(2) Concurrent Rebuild Remembered Sets
[2020-03-12T14:08:24.257+0200][gc,marking    ] GC(2) Concurrent Rebuild Remembered Sets 2.502ms
[2020-03-12T14:08:24.257+0200][gc,start      ] GC(2) Pause Cleanup
[2020-03-12T14:08:24.258+0200][gc            ] GC(2) Pause Cleanup 138M->138M(1024M) 0.285ms
[2020-03-12T14:08:24.258+0200][gc,cpu        ] GC(2) User=0.00s Sys=0.00s Real=0.00s
[2020-03-12T14:08:24.258+0200][gc,marking    ] GC(2) Concurrent Cleanup for Next Mark
[2020-03-12T14:08:24.261+0200][gc,marking    ] GC(2) Concurrent Cleanup for Next Mark 3.617ms
[2020-03-12T14:08:24.261+0200][gc            ] GC(2) Concurrent Cycle 19.134ms
[2020-03-12T14:08:24.802+0200][gc,start      ] GC(3) Pause Young (Normal) (G1 Evacuation Pause)
[2020-03-12T14:08:24.802+0200][gc,task       ] GC(3) Using 10 workers of 10 for evacuation
[2020-03-12T14:08:24.805+0200][gc,phases     ] GC(3)   Pre Evacuate Collection Set: 0.0ms
[2020-03-12T14:08:24.805+0200][gc,phases     ] GC(3)   Evacuate Collection Set: 2.2ms
[2020-03-12T14:08:24.805+0200][gc,phases     ] GC(3)   Post Evacuate Collection Set: 0.4ms
[2020-03-12T14:08:24.805+0200][gc,phases     ] GC(3)   Other: 0.1ms
[2020-03-12T14:08:24.805+0200][gc,heap       ] GC(3) Eden regions: 50->0(45)
[2020-03-12T14:08:24.805+0200][gc,heap       ] GC(3) Survivor regions: 1->6(7)
[2020-03-12T14:08:24.805+0200][gc,heap       ] GC(3) Old regions: 7->7
[2020-03-12T14:08:24.805+0200][gc,heap       ] GC(3) Humongous regions: 129->129
[2020-03-12T14:08:24.805+0200][gc,metaspace  ] GC(3) Metaspace: 30064K->30064K(1077248K)
[2020-03-12T14:08:24.805+0200][gc            ] GC(3) Pause Young (Normal) (G1 Evacuation Pause) 186M->140M(1024M) 2.841ms
[2020-03-12T14:08:24.805+0200][gc,cpu        ] GC(3) User=0.02s Sys=0.00s Real=0.00s
[2020-03-12T14:08:39.794+0200][gc,start      ] GC(4) Pause Young (Concurrent Start) (Metadata GC Threshold)
[2020-03-12T14:08:39.794+0200][gc,task       ] GC(4) Using 10 workers of 10 for evacuation
[2020-03-12T14:08:39.799+0200][gc,phases     ] GC(4)   Pre Evacuate Collection Set: 0.1ms
[2020-03-12T14:08:39.799+0200][gc,phases     ] GC(4)   Evacuate Collection Set: 4.4ms
[2020-03-12T14:08:39.799+0200][gc,phases     ] GC(4)   Post Evacuate Collection Set: 0.4ms
[2020-03-12T14:08:39.799+0200][gc,phases     ] GC(4)   Other: 0.2ms
[2020-03-12T14:08:39.799+0200][gc,heap       ] GC(4) Eden regions: 20->0(49)
[2020-03-12T14:08:39.799+0200][gc,heap       ] GC(4) Survivor regions: 6->2(7)
[2020-03-12T14:08:39.799+0200][gc,heap       ] GC(4) Old regions: 7->12
[2020-03-12T14:08:39.799+0200][gc,heap       ] GC(4) Humongous regions: 129->129
[2020-03-12T14:08:39.799+0200][gc,metaspace  ] GC(4) Metaspace: 34090K->34090K(1079296K)
[2020-03-12T14:08:39.799+0200][gc            ] GC(4) Pause Young (Concurrent Start) (Metadata GC Threshold) 160M->141M(1024M) 5.109ms
[2020-03-12T14:08:39.799+0200][gc,cpu        ] GC(4) User=0.03s Sys=0.00s Real=0.01s
[2020-03-12T14:08:39.799+0200][gc            ] GC(5) Concurrent Cycle
[2020-03-12T14:08:39.799+0200][gc,marking    ] GC(5) Concurrent Clear Claimed Marks
[2020-03-12T14:08:39.799+0200][gc,marking    ] GC(5) Concurrent Clear Claimed Marks 0.067ms
[2020-03-12T14:08:39.799+0200][gc,marking    ] GC(5) Concurrent Scan Root Regions
[2020-03-12T14:08:39.800+0200][gc,marking    ] GC(5) Concurrent Scan Root Regions 1.057ms
[2020-03-12T14:08:39.800+0200][gc,marking    ] GC(5) Concurrent Mark (17.272s)
[2020-03-12T14:08:39.800+0200][gc,marking    ] GC(5) Concurrent Mark From Roots
[2020-03-12T14:08:39.800+0200][gc,task       ] GC(5) Using 3 workers of 3 for marking
[2020-03-12T14:08:39.807+0200][gc,marking    ] GC(5) Concurrent Mark From Roots 6.539ms
[2020-03-12T14:08:39.807+0200][gc,marking    ] GC(5) Concurrent Preclean
[2020-03-12T14:08:39.807+0200][gc,marking    ] GC(5) Concurrent Preclean 0.173ms
[2020-03-12T14:08:39.807+0200][gc,marking    ] GC(5) Concurrent Mark (17.272s, 17.279s) 6.752ms
[2020-03-12T14:08:39.807+0200][gc,start      ] GC(5) Pause Remark
[2020-03-12T14:08:39.809+0200][gc,stringtable] GC(5) Cleaned string and symbol table, strings: 14833 processed, 9 removed, symbols: 78170 processed, 30 removed
[2020-03-12T14:08:39.809+0200][gc            ] GC(5) Pause Remark 142M->142M(1024M) 1.488ms
[2020-03-12T14:08:39.809+0200][gc,cpu        ] GC(5) User=0.02s Sys=0.00s Real=0.00s
[2020-03-12T14:08:39.809+0200][gc,marking    ] GC(5) Concurrent Rebuild Remembered Sets
[2020-03-12T14:08:39.813+0200][gc,marking    ] GC(5) Concurrent Rebuild Remembered Sets 4.146ms
[2020-03-12T14:08:39.813+0200][gc,start      ] GC(5) Pause Cleanup
[2020-03-12T14:08:39.813+0200][gc            ] GC(5) Pause Cleanup 142M->142M(1024M) 0.216ms
[2020-03-12T14:08:39.813+0200][gc,cpu        ] GC(5) User=0.01s Sys=0.00s Real=0.00s
[2020-03-12T14:08:39.814+0200][gc,marking    ] GC(5) Concurrent Cleanup for Next Mark
[2020-03-12T14:08:39.816+0200][gc,marking    ] GC(5) Concurrent Cleanup for Next Mark 2.613ms
[2020-03-12T14:08:39.816+0200][gc            ] GC(5) Concurrent Cycle 16.912ms
[2020-03-12T14:13:11.886+0200][gc,start      ] GC(6) Pause Young (Normal) (G1 Evacuation Pause)
[2020-03-12T14:13:11.886+0200][gc,task       ] GC(6) Using 10 workers of 10 for evacuation
[2020-03-12T14:13:11.892+0200][gc,phases     ] GC(6)   Pre Evacuate Collection Set: 0.0ms
[2020-03-12T14:13:11.892+0200][gc,phases     ] GC(6)   Evacuate Collection Set: 5.7ms
[2020-03-12T14:13:11.892+0200][gc,phases     ] GC(6)   Post Evacuate Collection Set: 0.7ms
[2020-03-12T14:13:11.892+0200][gc,phases     ] GC(6)   Other: 0.2ms
[2020-03-12T14:13:11.892+0200][gc,heap       ] GC(6) Eden regions: 49->0(47)
[2020-03-12T14:13:11.892+0200][gc,heap       ] GC(6) Survivor regions: 2->4(7)
[2020-03-12T14:13:11.892+0200][gc,heap       ] GC(6) Old regions: 12->12
[2020-03-12T14:13:11.892+0200][gc,heap       ] GC(6) Humongous regions: 129->129
[2020-03-12T14:13:11.892+0200][gc,metaspace  ] GC(6) Metaspace: 37631K->37631K(1083392K)
[2020-03-12T14:13:11.892+0200][gc            ] GC(6) Pause Young (Normal) (G1 Evacuation Pause) 190M->143M(1024M) 6.691ms
[2020-03-12T14:13:11.892+0200][gc,cpu        ] GC(6) User=0.03s Sys=0.00s Real=0.01s
[2020-03-12T14:18:22.008+0200][gc,start      ] GC(7) Pause Young (Normal) (G1 Evacuation Pause)
[2020-03-12T14:18:22.008+0200][gc,task       ] GC(7) Using 10 workers of 10 for evacuation
[2020-03-12T14:18:22.014+0200][gc,phases     ] GC(7)   Pre Evacuate Collection Set: 0.0ms
[2020-03-12T14:18:22.014+0200][gc,phases     ] GC(7)   Evacuate Collection Set: 5.4ms
[2020-03-12T14:18:22.014+0200][gc,phases     ] GC(7)   Post Evacuate Collection Set: 0.6ms
[2020-03-12T14:18:22.014+0200][gc,phases     ] GC(7)   Other: 0.2ms
[2020-03-12T14:18:22.014+0200][gc,heap       ] GC(7) Eden regions: 47->0(46)
[2020-03-12T14:18:22.014+0200][gc,heap       ] GC(7) Survivor regions: 4->5(7)
[2020-03-12T14:18:22.014+0200][gc,heap       ] GC(7) Old regions: 12->12
[2020-03-12T14:18:22.014+0200][gc,heap       ] GC(7) Humongous regions: 129->129
[2020-03-12T14:18:22.014+0200][gc,metaspace  ] GC(7) Metaspace: 37814K->37814K(1083392K)
[2020-03-12T14:18:22.014+0200][gc            ] GC(7) Pause Young (Normal) (G1 Evacuation Pause) 190M->144M(1024M) 6.252ms
[2020-03-12T14:18:22.014+0200][gc,cpu        ] GC(7) User=0.02s Sys=0.00s Real=0.00s
