[2020-03-02T17:16:55.836-0200][gc,heap] Heap region size: 1M
[2020-03-02T17:16:55.848-0200][gc     ] Using G1
[2020-03-02T17:16:55.848-0200][gc,heap,coops] Heap address: 0x0000000780000000, size: 1024 MB, Compressed Oops mode: Zero based, Oop shift amount: 3
[2020-03-02T17:17:02.334-0200][gc,start     ] GC(0) Pause Young (G1 Evacuation Pause)
[2020-03-02T17:17:02.334-0200][gc,task      ] GC(0) Using 4 workers of 4 for evacuation
[2020-03-02T17:17:02.354-0200][gc,phases    ] GC(0)   Pre Evacuate Collection Set: 0.0ms
[2020-03-02T17:17:02.354-0200][gc,phases    ] GC(0)   Evacuate Collection Set: 13.1ms
[2020-03-02T17:17:02.354-0200][gc,phases    ] GC(0)   Post Evacuate Collection Set: 6.0ms
[2020-03-02T17:17:02.354-0200][gc,phases    ] GC(0)   Other: 0.6ms
[2020-03-02T17:17:02.354-0200][gc,heap      ] GC(0) Eden regions: 51->0(44)
[2020-03-02T17:17:02.354-0200][gc,heap      ] GC(0) Survivor regions: 0->7(7)
[2020-03-02T17:17:02.354-0200][gc,heap      ] GC(0) Old regions: 0->4
[2020-03-02T17:17:02.354-0200][gc,heap      ] GC(0) Humongous regions: 1->1
[2020-03-02T17:17:02.354-0200][gc,metaspace ] GC(0) Metaspace: 19081K->19081K(1067008K)
[2020-03-02T17:17:02.354-0200][gc           ] GC(0) Pause Young (G1 Evacuation Pause) 52M->11M(1024M) 20.283ms
[2020-03-02T17:17:02.355-0200][gc,cpu       ] GC(0) User=0.03s Sys=0.00s Real=0.02s
[2020-03-02T17:17:02.719-0200][gc,start     ] GC(1) Pause Initial Mark (Metadata GC Threshold)
[2020-03-02T17:17:02.719-0200][gc,task      ] GC(1) Using 4 workers of 4 for evacuation
[2020-03-02T17:17:02.730-0200][gc,phases    ] GC(1)   Pre Evacuate Collection Set: 0.0ms
[2020-03-02T17:17:02.730-0200][gc,phases    ] GC(1)   Evacuate Collection Set: 10.1ms
[2020-03-02T17:17:02.730-0200][gc,phases    ] GC(1)   Post Evacuate Collection Set: 1.2ms
[2020-03-02T17:17:02.730-0200][gc,phases    ] GC(1)   Other: 0.2ms
[2020-03-02T17:17:02.730-0200][gc,heap      ] GC(1) Eden regions: 9->0(49)
[2020-03-02T17:17:02.730-0200][gc,heap      ] GC(1) Survivor regions: 7->2(7)
[2020-03-02T17:17:02.730-0200][gc,heap      ] GC(1) Old regions: 4->10
[2020-03-02T17:17:02.730-0200][gc,heap      ] GC(1) Humongous regions: 1->1
[2020-03-02T17:17:02.730-0200][gc,metaspace ] GC(1) Metaspace: 20667K->20667K(1069056K)
[2020-03-02T17:17:02.730-0200][gc           ] GC(1) Pause Initial Mark (Metadata GC Threshold) 20M->12M(1024M) 11.650ms
[2020-03-02T17:17:02.730-0200][gc,cpu       ] GC(1) User=0.02s Sys=0.01s Real=0.02s
[2020-03-02T17:17:02.730-0200][gc           ] GC(2) Concurrent Cycle
[2020-03-02T17:17:02.730-0200][gc,marking   ] GC(2) Concurrent Clear Claimed Marks
[2020-03-02T17:17:02.730-0200][gc,marking   ] GC(2) Concurrent Clear Claimed Marks 0.047ms
[2020-03-02T17:17:02.730-0200][gc,marking   ] GC(2) Concurrent Scan Root Regions
[2020-03-02T17:17:02.739-0200][gc,marking   ] GC(2) Concurrent Scan Root Regions 8.636ms
[2020-03-02T17:17:02.739-0200][gc,marking   ] GC(2) Concurrent Mark (6.919s)
[2020-03-02T17:17:02.739-0200][gc,marking   ] GC(2) Concurrent Mark From Roots
[2020-03-02T17:17:02.739-0200][gc,task      ] GC(2) Using 1 workers of 1 for marking
[2020-03-02T17:17:02.751-0200][gc,marking   ] GC(2) Concurrent Mark From Roots 11.590ms
[2020-03-02T17:17:02.751-0200][gc,marking   ] GC(2) Concurrent Mark (6.919s, 6.931s) 11.693ms
[2020-03-02T17:17:02.751-0200][gc,start     ] GC(2) Pause Remark
[2020-03-02T17:17:02.754-0200][gc,stringtable] GC(2) Cleaned string and symbol table, strings: 8801 processed, 0 removed, symbols: 69590 processed, 41 removed
[2020-03-02T17:17:02.754-0200][gc            ] GC(2) Pause Remark 14M->14M(1024M) 3.473ms
[2020-03-02T17:17:02.754-0200][gc,cpu        ] GC(2) User=0.02s Sys=0.00s Real=0.00s
[2020-03-02T17:17:02.754-0200][gc,marking    ] GC(2) Concurrent Create Live Data
[2020-03-02T17:17:02.757-0200][gc,marking    ] GC(2) Concurrent Create Live Data 2.638ms
[2020-03-02T17:17:02.757-0200][gc,start      ] GC(2) Pause Cleanup
[2020-03-02T17:17:02.758-0200][gc            ] GC(2) Pause Cleanup 14M->11M(1024M) 0.488ms
[2020-03-02T17:17:02.758-0200][gc,cpu        ] GC(2) User=0.00s Sys=0.00s Real=0.00s
[2020-03-02T17:17:02.758-0200][gc,marking    ] GC(2) Concurrent Complete Cleanup
[2020-03-02T17:17:02.758-0200][gc,marking    ] GC(2) Concurrent Complete Cleanup 0.032ms
[2020-03-02T17:17:02.758-0200][gc,marking    ] GC(2) Concurrent Cleanup for Next Mark
[2020-03-02T17:17:02.778-0200][gc,marking    ] GC(2) Concurrent Cleanup for Next Mark 19.803ms
[2020-03-02T17:17:02.778-0200][gc            ] GC(2) Concurrent Cycle 47.634ms
[2020-03-02T17:17:04.165-0200][gc,start      ] GC(3) Pause Young (G1 Evacuation Pause)
[2020-03-02T17:17:04.165-0200][gc,task       ] GC(3) Using 4 workers of 4 for evacuation
[2020-03-02T17:17:04.176-0200][gc,phases     ] GC(3)   Pre Evacuate Collection Set: 0.0ms
[2020-03-02T17:17:04.176-0200][gc,phases     ] GC(3)   Evacuate Collection Set: 7.6ms
[2020-03-02T17:17:04.176-0200][gc,phases     ] GC(3)   Post Evacuate Collection Set: 2.6ms
[2020-03-02T17:17:04.176-0200][gc,phases     ] GC(3)   Other: 0.2ms
[2020-03-02T17:17:04.176-0200][gc,heap       ] GC(3) Eden regions: 49->0(44)
[2020-03-02T17:17:04.176-0200][gc,heap       ] GC(3) Survivor regions: 2->7(7)
[2020-03-02T17:17:04.176-0200][gc,heap       ] GC(3) Old regions: 7->8
[2020-03-02T17:17:04.176-0200][gc,heap       ] GC(3) Humongous regions: 130->130
[2020-03-02T17:17:04.176-0200][gc,metaspace  ] GC(3) Metaspace: 27677K->27677K(1075200K)
[2020-03-02T17:17:04.176-0200][gc            ] GC(3) Pause Young (G1 Evacuation Pause) 187M->144M(1024M) 10.571ms
[2020-03-02T17:17:04.176-0200][gc,cpu        ] GC(3) User=0.03s Sys=0.01s Real=0.01s
[2020-03-02T17:18:57.209-0200][gc,start      ] GC(4) Pause Young (G1 Evacuation Pause)
[2020-03-02T17:18:57.212-0200][gc,task       ] GC(4) Using 4 workers of 4 for evacuation
[2020-03-02T17:18:57.222-0200][gc,phases     ] GC(4)   Pre Evacuate Collection Set: 0.0ms
[2020-03-02T17:18:57.223-0200][gc,phases     ] GC(4)   Evacuate Collection Set: 7.7ms
[2020-03-02T17:18:57.223-0200][gc,phases     ] GC(4)   Post Evacuate Collection Set: 2.5ms
[2020-03-02T17:18:57.223-0200][gc,phases     ] GC(4)   Other: 3.4ms
[2020-03-02T17:18:57.223-0200][gc,heap       ] GC(4) Eden regions: 44->0(45)
[2020-03-02T17:18:57.223-0200][gc,heap       ] GC(4) Survivor regions: 7->6(7)
[2020-03-02T17:18:57.223-0200][gc,heap       ] GC(4) Old regions: 8->11
[2020-03-02T17:18:57.223-0200][gc,heap       ] GC(4) Humongous regions: 130->130
[2020-03-02T17:18:57.223-0200][gc,metaspace  ] GC(4) Metaspace: 32550K->32550K(1079296K)
[2020-03-02T17:18:57.223-0200][gc            ] GC(4) Pause Young (G1 Evacuation Pause) 188M->146M(1024M) 13.869ms
[2020-03-02T17:18:57.223-0200][gc,cpu        ] GC(4) User=0.02s Sys=0.00s Real=0.02s
[2020-03-02T17:19:30.625-0200][gc,heap,exit  ] Heap
[2020-03-02T17:19:30.625-0200][gc,heap,exit  ]  garbage-first heap   total 1048576K, used 163910K [0x0000000780000000, 0x0000000780102000, 0x00000007c0000000)
[2020-03-02T17:19:30.625-0200][gc,heap,exit  ]   region size 1024K, 21 young (21504K), 6 survivors (6144K)
[2020-03-02T17:19:30.625-0200][gc,heap,exit  ]  Metaspace       used 33270K, capacity 33878K, committed 34176K, reserved 1079296K
[2020-03-02T17:19:30.626-0200][gc,heap,exit  ]   class space    used 4299K, capacity 4444K, committed 4480K, reserved 1048576K
