[2020-03-11T17:44:54.590-0200][gc,heap] Heap region size: 1M
[2020-03-11T17:44:54.599-0200][gc     ] Using G1
[2020-03-11T17:44:54.599-0200][gc,heap,coops] Heap address: 0x00000007a0000000, size: 512 MB, Compressed Oops mode: Zero based, Oop shift amount: 3
[2020-03-11T17:44:59.187-0200][gc,start     ] GC(0) Pause Young (G1 Evacuation Pause)
[2020-03-11T17:44:59.187-0200][gc,task      ] GC(0) Using 4 workers of 4 for evacuation
[2020-03-11T17:44:59.197-0200][gc,phases    ] GC(0)   Pre Evacuate Collection Set: 0.0ms
[2020-03-11T17:44:59.197-0200][gc,phases    ] GC(0)   Evacuate Collection Set: 8.1ms
[2020-03-11T17:44:59.197-0200][gc,phases    ] GC(0)   Post Evacuate Collection Set: 1.5ms
[2020-03-11T17:44:59.197-0200][gc,phases    ] GC(0)   Other: 0.2ms
[2020-03-11T17:44:59.197-0200][gc,heap      ] GC(0) Eden regions: 25->0(21)
[2020-03-11T17:44:59.197-0200][gc,heap      ] GC(0) Survivor regions: 0->4(4)
[2020-03-11T17:44:59.197-0200][gc,heap      ] GC(0) Old regions: 0->3
[2020-03-11T17:44:59.197-0200][gc,heap      ] GC(0) Humongous regions: 1->1
[2020-03-11T17:44:59.197-0200][gc,metaspace ] GC(0) Metaspace: 14226K->14226K(1062912K)
[2020-03-11T17:44:59.197-0200][gc           ] GC(0) Pause Young (G1 Evacuation Pause) 26M->7M(512M) 10.065ms
[2020-03-11T17:44:59.197-0200][gc,cpu       ] GC(0) User=0.02s Sys=0.01s Real=0.01s
[2020-03-11T17:45:24.061-0200][gc,heap,exit ] Heap
[2020-03-11T17:45:24.062-0200][gc,heap,exit ]  garbage-first heap   total 524288K, used 8907K [0x00000007a0000000, 0x00000007a0101000, 0x00000007c0000000)
[2020-03-11T17:45:24.062-0200][gc,heap,exit ]   region size 1024K, 6 young (6144K), 4 survivors (4096K)
[2020-03-11T17:45:24.062-0200][gc,heap,exit ]  Metaspace       used 14271K, capacity 14762K, committed 14976K, reserved 1062912K
[2020-03-11T17:45:24.062-0200][gc,heap,exit ]   class space    used 1477K, capacity 1583K, committed 1664K, reserved 1048576K
