[2020-03-11T17:55:46.401-0200][gc,heap] Heap region size: 1M
[2020-03-11T17:55:46.409-0200][gc     ] Using G1
[2020-03-11T17:55:46.409-0200][gc,heap,coops] Heap address: 0x00000007a0000000, size: 512 MB, Compressed Oops mode: Zero based, Oop shift amount: 3
[2020-03-11T17:55:48.255-0200][gc,start     ] GC(0) Pause Young (G1 Evacuation Pause)
[2020-03-11T17:55:48.255-0200][gc,task      ] GC(0) Using 4 workers of 4 for evacuation
[2020-03-11T17:55:48.264-0200][gc,phases    ] GC(0)   Pre Evacuate Collection Set: 0.0ms
[2020-03-11T17:55:48.264-0200][gc,phases    ] GC(0)   Evacuate Collection Set: 7.6ms
[2020-03-11T17:55:48.264-0200][gc,phases    ] GC(0)   Post Evacuate Collection Set: 1.3ms
[2020-03-11T17:55:48.264-0200][gc,phases    ] GC(0)   Other: 0.2ms
[2020-03-11T17:55:48.264-0200][gc,heap      ] GC(0) Eden regions: 25->0(21)
[2020-03-11T17:55:48.264-0200][gc,heap      ] GC(0) Survivor regions: 0->4(4)
[2020-03-11T17:55:48.264-0200][gc,heap      ] GC(0) Old regions: 0->3
[2020-03-11T17:55:48.264-0200][gc,heap      ] GC(0) Humongous regions: 1->1
[2020-03-11T17:55:48.264-0200][gc,metaspace ] GC(0) Metaspace: 14132K->14132K(1062912K)
[2020-03-11T17:55:48.264-0200][gc           ] GC(0) Pause Young (G1 Evacuation Pause) 26M->7M(512M) 9.363ms
[2020-03-11T17:55:48.264-0200][gc,cpu       ] GC(0) User=0.02s Sys=0.01s Real=0.01s
[2020-03-11T17:57:15.668-0200][gc,heap,exit ] Heap
[2020-03-11T17:57:15.668-0200][gc,heap,exit ]  garbage-first heap   total 524288K, used 10888K [0x00000007a0000000, 0x00000007a0101000, 0x00000007c0000000)
[2020-03-11T17:57:15.668-0200][gc,heap,exit ]   region size 1024K, 8 young (8192K), 4 survivors (4096K)
[2020-03-11T17:57:15.668-0200][gc,heap,exit ]  Metaspace       used 14403K, capacity 14910K, committed 14976K, reserved 1062912K
[2020-03-11T17:57:15.668-0200][gc,heap,exit ]   class space    used 1482K, capacity 1615K, committed 1664K, reserved 1048576K
