[2020-03-07T17:56:51.832-0200][gc,heap] Heap region size: 1M
[2020-03-07T17:56:51.848-0200][gc     ] Using G1
[2020-03-07T17:56:51.848-0200][gc,heap,coops] Heap address: 0x00000007a0000000, size: 512 MB, Compressed Oops mode: Zero based, Oop shift amount: 3
[2020-03-07T17:56:57.175-0200][gc,start     ] GC(0) Pause Young (G1 Evacuation Pause)
[2020-03-07T17:56:57.176-0200][gc,task      ] GC(0) Using 4 workers of 4 for evacuation
[2020-03-07T17:56:57.209-0200][gc,mmu       ] GC(0) MMU target violated: 21.0ms (20.0ms/21.0ms)
[2020-03-07T17:56:57.209-0200][gc,phases    ] GC(0)   Pre Evacuate Collection Set: 0.3ms
[2020-03-07T17:56:57.209-0200][gc,phases    ] GC(0)   Evacuate Collection Set: 28.8ms
[2020-03-07T17:56:57.209-0200][gc,phases    ] GC(0)   Post Evacuate Collection Set: 3.8ms
[2020-03-07T17:56:57.209-0200][gc,phases    ] GC(0)   Other: 1.4ms
[2020-03-07T17:56:57.209-0200][gc,heap      ] GC(0) Eden regions: 25->0(21)
[2020-03-07T17:56:57.209-0200][gc,heap      ] GC(0) Survivor regions: 0->4(4)
[2020-03-07T17:56:57.209-0200][gc,heap      ] GC(0) Old regions: 0->3
[2020-03-07T17:56:57.209-0200][gc,heap      ] GC(0) Humongous regions: 1->1
[2020-03-07T17:56:57.209-0200][gc,metaspace ] GC(0) Metaspace: 14158K->14158K(1062912K)
[2020-03-07T17:56:57.210-0200][gc           ] GC(0) Pause Young (G1 Evacuation Pause) 26M->7M(512M) 34.172ms
[2020-03-07T17:56:57.210-0200][gc,cpu       ] GC(0) User=0.04s Sys=0.01s Real=0.04s
[2020-03-07T18:20:14.187-0200][gc,heap,exit ] Heap
[2020-03-07T18:20:14.187-0200][gc,heap,exit ]  garbage-first heap   total 524288K, used 11918K [0x00000007a0000000, 0x00000007a0101000, 0x00000007c0000000)
[2020-03-07T18:20:14.187-0200][gc,heap,exit ]   region size 1024K, 9 young (9216K), 4 survivors (4096K)
[2020-03-07T18:20:14.187-0200][gc,heap,exit ]  Metaspace       used 14710K, capacity 15242K, committed 15488K, reserved 1062912K
[2020-03-07T18:20:14.187-0200][gc,heap,exit ]   class space    used 1488K, capacity 1615K, committed 1664K, reserved 1048576K
