[2020-03-11T17:50:17.157-0200][gc,heap] Heap region size: 1M
[2020-03-11T17:50:17.165-0200][gc     ] Using G1
[2020-03-11T17:50:17.165-0200][gc,heap,coops] Heap address: 0x00000007a0000000, size: 512 MB, Compressed Oops mode: Zero based, Oop shift amount: 3
[2020-03-11T17:50:21.005-0200][gc,start     ] GC(0) Pause Young (G1 Evacuation Pause)
[2020-03-11T17:50:21.005-0200][gc,task      ] GC(0) Using 4 workers of 4 for evacuation
[2020-03-11T17:50:21.047-0200][gc,mmu       ] GC(0) MMU target violated: 21.0ms (20.0ms/21.0ms)
[2020-03-11T17:50:21.048-0200][gc,phases    ] GC(0)   Pre Evacuate Collection Set: 0.2ms
[2020-03-11T17:50:21.048-0200][gc,phases    ] GC(0)   Evacuate Collection Set: 37.8ms
[2020-03-11T17:50:21.048-0200][gc,phases    ] GC(0)   Post Evacuate Collection Set: 4.4ms
[2020-03-11T17:50:21.048-0200][gc,phases    ] GC(0)   Other: 0.4ms
[2020-03-11T17:50:21.048-0200][gc,heap      ] GC(0) Eden regions: 25->0(21)
[2020-03-11T17:50:21.048-0200][gc,heap      ] GC(0) Survivor regions: 0->4(4)
[2020-03-11T17:50:21.048-0200][gc,heap      ] GC(0) Old regions: 0->3
[2020-03-11T17:50:21.048-0200][gc,heap      ] GC(0) Humongous regions: 1->1
[2020-03-11T17:50:21.048-0200][gc,metaspace ] GC(0) Metaspace: 14259K->14259K(1062912K)
[2020-03-11T17:50:21.048-0200][gc           ] GC(0) Pause Young (G1 Evacuation Pause) 26M->7M(512M) 43.046ms
[2020-03-11T17:50:21.048-0200][gc,cpu       ] GC(0) User=0.03s Sys=0.02s Real=0.04s
[2020-03-11T17:50:47.062-0200][gc,heap,exit ] Heap
[2020-03-11T17:50:47.062-0200][gc,heap,exit ]  garbage-first heap   total 524288K, used 8857K [0x00000007a0000000, 0x00000007a0101000, 0x00000007c0000000)
[2020-03-11T17:50:47.062-0200][gc,heap,exit ]   region size 1024K, 6 young (6144K), 4 survivors (4096K)
[2020-03-11T17:50:47.062-0200][gc,heap,exit ]  Metaspace       used 14428K, capacity 14922K, committed 14976K, reserved 1062912K
[2020-03-11T17:50:47.062-0200][gc,heap,exit ]   class space    used 1482K, capacity 1615K, committed 1664K, reserved 1048576K
