[2020-03-11T17:55:21.793-0200][gc,heap] Heap region size: 1M
[2020-03-11T17:55:21.801-0200][gc     ] Using G1
[2020-03-11T17:55:21.801-0200][gc,heap,coops] Heap address: 0x00000007a0000000, size: 512 MB, Compressed Oops mode: Zero based, Oop shift amount: 3
[2020-03-11T17:55:26.497-0200][gc,start     ] GC(0) Pause Young (G1 Evacuation Pause)
[2020-03-11T17:55:26.497-0200][gc,task      ] GC(0) Using 4 workers of 4 for evacuation
[2020-03-11T17:55:26.516-0200][gc,phases    ] GC(0)   Pre Evacuate Collection Set: 0.3ms
[2020-03-11T17:55:26.516-0200][gc,phases    ] GC(0)   Evacuate Collection Set: 16.3ms
[2020-03-11T17:55:26.516-0200][gc,phases    ] GC(0)   Post Evacuate Collection Set: 1.9ms
[2020-03-11T17:55:26.516-0200][gc,phases    ] GC(0)   Other: 0.4ms
[2020-03-11T17:55:26.516-0200][gc,heap      ] GC(0) Eden regions: 25->0(21)
[2020-03-11T17:55:26.516-0200][gc,heap      ] GC(0) Survivor regions: 0->4(4)
[2020-03-11T17:55:26.516-0200][gc,heap      ] GC(0) Old regions: 0->3
[2020-03-11T17:55:26.516-0200][gc,heap      ] GC(0) Humongous regions: 1->1
[2020-03-11T17:55:26.516-0200][gc,metaspace ] GC(0) Metaspace: 14244K->14244K(1062912K)
[2020-03-11T17:55:26.516-0200][gc           ] GC(0) Pause Young (G1 Evacuation Pause) 26M->7M(512M) 19.077ms
[2020-03-11T17:55:26.516-0200][gc,cpu       ] GC(0) User=0.03s Sys=0.02s Real=0.02s
[2020-03-11T17:55:39.742-0200][gc,heap,exit ] Heap
[2020-03-11T17:55:39.742-0200][gc,heap,exit ]  garbage-first heap   total 524288K, used 8862K [0x00000007a0000000, 0x00000007a0101000, 0x00000007c0000000)
[2020-03-11T17:55:39.742-0200][gc,heap,exit ]   region size 1024K, 6 young (6144K), 4 survivors (4096K)
[2020-03-11T17:55:39.742-0200][gc,heap,exit ]  Metaspace       used 14394K, capacity 14922K, committed 14976K, reserved 1062912K
[2020-03-11T17:55:39.742-0200][gc,heap,exit ]   class space    used 1484K, capacity 1615K, committed 1664K, reserved 1048576K
